<html>
<body>
<pre>
<h1>µVision Build Log</h1>
<h2>Tool Versions:</h2>
IDE-Version: ¦ÌVision V5.25.2.0
Copyright (C) 2018 ARM Ltd and ARM Germany GmbH. All rights reserved.
License Information: conan marcus, lkfjlaj, LIC=UB463-ALS04-16EQV-P8GQE-7GG93-DF7M1
 
Tool Versions:
Toolchain:       MDK-ARM Professional  Version: 5.25.2.0
Toolchain Path:  E:\Keil_v525\ARM\ARMCC\Bin
C Compiler:      Armcc.exe V5.06 update 6 (build 750)
Assembler:       Armasm.exe V5.06 update 6 (build 750)
Linker/Locator:  ArmLink.exe V5.06 update 6 (build 750)
Library Manager: ArmAr.exe V5.06 update 6 (build 750)
Hex Converter:   FromElf.exe V5.06 update 6 (build 750)
CPU DLL:         SARMCM3.DLL V5.25.2.0
Dialog DLL:      DARMSTM.DLL V1.68.0.0
Target DLL:      STLink\ST-LINKIII-KEIL_SWO.dll V3.0.1.0
Dialog DLL:      TARMSTM.DLL V1.66.0.0
 
<h2>Project:</h2>
C:\Users\Conor\OneDrive - The University of Melbourne\git\stm32_keil4\testv5.uvprojx
Project File Date:  09/07/2018

<h2>Output:</h2>
*** Using Compiler 'V5.06 update 6 (build 750)', folder: 'E:\Keil_v525\ARM\ARMCC\Bin'
Build target 'Target 1'
compiling main.c...
.\Resp\AngLocDes.h(16): warning:  #550-D: variable "index_mid"  was set but never used
  	int index_max, index_mid, index_min;
.\Resp\arm_fft_bin_example\Include\core_cm7.h(71): warning:  #47-D: incompatible redefinition of macro "__CORTEX_M"  (declared at line 71 of ".\Resp\arm_fft_bin_example\Include\core_cm3.h")
  #define __CORTEX_M                (7U)                                       /*!< Cortex-M Core */
.\Resp\arm_fft_bin_example\Include\arm_math.h(4870): warning:  #223-D: function "__SMUAD" declared implicitly
      acc = (q31_t) __SMUAD((uint32_t)S->A0, (uint32_t)in);
.\Resp\arm_fft_bin_example\Include\arm_math.h(5013): warning:  #223-D: function "__QADD" declared implicitly
      *pIbeta = __QADD(product1, product2);
.\Resp\arm_fft_bin_example\Include\arm_math.h(5110): warning:  #223-D: function "__QSUB" declared implicitly
      *pIb = __QSUB(product2, product1);
.\Resp\arm_fft_bin_example\Include\arm_math.h(5231): warning:  #223-D: function "__QADD" declared implicitly
      *pId = __QADD(product1, product2);
.\Resp\arm_fft_bin_example\Include\arm_math.h(5234): warning:  #223-D: function "__QSUB" declared implicitly
      *pIq = __QSUB(product4, product3);
.\Resp\arm_fft_bin_example\Include\arm_math.h(5344): warning:  #223-D: function "__QSUB" declared implicitly
      *pIalpha = __QSUB(product1, product2);
.\Resp\arm_fft_bin_example\Include\arm_math.h(5347): warning:  #223-D: function "__QADD" declared implicitly
      *pIbeta = __QADD(product4, product3);
.\Resp\arm_fft_bin_example_f32.h(126): warning:  #550-D: variable "status"  was set but never used
    arm_status status;
.\Resp\arm_fft_bin_example_f32.h(127): warning:  #177-D: variable "maxValue"  was declared but never referenced
    float32_t maxValue;
main.c(21): warning:  #550-D: variable "tbuf"  was set but never used
  	u8 tbuf[12]; 
main.c: 13 warnings, 0 errors
linking...
Program Size: Code=25900 RO-data=4032 RW-data=396 ZI-data=13196  
FromELF: creating hex file...
".\Objects\testv5.axf" - 0 Error(s), 12 Warning(s).

<h2>Software Packages used:</h2>

Package Vendor: ARM
                http://www.keil.com/pack/ARM.CMSIS.5.3.0.pack
                ARM.CMSIS.5.3.0
                CMSIS (Cortex Microcontroller Software Interface Standard)
   * Component: CORE Version: 5.1.1
   * Component: DSP Version: 1.5.2

Package Vendor: Keil
                http://www.keil.com/pack/Keil.ARM_Compiler.1.4.0.pack
                Keil.ARM_Compiler.1.4.0
                Keil ARM Compiler extensions for ARM Compiler 5 and ARM Compiler 6
   * Component: STDIN Variant: Breakpoint Version: 1.4.0
   * Component: STDOUT Variant: Breakpoint Version: 1.4.0

Package Vendor: Keil
                http://www.keil.com/pack/Keil.STM32F1xx_DFP.2.2.0.pack
                Keil.STM32F1xx_DFP.2.2.0
                STMicroelectronics STM32F1 Series Device Support, Drivers and Examples

<h2>Collection of Component include folders:</h2>
  .\RTE\_Target_1
  E:\Keil_v525\ARM\PACK\ARM\CMSIS\5.3.0\CMSIS\Include
  E:\Keil_v525\ARM\PACK\Keil\STM32F1xx_DFP\2.2.0\Device\Include

<h2>Collection of Component Files used:</h2>

   * Component: ARM::CMSIS:CORE:5.1.1

   * Component: ARM::CMSIS:DSP:1.5.2
      Include file:  CMSIS\Include\arm_math.h
      Library file:  CMSIS\Lib\ARM\arm_cortexM3l_math.lib

   * Component: Keil.ARM Compiler::Compiler:I/O:STDIN:Breakpoint:1.4.0
      Source file:   Source\retarget_io.c

   * Component: Keil.ARM Compiler::Compiler:I/O:STDOUT:Breakpoint:1.4.0
      Source file:   Source\retarget_io.c
Build Time Elapsed:  00:00:02
</pre>
</body>
</html>
