Component: ARM Compiler 5.06 update 6 (build 750) Tool: armlink [4d35ed]

==============================================================================

Section Cross References

    main.o(i.AngLocDes) refers to drleqf.o(x$fpl$drleqf) for __aeabi_cdrcmple
    main.o(i.EXTI0_IRQHandler) refers to delay.o(i.delay_ms) for delay_ms
    main.o(i.GetBreathFreq) refers to fleqf.o(x$fpl$fleqf) for __aeabi_cfcmple
    main.o(i.GetBreathFreq) refers to frleqf.o(x$fpl$frleqf) for __aeabi_cfrcmple
    main.o(i.GetBreathFreq) refers to f2d.o(x$fpl$f2d) for __aeabi_f2d
    main.o(i.GetBreathFreq) refers to dmul.o(x$fpl$dmul) for __aeabi_dmul
    main.o(i.GetBreathFreq) refers to daddsub_clz.o(x$fpl$dadd) for __aeabi_dadd
    main.o(i.GetBreathFreq) refers to d2f.o(x$fpl$d2f) for __aeabi_d2f
    main.o(i.GetVariane) refers to f2d.o(x$fpl$f2d) for __aeabi_f2d
    main.o(i.GetVariane) refers to daddsub_clz.o(x$fpl$dadd) for __aeabi_dadd
    main.o(i.GetVariane) refers to dflt_clz.o(x$fpl$dflt) for __aeabi_i2d
    main.o(i.GetVariane) refers to ddiv.o(x$fpl$ddiv) for __aeabi_ddiv
    main.o(i.GetVariane) refers to daddsub_clz.o(x$fpl$dsub) for __aeabi_dsub
    main.o(i.GetVariane) refers to dmul.o(x$fpl$dmul) for __aeabi_dmul
    main.o(i.arm_fft) refers to arm_cfft_f32.o(.text) for arm_cfft_f32
    main.o(i.arm_fft) refers to arm_cmplx_mag_f32.o(.text) for arm_cmplx_mag_f32
    main.o(i.arm_fft) refers to main.o(.data) for doBitReverse
    main.o(i.arm_fft) refers to arm_const_structs.o(.constdata) for arm_cfft_sR_f32_len1024
    main.o(i.detrend) refers to dflt_clz.o(x$fpl$dflt) for __aeabi_i2d
    main.o(i.detrend) refers to daddsub_clz.o(x$fpl$dadd) for __aeabi_dadd
    main.o(i.detrend) refers to f2d.o(x$fpl$f2d) for __aeabi_f2d
    main.o(i.detrend) refers to fflt_clz.o(x$fpl$fflt) for __aeabi_i2f
    main.o(i.detrend) refers to fmul.o(x$fpl$fmul) for __aeabi_fmul
    main.o(i.detrend) refers to dmul.o(x$fpl$dmul) for __aeabi_dmul
    main.o(i.detrend) refers to daddsub_clz.o(x$fpl$dsub) for __aeabi_dsub
    main.o(i.detrend) refers to ddiv.o(x$fpl$ddiv) for __aeabi_ddiv
    main.o(i.detrend) refers to daddsub_clz.o(x$fpl$drsb) for __aeabi_drsub
    main.o(i.detrend) refers to d2f.o(x$fpl$d2f) for __aeabi_d2f
    main.o(i.detrend) refers to faddsub_clz.o(x$fpl$frsb) for __aeabi_frsub
    main.o(i.fun_index2hz) refers to fflt_clz.o(x$fpl$fflt) for __aeabi_i2f
    main.o(i.fun_index2hz) refers to faddsub_clz.o(x$fpl$fsub) for __aeabi_fsub
    main.o(i.fun_index2hz) refers to fdiv.o(x$fpl$fdiv) for __aeabi_fdiv
    main.o(i.fun_index2hz) refers to fmul.o(x$fpl$fmul) for __aeabi_fmul
    main.o(i.fun_index2hz) refers to faddsub_clz.o(x$fpl$fadd) for __aeabi_fadd
    main.o(i.fun_index2hz) refers to f2d.o(x$fpl$f2d) for __aeabi_f2d
    main.o(i.fun_index2hz) refers to dmul.o(x$fpl$dmul) for __aeabi_dmul
    main.o(i.fun_index2hz) refers to d2f.o(x$fpl$d2f) for __aeabi_d2f
    main.o(i.fun_lpf) refers to arm_fir_init_f32.o(.text) for arm_fir_init_f32
    main.o(i.fun_lpf) refers to arm_fir_f32.o(.text) for arm_fir_f32
    main.o(i.fun_lpf) refers to main.o(.bss) for firStateF32
    main.o(i.fun_lpf) refers to main.o(.constdata) for firCoeffs32
    main.o(i.fun_map) refers to fflt_clz.o(x$fpl$fflt) for __aeabi_i2f
    main.o(i.fun_map) refers to fdiv.o(x$fpl$fdiv) for __aeabi_fdiv
    main.o(i.fun_map) refers to fmul.o(x$fpl$fmul) for __aeabi_fmul
    main.o(i.fun_map) refers to ffix.o(x$fpl$ffix) for __aeabi_f2iz
    main.o(i.main) refers to sys.o(i.Stm32_Clock_Init) for Stm32_Clock_Init
    main.o(i.main) refers to delay.o(i.delay_init) for delay_init
    main.o(i.main) refers to led.o(i.LED_Init) for LED_Init
    main.o(i.main) refers to mpu6050.o(i.MPU_Init) for MPU_Init
    main.o(i.main) refers to inv_mpu.o(i.mpu_dmp_init) for mpu_dmp_init
    main.o(i.main) refers to main.o(i.mpu_read) for mpu_read
    main.o(i.main) refers to usmart_config.o(.data) for usmart_dev
    main.o(i.main) refers to main.o(.bss) for indata
    main.o(i.main) refers to main.o(.data) for k
    main.o(i.mpu_read) refers to inv_mpu.o(i.mpu_dmp_get_data) for mpu_dmp_get_data
    main.o(i.mpu_read) refers to main.o(.data) for yaw
    main.o(i.resp_rate_cal) refers to rt_memclr_w.o(.text) for __aeabi_memclr4
    main.o(i.resp_rate_cal) refers to main.o(i.GetVariane) for GetVariane
    main.o(i.resp_rate_cal) refers to main.o(i.AngLocDes) for AngLocDes
    main.o(i.resp_rate_cal) refers to main.o(i.fun_lpf) for fun_lpf
    main.o(i.resp_rate_cal) refers to main.o(i.detrend) for detrend
    main.o(i.resp_rate_cal) refers to main.o(i.arm_fft) for arm_fft
    main.o(i.resp_rate_cal) refers to main.o(i.fun_map) for fun_map
    main.o(i.resp_rate_cal) refers to main.o(i.sortindex) for sortindex
    main.o(i.resp_rate_cal) refers to main.o(i.fun_index2hz) for fun_index2hz
    main.o(i.resp_rate_cal) refers to main.o(i.GetBreathFreq) for GetBreathFreq
    main.o(i.resp_rate_cal) refers to main.o(.bss) for cell_1024
[...]
    i.delay_init                             0x08001a74   Section        0  delay.o(i.delay_init)
    i.delay_ms                               0x08001ab4   Section        0  delay.o(i.delay_ms)
    i.delay_us                               0x08001af0   Section        0  delay.o(i.delay_us)
    i.dmp_enable_6x_lp_quat                  0x08001b2c   Section        0  inv_mpu_dmp_motion_driver.o(i.dmp_enable_6x_lp_quat)
    i.dmp_enable_feature                     0x08001b68   Section        0  inv_mpu_dmp_motion_driver.o(i.dmp_enable_feature)
    i.dmp_enable_gyro_cal                    0x08001d84   Section        0  inv_mpu_dmp_motion_driver.o(i.dmp_enable_gyro_cal)
    i.dmp_enable_lp_quat                     0x08001ddc   Section        0  inv_mpu_dmp_motion_driver.o(i.dmp_enable_lp_quat)
    i.dmp_load_motion_driver_firmware        0x08001e18   Section        0  inv_mpu_dmp_motion_driver.o(i.dmp_load_motion_driver_firmware)
    i.dmp_read_fifo                          0x08001e30   Section        0  inv_mpu_dmp_motion_driver.o(i.dmp_read_fifo)
    i.dmp_set_accel_bias                     0x08001ffc   Section        0  inv_mpu_dmp_motion_driver.o(i.dmp_set_accel_bias)
    i.dmp_set_fifo_rate                      0x0800212c   Section        0  inv_mpu_dmp_motion_driver.o(i.dmp_set_fifo_rate)
    i.dmp_set_gyro_bias                      0x0800219c   Section        0  inv_mpu_dmp_motion_driver.o(i.dmp_set_gyro_bias)
    i.dmp_set_orientation                    0x080022cc   Section        0  inv_mpu_dmp_motion_driver.o(i.dmp_set_orientation)
    i.dmp_set_shake_reject_thresh            0x08002404   Section        0  inv_mpu_dmp_motion_driver.o(i.dmp_set_shake_reject_thresh)
    i.dmp_set_shake_reject_time              0x0800243c   Section        0  inv_mpu_dmp_motion_driver.o(i.dmp_set_shake_reject_time)
    i.dmp_set_shake_reject_timeout           0x08002462   Section        0  inv_mpu_dmp_motion_driver.o(i.dmp_set_shake_reject_timeout)
    i.dmp_set_tap_axes                       0x08002488   Section        0  inv_mpu_dmp_motion_driver.o(i.dmp_set_tap_axes)
    i.dmp_set_tap_count                      0x080024ce   Section        0  inv_mpu_dmp_motion_driver.o(i.dmp_set_tap_count)
    i.dmp_set_tap_thresh                     0x080024f4   Section        0  inv_mpu_dmp_motion_driver.o(i.dmp_set_tap_thresh)
    i.dmp_set_tap_time                       0x08002694   Section        0  inv_mpu_dmp_motion_driver.o(i.dmp_set_tap_time)
    i.dmp_set_tap_time_multi                 0x080026ba   Section        0  inv_mpu_dmp_motion_driver.o(i.dmp_set_tap_time_multi)
    i.fputc                                  0x080026e0   Section        0  usart.o(i.fputc)
    i.get_accel_prod_shift                   0x080026fc   Section        0  inv_mpu.o(i.get_accel_prod_shift)
    get_accel_prod_shift                     0x080026fd   Thumb Code   168  inv_mpu.o(i.get_accel_prod_shift)
    i.get_st_biases                          0x080027b0   Section        0  inv_mpu.o(i.get_st_biases)
    get_st_biases                            0x080027b1   Thumb Code  1132  inv_mpu.o(i.get_st_biases)
    i.gyro_self_test                         0x08002c20   Section        0  inv_mpu.o(i.gyro_self_test)
    gyro_self_test                           0x08002c21   Thumb Code   262  inv_mpu.o(i.gyro_self_test)
    i.inv_orientation_matrix_to_scalar       0x08002d38   Section        0  inv_mpu.o(i.inv_orientation_matrix_to_scalar)
    i.inv_row_2_scale                        0x08002d60   Section        0  inv_mpu.o(i.inv_row_2_scale)
    i.main                                   0x08002db0   Section        0  main.o(i.main)
    i.mget_ms                                0x08002e20   Section        0  inv_mpu.o(i.mget_ms)
    i.mpu_configure_fifo                     0x08002e24   Section        0  inv_mpu.o(i.mpu_configure_fifo)
    i.mpu_dmp_get_data                       0x08002e94   Section        0  inv_mpu.o(i.mpu_dmp_get_data)
    i.mpu_dmp_init                           0x080030b8   Section        0  inv_mpu.o(i.mpu_dmp_init)
    i.mpu_get_accel_fsr                      0x08003158   Section        0  inv_mpu.o(i.mpu_get_accel_fsr)
    i.mpu_get_accel_sens                     0x080031a4   Section        0  inv_mpu.o(i.mpu_get_accel_sens)
    i.mpu_get_fifo_config                    0x080031f8   Section        0  inv_mpu.o(i.mpu_get_fifo_config)
    i.mpu_get_gyro_fsr                       0x08003208   Section        0  inv_mpu.o(i.mpu_get_gyro_fsr)
    i.mpu_get_gyro_sens                      0x0800324c   Section        0  inv_mpu.o(i.mpu_get_gyro_sens)
    i.mpu_get_lpf                            0x0800329c   Section        0  inv_mpu.o(i.mpu_get_lpf)
    i.mpu_get_sample_rate                    0x080032ec   Section        0  inv_mpu.o(i.mpu_get_sample_rate)
    i.mpu_init                               0x0800330c   Section        0  inv_mpu.o(i.mpu_init)
    i.mpu_load_firmware                      0x080034fc   Section        0  inv_mpu.o(i.mpu_load_firmware)
    i.mpu_lp_accel_mode                      0x080035b4   Section        0  inv_mpu.o(i.mpu_lp_accel_mode)
    i.mpu_read                               0x08003694   Section        0  main.o(i.mpu_read)
    i.mpu_read_fifo_stream                   0x0800373c   Section        0  inv_mpu.o(i.mpu_read_fifo_stream)
    i.mpu_read_mem                           0x080037fc   Section        0  inv_mpu.o(i.mpu_read_mem)
    i.mpu_reset_fifo                         0x0800387c   Section        0  inv_mpu.o(i.mpu_reset_fifo)
    i.mpu_run_self_test                      0x08003a44   Section        0  inv_mpu.o(i.mpu_run_self_test)
    i.mpu_set_accel_fsr                      0x08003b60   Section        0  inv_mpu.o(i.mpu_set_accel_fsr)
    i.mpu_set_bypass                         0x08003be4   Section        0  inv_mpu.o(i.mpu_set_bypass)
    i.mpu_set_dmp_state                      0x08003d30   Section        0  inv_mpu.o(i.mpu_set_dmp_state)
    i.mpu_set_gyro_fsr                       0x08003dc0   Section        0  inv_mpu.o(i.mpu_set_gyro_fsr)
    i.mpu_set_int_latched                    0x08003e48   Section        0  inv_mpu.o(i.mpu_set_int_latched)
    i.mpu_set_lpf                            0x08003eb4   Section        0  inv_mpu.o(i.mpu_set_lpf)
    i.mpu_set_sample_rate                    0x08003f38   Section        0  inv_mpu.o(i.mpu_set_sample_rate)
    i.mpu_set_sensors                        0x08003fd4   Section        0  inv_mpu.o(i.mpu_set_sensors)
    i.mpu_write_mem                          0x080040a4   Section        0  inv_mpu.o(i.mpu_write_mem)
    i.read_addr                              0x08004124   Section        0  usmart.o(i.read_addr)
    i.run_self_test                          0x0800412a   Section        0  inv_mpu.o(i.run_self_test)
    i.set_int_enable                         0x080041c0   Section        0  inv_mpu.o(i.set_int_enable)
    set_int_enable                           0x080041c1   Thumb Code   138  inv_mpu.o(i.set_int_enable)
    i.sqrt                                   0x08004250   Section        0  sqrt.o(i.sqrt)
    i.usmart_cmd_rec                         0x0800429c   Section        0  usmart.o(i.usmart_cmd_rec)
    i.usmart_exe                             0x0800434c   Section        0  usmart.o(i.usmart_exe)
    i.usmart_get_aparm                       0x08004620   Section        0  usmart_str.o(i.usmart_get_aparm)
    i.usmart_get_cmdname                     0x080046f4   Section        0  usmart_str.o(i.usmart_get_cmdname)
    i.usmart_get_fname                       0x0800472c   Section        0  usmart_str.o(i.usmart_get_fname)
    i.usmart_get_fparam                      0x080048ec   Section        0  usmart_str.o(i.usmart_get_fparam)
    i.usmart_get_parmpos                     0x080049f8   Section        0  usmart_str.o(i.usmart_get_parmpos)
    i.usmart_get_runtime                     0x08004a18   Section        0  usmart.o(i.usmart_get_runtime)
    i.usmart_init                            0x08004a58   Section        0  usmart.o(i.usmart_init)
    i.usmart_pow                             0x08004a80   Section        0  usmart_str.o(i.usmart_pow)
    i.usmart_reset_runtime                   0x08004a98   Section        0  usmart.o(i.usmart_reset_runtime)
    i.usmart_scan                            0x08004ac8   Section        0  usmart.o(i.usmart_scan)
    i.usmart_search_nextc                    0x08004b84   Section        0  usmart_str.o(i.usmart_search_nextc)
    i.usmart_str2num                         0x08004b9a   Section        0  usmart_str.o(i.usmart_str2num)
    i.usmart_strcmp                          0x08004ca0   Section        0  usmart_str.o(i.usmart_strcmp)
    i.usmart_strcopy                         0x08004cc2   Section        0  usmart_str.o(i.usmart_strcopy)
    i.usmart_strlen                          0x08004cd8   Section        0  usmart_str.o(i.usmart_strlen)
    i.usmart_sys_cmd_exe                     0x08004cf0   Section        0  usmart.o(i.usmart_sys_cmd_exe)
    i.write_addr                             0x080053e4   Section        0  usmart.o(i.write_addr)
    x$fpl$d2f                                0x080053e8   Section       98  d2f.o(x$fpl$d2f)
    x$fpl$dadd                               0x0800544c   Section      336  daddsub_clz.o(x$fpl$dadd)
    _dadd1                                   0x0800545d   Thumb Code     0  daddsub_clz.o(x$fpl$dadd)
    x$fpl$dcheck1                            0x0800559c   Section       16  dcheck1.o(x$fpl$dcheck1)
    x$fpl$ddiv                               0x080055ac   Section      688  ddiv.o(x$fpl$ddiv)
    ddiv_entry                               0x080055b3   Thumb Code     0  ddiv.o(x$fpl$ddiv)
    x$fpl$dflt                               0x0800585c   Section       46  dflt_clz.o(x$fpl$dflt)
    x$fpl$dmul                               0x0800588c   Section      340  dmul.o(x$fpl$dmul)
    x$fpl$dnaninf                            0x080059e0   Section      156  dnaninf.o(x$fpl$dnaninf)
    x$fpl$dretinf                            0x08005a7c   Section       12  dretinf.o(x$fpl$dretinf)
    x$fpl$drsb                               0x08005a88   Section       22  daddsub_clz.o(x$fpl$drsb)
    x$fpl$dsqrt                              0x08005aa0   Section      460  dsqrt_noumaal.o(x$fpl$dsqrt)
    x$fpl$dsub                               0x08005c6c   Section      468  daddsub_clz.o(x$fpl$dsub)
    _dsub1                                   0x08005c7d   Thumb Code     0  daddsub_clz.o(x$fpl$dsub)
    x$fpl$f2d                                0x08005e40   Section       86  f2d.o(x$fpl$f2d)
    x$fpl$fadd                               0x08005e98   Section      196  faddsub_clz.o(x$fpl$fadd)
    _fadd1                                   0x08005ea7   Thumb Code     0  faddsub_clz.o(x$fpl$fadd)
    x$fpl$fcmpinf                            0x08005f5c   Section       24  fcmpi.o(x$fpl$fcmpinf)
    x$fpl$fdiv                               0x08005f74   Section      388  fdiv.o(x$fpl$fdiv)
    _fdiv1                                   0x08005f75   Thumb Code     0  fdiv.o(x$fpl$fdiv)
    x$fpl$feqf                               0x080060f8   Section      104  feqf.o(x$fpl$feqf)
    x$fpl$ffix                               0x08006160   Section       54  ffix.o(x$fpl$ffix)
    x$fpl$ffixu                              0x08006198   Section       62  ffixu.o(x$fpl$ffixu)
    x$fpl$fflt                               0x080061d8   Section       48  fflt_clz.o(x$fpl$fflt)
    x$fpl$ffltu                              0x08006208   Section       38  fflt_clz.o(x$fpl$ffltu)
    x$fpl$fleqf                              0x08006230   Section      104  fleqf.o(x$fpl$fleqf)
    x$fpl$fmul                               0x08006298   Section      258  fmul.o(x$fpl$fmul)
    x$fpl$fnaninf                            0x0800639a   Section      140  fnaninf.o(x$fpl$fnaninf)
    x$fpl$fretinf                            0x08006426   Section       10  fretinf.o(x$fpl$fretinf)
    x$fpl$frleqf                             0x08006430   Section       98  frleqf.o(x$fpl$frleqf)
    x$fpl$fsub                               0x08006494   Section      234  faddsub_clz.o(x$fpl$fsub)
    _fsub1                                   0x080064a3   Thumb Code     0  faddsub_clz.o(x$fpl$fsub)
    x$fpl$retnan                             0x0800657e   Section      100  retnan.o(x$fpl$retnan)
    x$fpl$scalbn                             0x080065e2   Section       92  scalbn.o(x$fpl$scalbn)
    x$fpl$trapveneer                         0x0800663e   Section       48  trapv.o(x$fpl$trapveneer)
    x$fpl$usenofp                            0x0800666e   Section        0  usenofp.o(x$fpl$usenofp)
    .constdata                               0x08006670   Section       80  inv_mpu.o(.constdata)
    .constdata                               0x080066c0   Section     3062  inv_mpu_dmp_motion_driver.o(.constdata)
    dmp_memory                               0x080066c0   Data        3062  inv_mpu_dmp_motion_driver.o(.constdata)
    .constdata                               0x080072b6   Section       40  _printf_hex_int.o(.constdata)
    uc_hextab                                0x080072b6   Data          20  _printf_hex_int.o(.constdata)
    lc_hextab                                0x080072ca   Data          20  _printf_hex_int.o(.constdata)
    .constdata                               0x080072de   Section       17  __printf_flags_ss_wp.o(.constdata)
    maptable                                 0x080072de   Data          17  __printf_flags_ss_wp.o(.constdata)
    .constdata                               0x080072f0   Section       80  asin.o(.constdata)
    pS                                       0x080072f0   Data          48  asin.o(.constdata)
    qS                                       0x08007320   Data          32  asin.o(.constdata)
    .constdata                               0x08007340   Section      152  atan.o(.constdata)
    atanhi                                   0x08007340   Data          32  atan.o(.constdata)
    atanlo                                   0x08007360   Data          32  atan.o(.constdata)
    aTodd                                    0x08007380   Data          40  atan.o(.constdata)
    aTeven                                   0x080073a8   Data          48  atan.o(.constdata)
    .constdata                               0x080073d8   Section        8  qnan.o(.constdata)
    .conststring                             0x080073e0   Section       77  inv_mpu.o(.conststring)
    .conststring                             0x08007430   Section       40  usmart.o(.conststring)
    .conststring                             0x08007458   Section      203  usmart_config.o(.conststring)
    .data                                    0x20000000   Section       36  main.o(.data)
    Nums_of_map                              0x2000001c   Data           4  main.o(.data)
    .data                                    0x20000024   Section       53  inv_mpu.o(.data)
    st                                       0x20000024   Data          44  inv_mpu.o(.data)
    gyro_orientation                         0x20000050   Data           9  inv_mpu.o(.data)
    .data                                    0x2000005a   Section        4  delay.o(.data)
    fac_us                                   0x2000005a   Data           1  delay.o(.data)
    fac_ms                                   0x2000005c   Data           2  delay.o(.data)
    .data                                    0x20000060   Section        6  usart.o(.data)
    .data                                    0x20000068   Section       28  usmart.o(.data)
    .data                                    0x20000084   Section      300  usmart_config.o(.data)
    .bss                                     0x200001b0   Section    12368  main.o(.bss)
    firStateF32                              0x200001b0   Data          80  main.o(.bss)
    cell_2048                                0x20000200   Data        4096  main.o(.bss)
    cell_1024                                0x20001200   Data        2048  main.o(.bss)
    .bss                                     0x20003200   Section       16  inv_mpu_dmp_motion_driver.o(.bss)
    dmp                                      0x20003200   Data          16  inv_mpu_dmp_motion_driver.o(.bss)
    .bss                                     0x20003210   Section      200  usart.o(.bss)
    .bss                                     0x200032d8   Section       96  libspace.o(.bss)
    HEAP                                     0x20003338   Section        0  stm32f10x.o(HEAP)
    STACK                                    0x20003338   Section      512  stm32f10x.o(STACK)
    Heap_Mem                                 0x20003338   Data           0  stm32f10x.o(HEAP)
    Stack_Mem                                0x20003338   Data         512  stm32f10x.o(STACK)
    __initial_sp                             0x20003538   Data           0  stm32f10x.o(STACK)

    Global Symbols

    Symbol Name                              Value     Ov Type        Size  Object(Section)

    BuildAttributes$$THM_ISAv4$P$D$K$B$S$PE$A:L22UL41UL21$X:L11$S22US41US21$IEEE1$IW$USESV6$~STKCKD$USESV7$~SHL$OTIME$ROPI$IEEEX$EBA8$UX$STANDARDLIB$REQ8$PRES8$EABIv2 0x00000000   Number         0  anon$$obj.o ABSOLUTE
    __ARM_use_no_argv                        0x00000000   Number         0  main.o ABSOLUTE
    _printf_flags                            0x00000000   Number         0  printf_stubs.o ABSOLUTE
    _printf_return_value                     0x00000000   Number         0  printf_stubs.o ABSOLUTE
    _printf_sizespec                         0x00000000   Number         0  printf_stubs.o ABSOLUTE
    _printf_widthprec                        0x00000000   Number         0  printf_stubs.o ABSOLUTE
    __ARM_exceptions_init                     - Undefined Weak Reference
    __alloca_initialize                       - Undefined Weak Reference
    __arm_preinit_                            - Undefined Weak Reference
    __cpp_initialize__aeabi_                  - Undefined Weak Reference
    __cxa_finalize                            - Undefined Weak Reference
    __rt_locale                               - Undefined Weak Reference
    __sigvec_lookup                           - Undefined Weak Reference
    _atexit_init                              - Undefined Weak Reference
    _call_atexit_fns                          - Undefined Weak Reference
    _clock_init                               - Undefined Weak Reference
    _fp_trap_init                             - Undefined Weak Reference
    _fp_trap_shutdown                         - Undefined Weak Reference
    _get_lc_collate                           - Undefined Weak Reference
    _get_lc_ctype                             - Undefined Weak Reference
    _get_lc_monetary                          - Undefined Weak Reference
    _get_lc_numeric                           - Undefined Weak Reference
    _get_lc_time                              - Undefined Weak Reference
    _getenv_init                              - Undefined Weak Reference
    _handle_redirection                       - Undefined Weak Reference
    _init_alloc                               - Undefined Weak Reference
    _init_user_alloc                          - Undefined Weak Reference
    _initio                                   - Undefined Weak Reference
    _mutex_acquire                            - Undefined Weak Reference
    _mutex_release                            - Undefined Weak Reference
    _printf_mbtowc                            - Undefined Weak Reference
    _printf_truncate_signed                   - Undefined Weak Reference
    _printf_truncate_unsigned                 - Undefined Weak Reference
    _rand_init                                - Undefined Weak Reference
    _signal_finish                            - Undefined Weak Reference
    _signal_init                              - Undefined Weak Reference
    _terminate_alloc                          - Undefined Weak Reference
    _terminate_user_alloc                     - Undefined Weak Reference
    _terminateio                              - Undefined Weak Reference
    __Vectors                                0x08000000   Data           4  stm32f10x.o(RESET)
    __main                                   0x080000ed   Thumb Code     8  __main.o(!!!main)
    __scatterload                            0x080000f5   Thumb Code     0  __scatter.o(!!!scatter)
    __scatterload_rt2                        0x080000f5   Thumb Code    44  __scatter.o(!!!scatter)
    __scatterload_rt2_thumb_only             0x080000f5   Thumb Code     0  __scatter.o(!!!scatter)
    __scatterload_null                       0x08000103   Thumb Code     0  __scatter.o(!!!scatter)
    __decompress                             0x08000129   Thumb Code    90  __dczerorl2.o(!!dczerorl2)
    __decompress1                            0x08000129   Thumb Code     0  __dczerorl2.o(!!dczerorl2)
    __scatterload_zeroinit                   0x08000185   Thumb Code    28  __scatter_zi.o(!!handler_zi)
    _printf_d                                0x080001a1   Thumb Code     0  _printf_d.o(.ARM.Collect$$_printf_percent$$00000009)
    _printf_percent                          0x080001a1   Thumb Code     0  _printf_percent.o(.ARM.Collect$$_printf_percent$$00000000)
    _printf_u                                0x080001a7   Thumb Code     0  _printf_u.o(.ARM.Collect$$_printf_percent$$0000000A)
    _printf_x                                0x080001ad   Thumb Code     0  _printf_x.o(.ARM.Collect$$_printf_percent$$0000000C)
    _printf_c                                0x080001b3   Thumb Code     0  _printf_c.o(.ARM.Collect$$_printf_percent$$00000013)
    _printf_s                                0x080001b9   Thumb Code     0  _printf_s.o(.ARM.Collect$$_printf_percent$$00000014)
    _printf_percent_end                      0x080001bf   Thumb Code     0  _printf_percent_end.o(.ARM.Collect$$_printf_percent$$00000017)
    __rt_lib_init                            0x080001c3   Thumb Code     0  libinit.o(.ARM.Collect$$libinit$$00000000)
    __rt_lib_init_alloca_1                   0x080001c5   Thumb Code     0  libinit2.o(.ARM.Collect$$libinit$$0000002E)
    __rt_lib_init_argv_1                     0x080001c5   Thumb Code     0  libinit2.o(.ARM.Collect$$libinit$$0000002C)
    __rt_lib_init_atexit_1                   0x080001c5   Thumb Code     0  libinit2.o(.ARM.Collect$$libinit$$0000001B)
    __rt_lib_init_clock_1                    0x080001c5   Thumb Code     0  libinit2.o(.ARM.Collect$$libinit$$00000021)
    __rt_lib_init_cpp_1                      0x080001c5   Thumb Code     0  libinit2.o(.ARM.Collect$$libinit$$00000032)
    __rt_lib_init_exceptions_1               0x080001c5   Thumb Code     0  libinit2.o(.ARM.Collect$$libinit$$00000030)
    __rt_lib_init_fp_1                       0x080001c5   Thumb Code     0  libinit2.o(.ARM.Collect$$libinit$$00000002)
    __rt_lib_init_fp_trap_1                  0x080001c5   Thumb Code     0  libinit2.o(.ARM.Collect$$libinit$$0000001F)
    __rt_lib_init_getenv_1                   0x080001c5   Thumb Code     0  libinit2.o(.ARM.Collect$$libinit$$00000023)
    __rt_lib_init_heap_1                     0x080001c5   Thumb Code     0  libinit2.o(.ARM.Collect$$libinit$$0000000A)
    __rt_lib_init_lc_collate_1               0x080001c5   Thumb Code     0  libinit2.o(.ARM.Collect$$libinit$$00000011)
    __rt_lib_init_lc_ctype_1                 0x080001c5   Thumb Code     0  libinit2.o(.ARM.Collect$$libinit$$00000013)
    __rt_lib_init_lc_monetary_1              0x080001c5   Thumb Code     0  libinit2.o(.ARM.Collect$$libinit$$00000015)
    __rt_lib_init_lc_numeric_1               0x080001c5   Thumb Code     0  libinit2.o(.ARM.Collect$$libinit$$00000017)
    __rt_lib_init_lc_time_1                  0x080001c5   Thumb Code     0  libinit2.o(.ARM.Collect$$libinit$$00000019)
    __rt_lib_init_preinit_1                  0x080001c5   Thumb Code     0  libinit2.o(.ARM.Collect$$libinit$$00000004)
    __rt_lib_init_rand_1                     0x080001c5   Thumb Code     0  libinit2.o(.ARM.Collect$$libinit$$0000000E)
    __rt_lib_init_return                     0x080001c5   Thumb Code     0  libinit2.o(.ARM.Collect$$libinit$$00000033)
    __rt_lib_init_signal_1                   0x080001c5   Thumb Code     0  libinit2.o(.ARM.Collect$$libinit$$0000001D)
    __rt_lib_init_stdio_1                    0x080001c5   Thumb Code     0  libinit2.o(.ARM.Collect$$libinit$$00000025)
    __rt_lib_init_user_alloc_1               0x080001c5   Thumb Code     0  libinit2.o(.ARM.Collect$$libinit$$0000000C)
    __rt_lib_shutdown                        0x080001c7   Thumb Code     0  libshutdown.o(.ARM.Collect$$libshutdown$$00000000)
    __rt_lib_shutdown_cpp_1                  0x080001c9   Thumb Code     0  libshutdown2.o(.ARM.Collect$$libshutdown$$00000002)
    __rt_lib_shutdown_fp_trap_1              0x080001c9   Thumb Code     0  libshutdown2.o(.ARM.Collect$$libshutdown$$00000007)
    __rt_lib_shutdown_heap_1                 0x080001c9   Thumb Code     0  libshutdown2.o(.ARM.Collect$$libshutdown$$0000000F)
    __rt_lib_shutdown_return                 0x080001c9   Thumb Code     0  libshutdown2.o(.ARM.Collect$$libshutdown$$00000010)
    __rt_lib_shutdown_signal_1               0x080001c9   Thumb Code     0  libshutdown2.o(.ARM.Collect$$libshutdown$$0000000A)
    __rt_lib_shutdown_stdio_1                0x080001c9   Thumb Code     0  libshutdown2.o(.ARM.Collect$$libshutdown$$00000004)
    __rt_lib_shutdown_user_alloc_1           0x080001c9   Thumb Code     0  libshutdown2.o(.ARM.Collect$$libshutdown$$0000000C)
    __rt_entry                               0x080001cb   Thumb Code     0  __rtentry.o(.ARM.Collect$$rtentry$$00000000)
    __rt_entry_presh_1                       0x080001cb   Thumb Code     0  __rtentry2.o(.ARM.Collect$$rtentry$$00000002)
    __rt_entry_sh                            0x080001cb   Thumb Code     0  __rtentry4.o(.ARM.Collect$$rtentry$$00000004)
    __rt_entry_li                            0x080001d1   Thumb Code     0  __rtentry2.o(.ARM.Collect$$rtentry$$0000000A)
    __rt_entry_postsh_1                      0x080001d1   Thumb Code     0  __rtentry2.o(.ARM.Collect$$rtentry$$00000009)
    __rt_entry_main                          0x080001d5   Thumb Code     0  __rtentry2.o(.ARM.Collect$$rtentry$$0000000D)
    __rt_entry_postli_1                      0x080001d5   Thumb Code     0  __rtentry2.o(.ARM.Collect$$rtentry$$0000000C)
    __rt_exit                                0x080001dd   Thumb Code     0  rtexit.o(.ARM.Collect$$rtexit$$00000000)
    __rt_exit_ls                             0x080001df   Thumb Code     0  rtexit2.o(.ARM.Collect$$rtexit$$00000003)
    __rt_exit_prels_1                        0x080001df   Thumb Code     0  rtexit2.o(.ARM.Collect$$rtexit$$00000002)
    __rt_exit_exit                           0x080001e3   Thumb Code     0  rtexit2.o(.ARM.Collect$$rtexit$$00000004)
    Reset_Handler                            0x080001e9   Thumb Code     4  stm32f10x.o(.text)
    NMI_Handler                              0x080001ed   Thumb Code     2  stm32f10x.o(.text)
    HardFault_Handler                        0x080001ef   Thumb Code     2  stm32f10x.o(.text)
    MemManage_Handler                        0x080001f1   Thumb Code     2  stm32f10x.o(.text)
    BusFault_Handler                         0x080001f3   Thumb Code     2  stm32f10x.o(.text)
    UsageFault_Handler                       0x080001f5   Thumb Code     2  stm32f10x.o(.text)
    SVC_Handler                              0x080001f7   Thumb Code     2  stm32f10x.o(.text)
    DebugMon_Handler                         0x080001f9   Thumb Code     2  stm32f10x.o(.text)
    PendSV_Handler                           0x080001fb   Thumb Code     2  stm32f10x.o(.text)
    SysTick_Handler                          0x080001fd   Thumb Code     2  stm32f10x.o(.text)
    ADC_IRQHandler                           0x080001ff   Thumb Code     0  stm32f10x.o(.text)
    CAN_RX1_IRQHandler                       0x080001ff   Thumb Code     0  stm32f10x.o(.text)
    CAN_SCE_IRQHandler                       0x080001ff   Thumb Code     0  stm32f10x.o(.text)
    DMAChannel1_IRQHandler                   0x080001ff   Thumb Code     0  stm32f10x.o(.text)
    DMAChannel2_IRQHandler                   0x080001ff   Thumb Code     0  stm32f10x.o(.text)
    DMAChannel3_IRQHandler                   0x080001ff   Thumb Code     0  stm32f10x.o(.text)
    DMAChannel4_IRQHandler                   0x080001ff   Thumb Code     0  stm32f10x.o(.text)
    DMAChannel5_IRQHandler                   0x080001ff   Thumb Code     0  stm32f10x.o(.text)
    DMAChannel6_IRQHandler                   0x080001ff   Thumb Code     0  stm32f10x.o(.text)
    DMAChannel7_IRQHandler                   0x080001ff   Thumb Code     0  stm32f10x.o(.text)
    EXTI15_10_IRQHandler                     0x080001ff   Thumb Code     0  stm32f10x.o(.text)
    EXTI1_IRQHandler                         0x080001ff   Thumb Code     0  stm32f10x.o(.text)
    EXTI2_IRQHandler                         0x080001ff   Thumb Code     0  stm32f10x.o(.text)
    EXTI3_IRQHandler                         0x080001ff   Thumb Code     0  stm32f10x.o(.text)
    EXTI4_IRQHandler                         0x080001ff   Thumb Code     0  stm32f10x.o(.text)
    EXTI9_5_IRQHandler                       0x080001ff   Thumb Code     0  stm32f10x.o(.text)
    FLASH_IRQHandler                         0x080001ff   Thumb Code     0  stm32f10x.o(.text)
    I2C1_ER_IRQHandler                       0x080001ff   Thumb Code     0  stm32f10x.o(.text)
    I2C1_EV_IRQHandler                       0x080001ff   Thumb Code     0  stm32f10x.o(.text)
    I2C2_ER_IRQHandler                       0x080001ff   Thumb Code     0  stm32f10x.o(.text)
    I2C2_EV_IRQHandler                       0x080001ff   Thumb Code     0  stm32f10x.o(.text)
    PVD_IRQHandler                           0x080001ff   Thumb Code     0  stm32f10x.o(.text)
    RCC_IRQHandler                           0x080001ff   Thumb Code     0  stm32f10x.o(.text)
    RTCAlarm_IRQHandler                      0x080001ff   Thumb Code     0  stm32f10x.o(.text)
    RTC_IRQHandler                           0x080001ff   Thumb Code     0  stm32f10x.o(.text)
    SPI1_IRQHandler                          0x080001ff   Thumb Code     0  stm32f10x.o(.text)
    SPI2_IRQHandler                          0x080001ff   Thumb Code     0  stm32f10x.o(.text)
    TAMPER_IRQHandler                        0x080001ff   Thumb Code     0  stm32f10x.o(.text)
    TIM1_BRK_IRQHandler                      0x080001ff   Thumb Code     0  stm32f10x.o(.text)
    TIM1_CC_IRQHandler                       0x080001ff   Thumb Code     0  stm32f10x.o(.text)
    TIM1_TRG_COM_IRQHandler                  0x080001ff   Thumb Code     0  stm32f10x.o(.text)
    TIM1_UP_IRQHandler                       0x080001ff   Thumb Code     0  stm32f10x.o(.text)
    TIM2_IRQHandler                          0x080001ff   Thumb Code     0  stm32f10x.o(.text)
    TIM3_IRQHandler                          0x080001ff   Thumb Code     0  stm32f10x.o(.text)
    USART2_IRQHandler                        0x080001ff   Thumb Code     0  stm32f10x.o(.text)
    USART3_IRQHandler                        0x080001ff   Thumb Code     0  stm32f10x.o(.text)
    USBWakeUp_IRQHandler                     0x080001ff   Thumb Code     0  stm32f10x.o(.text)
    USB_HP_CAN_TX_IRQHandler                 0x080001ff   Thumb Code     0  stm32f10x.o(.text)
    USB_LP_CAN_RX0_IRQHandler                0x080001ff   Thumb Code     0  stm32f10x.o(.text)
    WWDG_IRQHandler                          0x080001ff   Thumb Code     0  stm32f10x.o(.text)
    __user_initial_stackheap                 0x08000201   Thumb Code     0  stm32f10x.o(.text)
    __use_no_semihosting                     0x0800021d   Thumb Code     2  use_no_semi_2.o(.text)
    __aeabi_ldivmod                          0x0800021f   Thumb Code     0  llsdiv.o(.text)
    _ll_sdiv                                 0x0800021f   Thumb Code    72  llsdiv.o(.text)
    __2printf                                0x08000269   Thumb Code    20  noretval__2printf.o(.text)
    _printf_pre_padding                      0x08000281   Thumb Code    44  _printf_pad.o(.text)
    _printf_post_padding                     0x080002ad   Thumb Code    34  _printf_pad.o(.text)
    _printf_str                              0x080002cf   Thumb Code    82  _printf_str.o(.text)
    _printf_int_dec                          0x08000321   Thumb Code   104  _printf_dec.o(.text)
    _printf_int_hex                          0x08000399   Thumb Code    84  _printf_hex_int.o(.text)
    _printf_longlong_hex                     0x08000399   Thumb Code     0  _printf_hex_int.o(.text)
    __printf                                 0x080003f1   Thumb Code   388  __printf_flags_ss_wp.o(.text)
    memcmp                                   0x08000579   Thumb Code    88  memcmp.o(.text)
    __aeabi_memset                           0x080005d1   Thumb Code    16  aeabi_memset.o(.text)
    __aeabi_memclr4                          0x080005e1   Thumb Code     0  rt_memclr_w.o(.text)
    __aeabi_memclr8                          0x080005e1   Thumb Code     0  rt_memclr_w.o(.text)
    __rt_memclr_w                            0x080005e1   Thumb Code    78  rt_memclr_w.o(.text)
    _memset_w                                0x080005e5   Thumb Code     0  rt_memclr_w.o(.text)
    __use_two_region_memory                  0x0800062f   Thumb Code     2  heapauxi.o(.text)
    __rt_heap_escrow$2region                 0x08000631   Thumb Code     2  heapauxi.o(.text)
    __rt_heap_expand$2region                 0x08000633   Thumb Code     2  heapauxi.o(.text)
    __I$use$semihosting                      0x08000635   Thumb Code     0  use_no_semi.o(.text)
    __use_no_semihosting_swi                 0x08000635   Thumb Code     2  use_no_semi.o(.text)
    __aeabi_uldivmod                         0x08000637   Thumb Code     0  lludivv7m.o(.text)
    _ll_udiv                                 0x08000637   Thumb Code   238  lludivv7m.o(.text)
    __read_errno                             0x08000725   Thumb Code    10  _rserrno.o(.text)
    __set_errno                              0x0800072f   Thumb Code    12  _rserrno.o(.text)
    _printf_int_common                       0x0800073b   Thumb Code   178  _printf_intcommon.o(.text)
    _printf_cs_common                        0x080007ed   Thumb Code    20  _printf_char.o(.text)
    _printf_char                             0x08000801   Thumb Code    16  _printf_char.o(.text)
    _printf_string                           0x08000811   Thumb Code     8  _printf_char.o(.text)
    _printf_char_file                        0x08000819   Thumb Code    32  _printf_char_file.o(.text)
    __aeabi_memclr                           0x0800083d   Thumb Code     0  rt_memclr.o(.text)
    __rt_memclr                              0x0800083d   Thumb Code    68  rt_memclr.o(.text)
    _memset                                  0x08000841   Thumb Code     0  rt_memclr.o(.text)
    __aeabi_errno_addr                       0x08000881   Thumb Code     8  rt_errno_addr_intlibspace.o(.text)
    __errno$intlibspace                      0x08000881   Thumb Code     0  rt_errno_addr_intlibspace.o(.text)
    __rt_errno_addr$intlibspace              0x08000881   Thumb Code     0  rt_errno_addr_intlibspace.o(.text)
    _printf_char_common                      0x08000893   Thumb Code    32  _printf_char_common.o(.text)
    ferror                                   0x080008b9   Thumb Code     8  ferror.o(.text)
    __user_libspace                          0x080008c1   Thumb Code     8  libspace.o(.text)
    __user_perproc_libspace                  0x080008c1   Thumb Code     0  libspace.o(.text)
    __user_perthread_libspace                0x080008c1   Thumb Code     0  libspace.o(.text)
    __user_setup_stackheap                   0x080008c9   Thumb Code    74  sys_stackheap_outer.o(.text)
    exit                                     0x08000913   Thumb Code    18  exit.o(.text)
    EXTI0_IRQHandler                         0x08000925   Thumb Code    32  main.o(i.EXTI0_IRQHandler)
    JTAG_Set                                 0x0800094d   Thumb Code    38  sys.o(i.JTAG_Set)
    LED_Init                                 0x0800097d   Thumb Code   100  led.o(i.LED_Init)
    MPU_Get_Temperature                      0x080009ed   Thumb Code    86  mpu6050.o(i.MPU_Get_Temperature)
    MPU_IIC_Ack                              0x08000a55   Thumb Code    62  mpuiic.o(i.MPU_IIC_Ack)
    MPU_IIC_Delay                            0x08000aa1   Thumb Code    10  mpuiic.o(i.MPU_IIC_Delay)
    MPU_IIC_Init                             0x08000aad   Thumb Code    52  mpuiic.o(i.MPU_IIC_Init)
    MPU_IIC_NAck                             0x08000ae9   Thumb Code    62  mpuiic.o(i.MPU_IIC_NAck)
    MPU_IIC_Read_Byte                        0x08000b35   Thumb Code    94  mpuiic.o(i.MPU_IIC_Read_Byte)
    MPU_IIC_Send_Byte                        0x08000ba1   Thumb Code    80  mpuiic.o(i.MPU_IIC_Send_Byte)
    MPU_IIC_Start                            0x08000bfd   Thumb Code    60  mpuiic.o(i.MPU_IIC_Start)
    MPU_IIC_Stop                             0x08000c45   Thumb Code    58  mpuiic.o(i.MPU_IIC_Stop)
    MPU_IIC_Wait_Ack                         0x08000c8d   Thumb Code    86  mpuiic.o(i.MPU_IIC_Wait_Ack)
    MPU_Init                                 0x08000cf1   Thumb Code   168  mpu6050.o(i.MPU_Init)
    MPU_Read_Byte                            0x08000da5   Thumb Code    58  mpu6050.o(i.MPU_Read_Byte)
    MPU_Read_Len                             0x08000ddf   Thumb Code   116  mpu6050.o(i.MPU_Read_Len)
    MPU_Set_Accel_Fsr                        0x08000e53   Thumb Code    16  mpu6050.o(i.MPU_Set_Accel_Fsr)
    MPU_Set_Gyro_Fsr                         0x08000e63   Thumb Code    16  mpu6050.o(i.MPU_Set_Gyro_Fsr)
    MPU_Set_LPF                              0x08000e73   Thumb Code    58  mpu6050.o(i.MPU_Set_LPF)
    MPU_Set_Rate                             0x08000ead   Thumb Code    58  mpu6050.o(i.MPU_Set_Rate)
    MPU_Write_Byte                           0x08000ee7   Thumb Code    68  mpu6050.o(i.MPU_Write_Byte)
    MPU_Write_Len                            0x08000f2b   Thumb Code    96  mpu6050.o(i.MPU_Write_Len)
    MYRCC_DeInit                             0x08000f8d   Thumb Code    90  sys.o(i.MYRCC_DeInit)
    MY_NVIC_Init                             0x08000ff5   Thumb Code   116  sys.o(i.MY_NVIC_Init)
    MY_NVIC_PriorityGroupConfig              0x0800106d   Thumb Code    32  sys.o(i.MY_NVIC_PriorityGroupConfig)
    MY_NVIC_SetVectorTable                   0x08001095   Thumb Code    12  sys.o(i.MY_NVIC_SetVectorTable)
    Stm32_Clock_Init                         0x080010a9   Thumb Code   134  sys.o(i.Stm32_Clock_Init)
    TIM4_IRQHandler                          0x08001139   Thumb Code    50  usmart.o(i.TIM4_IRQHandler)
    Timer4_Init                              0x08001175   Thumb Code    72  usmart.o(i.Timer4_Init)
    USART1_IRQHandler                        0x080011c5   Thumb Code   118  usart.o(i.USART1_IRQHandler)
    __ARM_fpclassify                         0x08001249   Thumb Code    40  fpclassify.o(i.__ARM_fpclassify)
    __kernel_poly                            0x08001271   Thumb Code   170  poly.o(i.__kernel_poly)
    __mathlib_dbl_infnan                     0x0800131b   Thumb Code     6  dunder.o(i.__mathlib_dbl_infnan)
    __mathlib_dbl_infnan2                    0x08001321   Thumb Code     4  dunder.o(i.__mathlib_dbl_infnan2)
    __mathlib_dbl_invalid                    0x08001325   Thumb Code    12  dunder.o(i.__mathlib_dbl_invalid)
    __mathlib_dbl_underflow                  0x08001331   Thumb Code    10  dunder.o(i.__mathlib_dbl_underflow)
    _is_digit                                0x08001341   Thumb Code    14  __printf_wp.o(i._is_digit)
    _sys_exit                                0x0800134f   Thumb Code     6  usart.o(i._sys_exit)
    asin                                     0x08001401   Thumb Code   572  asin.o(i.asin)
    atan                                     0x08001671   Thumb Code   474  atan.o(i.atan)
    atan2                                    0x08001891   Thumb Code   346  atan2.o(i.atan2)
    delay_init                               0x08001a75   Thumb Code    56  delay.o(i.delay_init)
    delay_ms                                 0x08001ab5   Thumb Code    56  delay.o(i.delay_ms)
    delay_us                                 0x08001af1   Thumb Code    56  delay.o(i.delay_us)
    dmp_enable_6x_lp_quat                    0x08001b2d   Thumb Code    60  inv_mpu_dmp_motion_driver.o(i.dmp_enable_6x_lp_quat)
    dmp_enable_feature                       0x08001b69   Thumb Code   530  inv_mpu_dmp_motion_driver.o(i.dmp_enable_feature)
    dmp_enable_gyro_cal                      0x08001d85   Thumb Code    62  inv_mpu_dmp_motion_driver.o(i.dmp_enable_gyro_cal)
    dmp_enable_lp_quat                       0x08001ddd   Thumb Code    60  inv_mpu_dmp_motion_driver.o(i.dmp_enable_lp_quat)
    dmp_load_motion_driver_firmware          0x08001e19   Thumb Code    20  inv_mpu_dmp_motion_driver.o(i.dmp_load_motion_driver_firmware)
    dmp_read_fifo                            0x08001e31   Thumb Code   456  inv_mpu_dmp_motion_driver.o(i.dmp_read_fifo)
    dmp_set_accel_bias                       0x08001ffd   Thumb Code   300  inv_mpu_dmp_motion_driver.o(i.dmp_set_accel_bias)
    dmp_set_fifo_rate                        0x0800212d   Thumb Code    96  inv_mpu_dmp_motion_driver.o(i.dmp_set_fifo_rate)
    dmp_set_gyro_bias                        0x0800219d   Thumb Code   294  inv_mpu_dmp_motion_driver.o(i.dmp_set_gyro_bias)
    dmp_set_orientation                      0x080022cd   Thumb Code   290  inv_mpu_dmp_motion_driver.o(i.dmp_set_orientation)
    dmp_set_shake_reject_thresh              0x08002405   Thumb Code    56  inv_mpu_dmp_motion_driver.o(i.dmp_set_shake_reject_thresh)
    dmp_set_shake_reject_time                0x0800243d   Thumb Code    38  inv_mpu_dmp_motion_driver.o(i.dmp_set_shake_reject_time)
    dmp_set_shake_reject_timeout             0x08002463   Thumb Code    38  inv_mpu_dmp_motion_driver.o(i.dmp_set_shake_reject_timeout)
    dmp_set_tap_axes                         0x08002489   Thumb Code    70  inv_mpu_dmp_motion_driver.o(i.dmp_set_tap_axes)
    dmp_set_tap_count                        0x080024cf   Thumb Code    38  inv_mpu_dmp_motion_driver.o(i.dmp_set_tap_count)
    dmp_set_tap_thresh                       0x080024f5   Thumb Code   396  inv_mpu_dmp_motion_driver.o(i.dmp_set_tap_thresh)
    dmp_set_tap_time                         0x08002695   Thumb Code    38  inv_mpu_dmp_motion_driver.o(i.dmp_set_tap_time)
    dmp_set_tap_time_multi                   0x080026bb   Thumb Code    38  inv_mpu_dmp_motion_driver.o(i.dmp_set_tap_time_multi)
    fputc                                    0x080026e1   Thumb Code    24  usart.o(i.fputc)
    inv_orientation_matrix_to_scalar         0x08002d39   Thumb Code    40  inv_mpu.o(i.inv_orientation_matrix_to_scalar)
    inv_row_2_scale                          0x08002d61   Thumb Code    78  inv_mpu.o(i.inv_row_2_scale)
    main                                     0x08002db1   Thumb Code    90  main.o(i.main)
    mget_ms                                  0x08002e21   Thumb Code     2  inv_mpu.o(i.mget_ms)
    mpu_configure_fifo                       0x08002e25   Thumb Code   106  inv_mpu.o(i.mpu_configure_fifo)
    mpu_dmp_get_data                         0x08002e95   Thumb Code   544  inv_mpu.o(i.mpu_dmp_get_data)
    mpu_dmp_init                             0x080030b9   Thumb Code   154  inv_mpu.o(i.mpu_dmp_init)
    mpu_get_accel_fsr                        0x08003159   Thumb Code    72  inv_mpu.o(i.mpu_get_accel_fsr)
    mpu_get_accel_sens                       0x080031a5   Thumb Code    78  inv_mpu.o(i.mpu_get_accel_sens)
    mpu_get_fifo_config                      0x080031f9   Thumb Code    12  inv_mpu.o(i.mpu_get_fifo_config)
    mpu_get_gyro_fsr                         0x08003209   Thumb Code    64  inv_mpu.o(i.mpu_get_gyro_fsr)
    mpu_get_gyro_sens                        0x0800324d   Thumb Code    58  inv_mpu.o(i.mpu_get_gyro_sens)
    mpu_get_lpf                              0x0800329d   Thumb Code    74  inv_mpu.o(i.mpu_get_lpf)
    mpu_get_sample_rate                      0x080032ed   Thumb Code    26  inv_mpu.o(i.mpu_get_sample_rate)
    mpu_init                                 0x0800330d   Thumb Code   416  inv_mpu.o(i.mpu_init)
    mpu_load_firmware                        0x080034fd   Thumb Code   180  inv_mpu.o(i.mpu_load_firmware)
    mpu_lp_accel_mode                        0x080035b5   Thumb Code   218  inv_mpu.o(i.mpu_lp_accel_mode)
    mpu_read                                 0x08003695   Thumb Code   144  main.o(i.mpu_read)
    mpu_read_fifo_stream                     0x0800373d   Thumb Code   186  inv_mpu.o(i.mpu_read_fifo_stream)
    mpu_read_mem                             0x080037fd   Thumb Code   122  inv_mpu.o(i.mpu_read_mem)
    mpu_reset_fifo                           0x0800387d   Thumb Code   450  inv_mpu.o(i.mpu_reset_fifo)
    mpu_run_self_test                        0x08003a45   Thumb Code   278  inv_mpu.o(i.mpu_run_self_test)
    mpu_set_accel_fsr                        0x08003b61   Thumb Code   126  inv_mpu.o(i.mpu_set_accel_fsr)
    mpu_set_bypass                           0x08003be5   Thumb Code   328  inv_mpu.o(i.mpu_set_bypass)
    mpu_set_dmp_state                        0x08003d31   Thumb Code   138  inv_mpu.o(i.mpu_set_dmp_state)
    mpu_set_gyro_fsr                         0x08003dc1   Thumb Code   132  inv_mpu.o(i.mpu_set_gyro_fsr)
    mpu_set_int_latched                      0x08003e49   Thumb Code   102  inv_mpu.o(i.mpu_set_int_latched)
    mpu_set_lpf                              0x08003eb5   Thumb Code   126  inv_mpu.o(i.mpu_set_lpf)
    mpu_set_sample_rate                      0x08003f39   Thumb Code   152  inv_mpu.o(i.mpu_set_sample_rate)
    mpu_set_sensors                          0x08003fd5   Thumb Code   202  inv_mpu.o(i.mpu_set_sensors)
    mpu_write_mem                            0x080040a5   Thumb Code   122  inv_mpu.o(i.mpu_write_mem)
    read_addr                                0x08004125   Thumb Code     6  usmart.o(i.read_addr)
    run_self_test                            0x0800412b   Thumb Code   148  inv_mpu.o(i.run_self_test)
    sqrt                                     0x08004251   Thumb Code    76  sqrt.o(i.sqrt)
    usmart_cmd_rec                           0x0800429d   Thumb Code   170  usmart.o(i.usmart_cmd_rec)
    usmart_exe                               0x0800434d   Thumb Code   632  usmart.o(i.usmart_exe)
    usmart_get_aparm                         0x08004621   Thumb Code   212  usmart_str.o(i.usmart_get_aparm)
    usmart_get_cmdname                       0x080046f5   Thumb Code    54  usmart_str.o(i.usmart_get_cmdname)
    usmart_get_fname                         0x0800472d   Thumb Code   440  usmart_str.o(i.usmart_get_fname)
    usmart_get_fparam                        0x080048ed   Thumb Code   262  usmart_str.o(i.usmart_get_fparam)
    usmart_get_parmpos                       0x080049f9   Thumb Code    26  usmart_str.o(i.usmart_get_parmpos)
    usmart_get_runtime                       0x08004a19   Thumb Code    56  usmart.o(i.usmart_get_runtime)
    usmart_init                              0x08004a59   Thumb Code    36  usmart.o(i.usmart_init)
    usmart_pow                               0x08004a81   Thumb Code    22  usmart_str.o(i.usmart_pow)
    usmart_reset_runtime                     0x08004a99   Thumb Code    38  usmart.o(i.usmart_reset_runtime)
    usmart_scan                              0x08004ac9   Thumb Code   120  usmart.o(i.usmart_scan)
    usmart_search_nextc                      0x08004b85   Thumb Code    22  usmart_str.o(i.usmart_search_nextc)
    usmart_str2num                           0x08004b9b   Thumb Code   262  usmart_str.o(i.usmart_str2num)
    usmart_strcmp                            0x08004ca1   Thumb Code    34  usmart_str.o(i.usmart_strcmp)
    usmart_strcopy                           0x08004cc3   Thumb Code    22  usmart_str.o(i.usmart_strcopy)
    usmart_strlen                            0x08004cd9   Thumb Code    24  usmart_str.o(i.usmart_strlen)
    usmart_sys_cmd_exe                       0x08004cf1   Thumb Code  1570  usmart.o(i.usmart_sys_cmd_exe)
    write_addr                               0x080053e5   Thumb Code     4  usmart.o(i.write_addr)
    __aeabi_d2f                              0x080053e9   Thumb Code     0  d2f.o(x$fpl$d2f)
    _d2f                                     0x080053e9   Thumb Code    98  d2f.o(x$fpl$d2f)
    __aeabi_dadd                             0x0800544d   Thumb Code     0  daddsub_clz.o(x$fpl$dadd)
    _dadd                                    0x0800544d   Thumb Code   332  daddsub_clz.o(x$fpl$dadd)
    __fpl_dcheck_NaN1                        0x0800559d   Thumb Code    10  dcheck1.o(x$fpl$dcheck1)
    __aeabi_ddiv                             0x080055ad   Thumb Code     0  ddiv.o(x$fpl$ddiv)
    _ddiv                                    0x080055ad   Thumb Code   552  ddiv.o(x$fpl$ddiv)
    __aeabi_i2d                              0x0800585d   Thumb Code     0  dflt_clz.o(x$fpl$dflt)
    _dflt                                    0x0800585d   Thumb Code    46  dflt_clz.o(x$fpl$dflt)
    __aeabi_dmul                             0x0800588d   Thumb Code     0  dmul.o(x$fpl$dmul)
    _dmul                                    0x0800588d   Thumb Code   332  dmul.o(x$fpl$dmul)
    __fpl_dnaninf                            0x080059e1   Thumb Code   156  dnaninf.o(x$fpl$dnaninf)
    __fpl_dretinf                            0x08005a7d   Thumb Code    12  dretinf.o(x$fpl$dretinf)
    __aeabi_drsub                            0x08005a89   Thumb Code     0  daddsub_clz.o(x$fpl$drsb)
    _drsb                                    0x08005a89   Thumb Code    22  daddsub_clz.o(x$fpl$drsb)
    _dsqrt                                   0x08005aa1   Thumb Code   456  dsqrt_noumaal.o(x$fpl$dsqrt)
    __aeabi_dsub                             0x08005c6d   Thumb Code     0  daddsub_clz.o(x$fpl$dsub)
    _dsub                                    0x08005c6d   Thumb Code   464  daddsub_clz.o(x$fpl$dsub)
    __aeabi_f2d                              0x08005e41   Thumb Code     0  f2d.o(x$fpl$f2d)
    _f2d                                     0x08005e41   Thumb Code    86  f2d.o(x$fpl$f2d)
    __aeabi_fadd                             0x08005e99   Thumb Code     0  faddsub_clz.o(x$fpl$fadd)
    _fadd                                    0x08005e99   Thumb Code   196  faddsub_clz.o(x$fpl$fadd)
    __fpl_fcmp_Inf                           0x08005f5d   Thumb Code    24  fcmpi.o(x$fpl$fcmpinf)
    __aeabi_fdiv                             0x08005f75   Thumb Code     0  fdiv.o(x$fpl$fdiv)
    _fdiv                                    0x08005f75   Thumb Code   384  fdiv.o(x$fpl$fdiv)
    __aeabi_cfcmpeq                          0x080060f9   Thumb Code     0  feqf.o(x$fpl$feqf)
    _fcmpeq                                  0x080060f9   Thumb Code   104  feqf.o(x$fpl$feqf)
    __aeabi_f2iz                             0x08006161   Thumb Code     0  ffix.o(x$fpl$ffix)
    _ffix                                    0x08006161   Thumb Code    54  ffix.o(x$fpl$ffix)
    __aeabi_f2uiz                            0x08006199   Thumb Code     0  ffixu.o(x$fpl$ffixu)
    _ffixu                                   0x08006199   Thumb Code    62  ffixu.o(x$fpl$ffixu)
    __aeabi_i2f                              0x080061d9   Thumb Code     0  fflt_clz.o(x$fpl$fflt)
    _fflt                                    0x080061d9   Thumb Code    48  fflt_clz.o(x$fpl$fflt)
    __aeabi_ui2f                             0x08006209   Thumb Code     0  fflt_clz.o(x$fpl$ffltu)
    _ffltu                                   0x08006209   Thumb Code    38  fflt_clz.o(x$fpl$ffltu)
    __aeabi_cfcmple                          0x08006231   Thumb Code     0  fleqf.o(x$fpl$fleqf)
    _fcmple                                  0x08006231   Thumb Code   104  fleqf.o(x$fpl$fleqf)
    __fpl_fcmple_InfNaN                      0x08006283   Thumb Code     0  fleqf.o(x$fpl$fleqf)
    __aeabi_fmul                             0x08006299   Thumb Code     0  fmul.o(x$fpl$fmul)
    _fmul                                    0x08006299   Thumb Code   258  fmul.o(x$fpl$fmul)
    __fpl_fnaninf                            0x0800639b   Thumb Code   140  fnaninf.o(x$fpl$fnaninf)
    __fpl_fretinf                            0x08006427   Thumb Code    10  fretinf.o(x$fpl$fretinf)
    __aeabi_cfrcmple                         0x08006431   Thumb Code     0  frleqf.o(x$fpl$frleqf)
    _frcmple                                 0x08006431   Thumb Code    98  frleqf.o(x$fpl$frleqf)
    __aeabi_fsub                             0x08006495   Thumb Code     0  faddsub_clz.o(x$fpl$fsub)
    _fsub                                    0x08006495   Thumb Code   234  faddsub_clz.o(x$fpl$fsub)
    __fpl_return_NaN                         0x0800657f   Thumb Code   100  retnan.o(x$fpl$retnan)
    __ARM_scalbn                             0x080065e3   Thumb Code    92  scalbn.o(x$fpl$scalbn)
    __fpl_cmpreturn                          0x0800663f   Thumb Code    48  trapv.o(x$fpl$trapveneer)
    __I$use$fp                               0x0800666e   Number         0  usenofp.o(x$fpl$usenofp)
    reg                                      0x08006670   Data          27  inv_mpu.o(.constdata)
    hw                                       0x0800668c   Data          12  inv_mpu.o(.constdata)
    test                                     0x08006698   Data          40  inv_mpu.o(.constdata)
    __mathlib_zero                           0x080073d8   Data           8  qnan.o(.constdata)
    Region$$Table$$Base                      0x08007524   Number         0  anon$$obj.o(Region$$Table)
    Region$$Table$$Limit                     0x08007544   Number         0  anon$$obj.o(Region$$Table)
    pitch                                    0x20000000   Data           4  main.o(.data)
    roll                                     0x20000004   Data           4  main.o(.data)
    yaw                                      0x20000008   Data           4  main.o(.data)
    t                                        0x2000000c   Data           1  main.o(.data)
    k                                        0x2000000d   Data           1  main.o(.data)
    fftSize                                  0x20000010   Data           4  main.o(.data)
    ifftFlag                                 0x20000014   Data           4  main.o(.data)
    doBitReverse                             0x20000018   Data           4  main.o(.data)
    breath_rate                              0x20000020   Data           4  main.o(.data)
    __stdout                                 0x20000060   Data           4  usart.o(.data)
    USART_RX_STA                             0x20000064   Data           2  usart.o(.data)
    sys_cmd_tab                              0x20000068   Data          28  usmart.o(.data)
    usmart_nametab                           0x20000084   Data          56  usmart_config.o(.data)
    usmart_dev                               0x200000bc   Data         244  usmart_config.o(.data)
    indata                                   0x20001a00   Data        6144  main.o(.bss)
    USART_RX_BUF                             0x20003210   Data         200  usart.o(.bss)
    __libspace_start                         0x200032d8   Data          96  libspace.o(.bss)
    __temporary_stack_top$libspace           0x20003338   Data           0  libspace.o(.bss)



==============================================================================

Memory Map of the image

  Image Entry point : 0x080000ed

  Load Region LR_IROM1 (Base: 0x08000000, Size: 0x000076f4, Max: 0x00080000, ABSOLUTE, COMPRESSED[0x000075bc])

    Execution Region ER_IROM1 (Exec base: 0x08000000, Load base: 0x08000000, Size: 0x00007544, Max: 0x00080000, ABSOLUTE)

    Exec Addr    Load Addr    Size         Type   Attr      Idx    E Section Name        Object

    0x08000000   0x08000000   0x000000ec   Data   RO          221    RESET               stm32f10x.o
    0x080000ec   0x080000ec   0x00000008   Code   RO         2191  * !!!main             c_w.l(__main.o)
    0x080000f4   0x080000f4   0x00000034   Code   RO         2534    !!!scatter          c_w.l(__scatter.o)
    0x08000128   0x08000128   0x0000005a   Code   RO         2532    !!dczerorl2         c_w.l(__dczerorl2.o)
    0x08000182   0x08000182   0x00000002   PAD
    0x08000184   0x08000184   0x0000001c   Code   RO         2536    !!handler_zi        c_w.l(__scatter_zi.o)
    0x080001a0   0x080001a0   0x00000000   Code   RO         2180    .ARM.Collect$$_printf_percent$$00000000  c_w.l(_printf_percent.o)
    0x080001a0   0x080001a0   0x00000006   Code   RO         2178    .ARM.Collect$$_printf_percent$$00000009  c_w.l(_printf_d.o)
    0x080001a6   0x080001a6   0x00000006   Code   RO         2179    .ARM.Collect$$_printf_percent$$0000000A  c_w.l(_printf_u.o)
    0x080001ac   0x080001ac   0x00000006   Code   RO         2177    .ARM.Collect$$_printf_percent$$0000000C  c_w.l(_printf_x.o)
    0x080001b2   0x080001b2   0x00000006   Code   RO         2175    .ARM.Collect$$_printf_percent$$00000013  c_w.l(_printf_c.o)
    0x080001b8   0x080001b8   0x00000006   Code   RO         2176    .ARM.Collect$$_printf_percent$$00000014  c_w.l(_printf_s.o)
    0x080001be   0x080001be   0x00000004   Code   RO         2292    .ARM.Collect$$_printf_percent$$00000017  c_w.l(_printf_percent_end.o)
    0x080001c2   0x080001c2   0x00000002   Code   RO         2401    .ARM.Collect$$libinit$$00000000  c_w.l(libinit.o)
    0x080001c4   0x080001c4   0x00000000   Code   RO         2411    .ARM.Collect$$libinit$$00000002  c_w.l(libinit2.o)
    0x080001c4   0x080001c4   0x00000000   Code   RO         2413    .ARM.Collect$$libinit$$00000004  c_w.l(libinit2.o)
    0x080001c4   0x080001c4   0x00000000   Code   RO         2416    .ARM.Collect$$libinit$$0000000A  c_w.l(libinit2.o)
    0x080001c4   0x080001c4   0x00000000   Code   RO         2418    .ARM.Collect$$libinit$$0000000C  c_w.l(libinit2.o)
    0x080001c4   0x080001c4   0x00000000   Code   RO         2420    .ARM.Collect$$libinit$$0000000E  c_w.l(libinit2.o)
    0x080001c4   0x080001c4   0x00000000   Code   RO         2423    .ARM.Collect$$libinit$$00000011  c_w.l(libinit2.o)
    0x080001c4   0x080001c4   0x00000000   Code   RO         2425    .ARM.Collect$$libinit$$00000013  c_w.l(libinit2.o)
    0x080001c4   0x080001c4   0x00000000   Code   RO         2427    .ARM.Collect$$libinit$$00000015  c_w.l(libinit2.o)
    0x080001c4   0x080001c4   0x00000000   Code   RO         2429    .ARM.Collect$$libinit$$00000017  c_w.l(libinit2.o)
    0x080001c4   0x080001c4   0x00000000   Code   RO         2431    .ARM.Collect$$libinit$$00000019  c_w.l(libinit2.o)
    0x080001c4   0x080001c4   0x00000000   Code   RO         2433    .ARM.Collect$$libinit$$0000001B  c_w.l(libinit2.o)
    0x080001c4   0x080001c4   0x00000000   Code   RO         2435    .ARM.Collect$$libinit$$0000001D  c_w.l(libinit2.o)
    0x080001c4   0x080001c4   0x00000000   Code   RO         2437    .ARM.Collect$$libinit$$0000001F  c_w.l(libinit2.o)
    0x080001c4   0x080001c4   0x00000000   Code   RO         2439    .ARM.Collect$$libinit$$00000021  c_w.l(libinit2.o)
    0x080001c4   0x080001c4   0x00000000   Code   RO         2441    .ARM.Collect$$libinit$$00000023  c_w.l(libinit2.o)
    0x080001c4   0x080001c4   0x00000000   Code   RO         2443    .ARM.Collect$$libinit$$00000025  c_w.l(libinit2.o)
    0x080001c4   0x080001c4   0x00000000   Code   RO         2447    .ARM.Collect$$libinit$$0000002C  c_w.l(libinit2.o)
    0x080001c4   0x080001c4   0x00000000   Code   RO         2449    .ARM.Collect$$libinit$$0000002E  c_w.l(libinit2.o)
    0x080001c4   0x080001c4   0x00000000   Code   RO         2451    .ARM.Collect$$libinit$$00000030  c_w.l(libinit2.o)
    0x080001c4   0x080001c4   0x00000000   Code   RO         2453    .ARM.Collect$$libinit$$00000032  c_w.l(libinit2.o)
    0x080001c4   0x080001c4   0x00000002   Code   RO         2454    .ARM.Collect$$libinit$$00000033  c_w.l(libinit2.o)
    0x080001c6   0x080001c6   0x00000002   Code   RO         2484    .ARM.Collect$$libshutdown$$00000000  c_w.l(libshutdown.o)
    0x080001c8   0x080001c8   0x00000000   Code   RO         2498    .ARM.Collect$$libshutdown$$00000002  c_w.l(libshutdown2.o)
    0x080001c8   0x080001c8   0x00000000   Code   RO         2500    .ARM.Collect$$libshutdown$$00000004  c_w.l(libshutdown2.o)
    0x080001c8   0x080001c8   0x00000000   Code   RO         2503    .ARM.Collect$$libshutdown$$00000007  c_w.l(libshutdown2.o)
    0x080001c8   0x080001c8   0x00000000   Code   RO         2506    .ARM.Collect$$libshutdown$$0000000A  c_w.l(libshutdown2.o)
    0x080001c8   0x080001c8   0x00000000   Code   RO         2508    .ARM.Collect$$libshutdown$$0000000C  c_w.l(libshutdown2.o)
    0x080001c8   0x080001c8   0x00000000   Code   RO         2511    .ARM.Collect$$libshutdown$$0000000F  c_w.l(libshutdown2.o)
    0x080001c8   0x080001c8   0x00000002   Code   RO         2512    .ARM.Collect$$libshutdown$$00000010  c_w.l(libshutdown2.o)
    0x080001ca   0x080001ca   0x00000000   Code   RO         2281    .ARM.Collect$$rtentry$$00000000  c_w.l(__rtentry.o)
    0x080001ca   0x080001ca   0x00000000   Code   RO         2350    .ARM.Collect$$rtentry$$00000002  c_w.l(__rtentry2.o)
    0x080001ca   0x080001ca   0x00000006   Code   RO         2362    .ARM.Collect$$rtentry$$00000004  c_w.l(__rtentry4.o)
    0x080001d0   0x080001d0   0x00000000   Code   RO         2352    .ARM.Collect$$rtentry$$00000009  c_w.l(__rtentry2.o)
    0x080001d0   0x080001d0   0x00000004   Code   RO         2353    .ARM.Collect$$rtentry$$0000000A  c_w.l(__rtentry2.o)
    0x080001d4   0x080001d4   0x00000000   Code   RO         2355    .ARM.Collect$$rtentry$$0000000C  c_w.l(__rtentry2.o)
    0x080001d4   0x080001d4   0x00000008   Code   RO         2356    .ARM.Collect$$rtentry$$0000000D  c_w.l(__rtentry2.o)
    0x080001dc   0x080001dc   0x00000002   Code   RO         2404    .ARM.Collect$$rtexit$$00000000  c_w.l(rtexit.o)
    0x080001de   0x080001de   0x00000000   Code   RO         2458    .ARM.Collect$$rtexit$$00000002  c_w.l(rtexit2.o)
    0x080001de   0x080001de   0x00000004   Code   RO         2459    .ARM.Collect$$rtexit$$00000003  c_w.l(rtexit2.o)
    0x080001e2   0x080001e2   0x00000006   Code   RO         2460    .ARM.Collect$$rtexit$$00000004  c_w.l(rtexit2.o)
    0x080001e8   0x080001e8   0x00000034   Code   RO          222    .text               stm32f10x.o
    0x0800021c   0x0800021c   0x00000002   Code   RO         2118    .text               c_w.l(use_no_semi_2.o)
    0x0800021e   0x0800021e   0x00000048   Code   RO         2120    .text               c_w.l(llsdiv.o)
    0x08000266   0x08000266   0x00000002   PAD
    0x08000268   0x08000268   0x00000018   Code   RO         2124    .text               c_w.l(noretval__2printf.o)
    0x08000280   0x08000280   0x0000004e   Code   RO         2128    .text               c_w.l(_printf_pad.o)
    0x080002ce   0x080002ce   0x00000052   Code   RO         2130    .text               c_w.l(_printf_str.o)
    0x08000320   0x08000320   0x00000078   Code   RO         2132    .text               c_w.l(_printf_dec.o)
    0x08000398   0x08000398   0x00000058   Code   RO         2137    .text               c_w.l(_printf_hex_int.o)
    0x080003f0   0x080003f0   0x00000188   Code   RO         2172    .text               c_w.l(__printf_flags_ss_wp.o)
    0x08000578   0x08000578   0x00000058   Code   RO         2181    .text               c_w.l(memcmp.o)
    0x080005d0   0x080005d0   0x00000010   Code   RO         2183    .text               c_w.l(aeabi_memset.o)
    0x080005e0   0x080005e0   0x0000004e   Code   RO         2185    .text               c_w.l(rt_memclr_w.o)
    0x0800062e   0x0800062e   0x00000006   Code   RO         2189    .text               c_w.l(heapauxi.o)
    0x08000634   0x08000634   0x00000002   Code   RO         2279    .text               c_w.l(use_no_semi.o)
    0x08000636   0x08000636   0x000000ee   Code   RO         2282    .text               c_w.l(lludivv7m.o)
    0x08000724   0x08000724   0x00000016   Code   RO         2284    .text               c_w.l(_rserrno.o)
    0x0800073a   0x0800073a   0x000000b2   Code   RO         2286    .text               c_w.l(_printf_intcommon.o)
    0x080007ec   0x080007ec   0x0000002c   Code   RO         2288    .text               c_w.l(_printf_char.o)
    0x08000818   0x08000818   0x00000024   Code   RO         2290    .text               c_w.l(_printf_char_file.o)
    0x0800083c   0x0800083c   0x00000044   Code   RO         2293    .text               c_w.l(rt_memclr.o)
    0x08000880   0x08000880   0x00000008   Code   RO         2371    .text               c_w.l(rt_errno_addr_intlibspace.o)
    0x08000888   0x08000888   0x00000030   Code   RO         2373    .text               c_w.l(_printf_char_common.o)
    0x080008b8   0x080008b8   0x00000008   Code   RO         2375    .text               c_w.l(ferror.o)
    0x080008c0   0x080008c0   0x00000008   Code   RO         2385    .text               c_w.l(libspace.o)
    0x080008c8   0x080008c8   0x0000004a   Code   RO         2388    .text               c_w.l(sys_stackheap_outer.o)
    0x08000912   0x08000912   0x00000012   Code   RO         2394    .text               c_w.l(exit.o)
    0x08000924   0x08000924   0x00000028   Code   RO            5    i.EXTI0_IRQHandler  main.o
    0x0800094c   0x0800094c   0x00000030   Code   RO         1318    i.JTAG_Set          sys.o
    0x0800097c   0x0800097c   0x00000070   Code   RO          229    i.LED_Init          led.o
    0x080009ec   0x080009ec   0x00000068   Code   RO          600    i.MPU_Get_Temperature  mpu6050.o
    0x08000a54   0x08000a54   0x0000004c   Code   RO          523    i.MPU_IIC_Ack       mpuiic.o
    0x08000aa0   0x08000aa0   0x0000000a   Code   RO          524    i.MPU_IIC_Delay     mpuiic.o
    0x08000aaa   0x08000aaa   0x00000002   PAD
    0x08000aac   0x08000aac   0x0000003c   Code   RO          525    i.MPU_IIC_Init      mpuiic.o
    0x08000ae8   0x08000ae8   0x0000004c   Code   RO          526    i.MPU_IIC_NAck      mpuiic.o
    0x08000b34   0x08000b34   0x0000006c   Code   RO          527    i.MPU_IIC_Read_Byte  mpuiic.o
    0x08000ba0   0x08000ba0   0x0000005c   Code   RO          528    i.MPU_IIC_Send_Byte  mpuiic.o
    0x08000bfc   0x08000bfc   0x00000048   Code   RO          529    i.MPU_IIC_Start     mpuiic.o
    0x08000c44   0x08000c44   0x00000048   Code   RO          530    i.MPU_IIC_Stop      mpuiic.o
    0x08000c8c   0x08000c8c   0x00000064   Code   RO          531    i.MPU_IIC_Wait_Ack  mpuiic.o
    0x08000cf0   0x08000cf0   0x000000b4   Code   RO          601    i.MPU_Init          mpu6050.o
    0x08000da4   0x08000da4   0x0000003a   Code   RO          602    i.MPU_Read_Byte     mpu6050.o
    0x08000dde   0x08000dde   0x00000074   Code   RO          603    i.MPU_Read_Len      mpu6050.o
    0x08000e52   0x08000e52   0x00000010   Code   RO          604    i.MPU_Set_Accel_Fsr  mpu6050.o
    0x08000e62   0x08000e62   0x00000010   Code   RO          605    i.MPU_Set_Gyro_Fsr  mpu6050.o
    0x08000e72   0x08000e72   0x0000003a   Code   RO          606    i.MPU_Set_LPF       mpu6050.o
    0x08000eac   0x08000eac   0x0000003a   Code   RO          607    i.MPU_Set_Rate      mpu6050.o
    0x08000ee6   0x08000ee6   0x00000044   Code   RO          608    i.MPU_Write_Byte    mpu6050.o
    0x08000f2a   0x08000f2a   0x00000060   Code   RO          609    i.MPU_Write_Len     mpu6050.o
    0x08000f8a   0x08000f8a   0x00000002   PAD
    0x08000f8c   0x08000f8c   0x00000068   Code   RO         1319    i.MYRCC_DeInit      sys.o
    0x08000ff4   0x08000ff4   0x00000078   Code   RO         1320    i.MY_NVIC_Init      sys.o
    0x0800106c   0x0800106c   0x00000028   Code   RO         1321    i.MY_NVIC_PriorityGroupConfig  sys.o
    0x08001094   0x08001094   0x00000014   Code   RO         1322    i.MY_NVIC_SetVectorTable  sys.o
    0x080010a8   0x080010a8   0x00000090   Code   RO         1323    i.Stm32_Clock_Init  sys.o
    0x08001138   0x08001138   0x0000003c   Code   RO         1464    i.TIM4_IRQHandler   usmart.o
    0x08001174   0x08001174   0x00000050   Code   RO         1465    i.Timer4_Init       usmart.o
    0x080011c4   0x080011c4   0x00000084   Code   RO         1411    i.USART1_IRQHandler  usart.o
    0x08001248   0x08001248   0x00000028   Code   RO         2336    i.__ARM_fpclassify  m_ws.l(fpclassify.o)
    0x08001270   0x08001270   0x000000aa   Code   RO         2338    i.__kernel_poly     m_ws.l(poly.o)
    0x0800131a   0x0800131a   0x00000006   Code   RO         2323    i.__mathlib_dbl_infnan  m_ws.l(dunder.o)
    0x08001320   0x08001320   0x00000004   Code   RO         2324    i.__mathlib_dbl_infnan2  m_ws.l(dunder.o)
    0x08001324   0x08001324   0x0000000c   Code   RO         2325    i.__mathlib_dbl_invalid  m_ws.l(dunder.o)
    0x08001330   0x08001330   0x00000010   Code   RO         2328    i.__mathlib_dbl_underflow  m_ws.l(dunder.o)
    0x08001340   0x08001340   0x0000000e   Code   RO         2165    i._is_digit         c_w.l(__printf_wp.o)
    0x0800134e   0x0800134e   0x00000006   Code   RO         1412    i._sys_exit         usart.o
    0x08001354   0x08001354   0x000000ac   Code   RO          698    i.accel_self_test   inv_mpu.o
    0x08001400   0x08001400   0x00000270   Code   RO         2254    i.asin              m_ws.l(asin.o)
    0x08001670   0x08001670   0x00000220   Code   RO         2313    i.atan              m_ws.l(atan.o)
    0x08001890   0x08001890   0x00000180   Code   RO         2264    i.atan2             m_ws.l(atan2.o)
    0x08001a10   0x08001a10   0x00000064   Code   RO         1048    i.decode_gesture    inv_mpu_dmp_motion_driver.o
    0x08001a74   0x08001a74   0x00000040   Code   RO         1273    i.delay_init        delay.o
    0x08001ab4   0x08001ab4   0x0000003c   Code   RO         1274    i.delay_ms          delay.o
    0x08001af0   0x08001af0   0x0000003c   Code   RO         1275    i.delay_us          delay.o
    0x08001b2c   0x08001b2c   0x0000003c   Code   RO         1049    i.dmp_enable_6x_lp_quat  inv_mpu_dmp_motion_driver.o
    0x08001b68   0x08001b68   0x0000021c   Code   RO         1050    i.dmp_enable_feature  inv_mpu_dmp_motion_driver.o
    0x08001d84   0x08001d84   0x00000058   Code   RO         1051    i.dmp_enable_gyro_cal  inv_mpu_dmp_motion_driver.o
    0x08001ddc   0x08001ddc   0x0000003c   Code   RO         1052    i.dmp_enable_lp_quat  inv_mpu_dmp_motion_driver.o
    0x08001e18   0x08001e18   0x00000018   Code   RO         1057    i.dmp_load_motion_driver_firmware  inv_mpu_dmp_motion_driver.o
    0x08001e30   0x08001e30   0x000001cc   Code   RO         1058    i.dmp_read_fifo     inv_mpu_dmp_motion_driver.o
    0x08001ffc   0x08001ffc   0x00000130   Code   RO         1061    i.dmp_set_accel_bias  inv_mpu_dmp_motion_driver.o
    0x0800212c   0x0800212c   0x00000070   Code   RO         1062    i.dmp_set_fifo_rate  inv_mpu_dmp_motion_driver.o
    0x0800219c   0x0800219c   0x00000130   Code   RO         1063    i.dmp_set_gyro_bias  inv_mpu_dmp_motion_driver.o
    0x080022cc   0x080022cc   0x00000138   Code   RO         1065    i.dmp_set_orientation  inv_mpu_dmp_motion_driver.o
    0x08002404   0x08002404   0x00000038   Code   RO         1068    i.dmp_set_shake_reject_thresh  inv_mpu_dmp_motion_driver.o
    0x0800243c   0x0800243c   0x00000026   Code   RO         1069    i.dmp_set_shake_reject_time  inv_mpu_dmp_motion_driver.o
    0x08002462   0x08002462   0x00000026   Code   RO         1070    i.dmp_set_shake_reject_timeout  inv_mpu_dmp_motion_driver.o
    0x08002488   0x08002488   0x00000046   Code   RO         1071    i.dmp_set_tap_axes  inv_mpu_dmp_motion_driver.o
    0x080024ce   0x080024ce   0x00000026   Code   RO         1072    i.dmp_set_tap_count  inv_mpu_dmp_motion_driver.o
    0x080024f4   0x080024f4   0x000001a0   Code   RO         1073    i.dmp_set_tap_thresh  inv_mpu_dmp_motion_driver.o
    0x08002694   0x08002694   0x00000026   Code   RO         1074    i.dmp_set_tap_time  inv_mpu_dmp_motion_driver.o
    0x080026ba   0x080026ba   0x00000026   Code   RO         1075    i.dmp_set_tap_time_multi  inv_mpu_dmp_motion_driver.o
    0x080026e0   0x080026e0   0x0000001c   Code   RO         1413    i.fputc             usart.o
    0x080026fc   0x080026fc   0x000000b4   Code   RO          699    i.get_accel_prod_shift  inv_mpu.o
    0x080027b0   0x080027b0   0x00000470   Code   RO          700    i.get_st_biases     inv_mpu.o
    0x08002c20   0x08002c20   0x00000118   Code   RO          701    i.gyro_self_test    inv_mpu.o
    0x08002d38   0x08002d38   0x00000028   Code   RO          702    i.inv_orientation_matrix_to_scalar  inv_mpu.o
    0x08002d60   0x08002d60   0x0000004e   Code   RO          703    i.inv_row_2_scale   inv_mpu.o
    0x08002dae   0x08002dae   0x00000002   PAD
    0x08002db0   0x08002db0   0x00000070   Code   RO           13    i.main              main.o
    0x08002e20   0x08002e20   0x00000002   Code   RO          704    i.mget_ms           inv_mpu.o
    0x08002e22   0x08002e22   0x00000002   PAD
    0x08002e24   0x08002e24   0x00000070   Code   RO          705    i.mpu_configure_fifo  inv_mpu.o
    0x08002e94   0x08002e94   0x00000224   Code   RO          706    i.mpu_dmp_get_data  inv_mpu.o
    0x080030b8   0x080030b8   0x000000a0   Code   RO          707    i.mpu_dmp_init      inv_mpu.o
    0x08003158   0x08003158   0x0000004c   Code   RO          708    i.mpu_get_accel_fsr  inv_mpu.o
    0x080031a4   0x080031a4   0x00000054   Code   RO          710    i.mpu_get_accel_sens  inv_mpu.o
    0x080031f8   0x080031f8   0x00000010   Code   RO          715    i.mpu_get_fifo_config  inv_mpu.o
    0x08003208   0x08003208   0x00000044   Code   RO          716    i.mpu_get_gyro_fsr  inv_mpu.o
    0x0800324c   0x0800324c   0x00000050   Code   RO          718    i.mpu_get_gyro_sens  inv_mpu.o
    0x0800329c   0x0800329c   0x00000050   Code   RO          720    i.mpu_get_lpf       inv_mpu.o
    0x080032ec   0x080032ec   0x00000020   Code   RO          722    i.mpu_get_sample_rate  inv_mpu.o
    0x0800330c   0x0800330c   0x000001f0   Code   RO          724    i.mpu_init          inv_mpu.o
    0x080034fc   0x080034fc   0x000000b8   Code   RO          725    i.mpu_load_firmware  inv_mpu.o
    0x080035b4   0x080035b4   0x000000e0   Code   RO          726    i.mpu_lp_accel_mode  inv_mpu.o
    0x08003694   0x08003694   0x000000a8   Code   RO           14    i.mpu_read          main.o
    0x0800373c   0x0800373c   0x000000c0   Code   RO          729    i.mpu_read_fifo_stream  inv_mpu.o
    0x080037fc   0x080037fc   0x00000080   Code   RO          730    i.mpu_read_mem      inv_mpu.o
    0x0800387c   0x0800387c   0x000001c8   Code   RO          733    i.mpu_reset_fifo    inv_mpu.o
    0x08003a44   0x08003a44   0x0000011c   Code   RO          734    i.mpu_run_self_test  inv_mpu.o
    0x08003b60   0x08003b60   0x00000084   Code   RO          736    i.mpu_set_accel_fsr  inv_mpu.o
    0x08003be4   0x08003be4   0x0000014c   Code   RO          737    i.mpu_set_bypass    inv_mpu.o
    0x08003d30   0x08003d30   0x00000090   Code   RO          739    i.mpu_set_dmp_state  inv_mpu.o
    0x08003dc0   0x08003dc0   0x00000088   Code   RO          740    i.mpu_set_gyro_fsr  inv_mpu.o
    0x08003e48   0x08003e48   0x0000006c   Code   RO          741    i.mpu_set_int_latched  inv_mpu.o
    0x08003eb4   0x08003eb4   0x00000084   Code   RO          743    i.mpu_set_lpf       inv_mpu.o
    0x08003f38   0x08003f38   0x0000009c   Code   RO          744    i.mpu_set_sample_rate  inv_mpu.o
    0x08003fd4   0x08003fd4   0x000000d0   Code   RO          745    i.mpu_set_sensors   inv_mpu.o
    0x080040a4   0x080040a4   0x00000080   Code   RO          746    i.mpu_write_mem     inv_mpu.o
    0x08004124   0x08004124   0x00000006   Code   RO         1466    i.read_addr         usmart.o
    0x0800412a   0x0800412a   0x00000094   Code   RO          747    i.run_self_test     inv_mpu.o
    0x080041be   0x080041be   0x00000002   PAD
    0x080041c0   0x080041c0   0x00000090   Code   RO          748    i.set_int_enable    inv_mpu.o
    0x08004250   0x08004250   0x0000004c   Code   RO         2342    i.sqrt              m_ws.l(sqrt.o)
    0x0800429c   0x0800429c   0x000000b0   Code   RO         1467    i.usmart_cmd_rec    usmart.o
    0x0800434c   0x0800434c   0x000002d4   Code   RO         1468    i.usmart_exe        usmart.o
    0x08004620   0x08004620   0x000000d4   Code   RO         1588    i.usmart_get_aparm  usmart_str.o
    0x080046f4   0x080046f4   0x00000036   Code   RO         1589    i.usmart_get_cmdname  usmart_str.o
    0x0800472a   0x0800472a   0x00000002   PAD
    0x0800472c   0x0800472c   0x000001c0   Code   RO         1590    i.usmart_get_fname  usmart_str.o
    0x080048ec   0x080048ec   0x0000010c   Code   RO         1591    i.usmart_get_fparam  usmart_str.o
    0x080049f8   0x080049f8   0x00000020   Code   RO         1592    i.usmart_get_parmpos  usmart_str.o
    0x08004a18   0x08004a18   0x00000040   Code   RO         1469    i.usmart_get_runtime  usmart.o
    0x08004a58   0x08004a58   0x00000028   Code   RO         1470    i.usmart_init       usmart.o
    0x08004a80   0x08004a80   0x00000016   Code   RO         1593    i.usmart_pow        usmart_str.o
    0x08004a96   0x08004a96   0x00000002   PAD
    0x08004a98   0x08004a98   0x00000030   Code   RO         1471    i.usmart_reset_runtime  usmart.o
    0x08004ac8   0x08004ac8   0x000000bc   Code   RO         1472    i.usmart_scan       usmart.o
    0x08004b84   0x08004b84   0x00000016   Code   RO         1594    i.usmart_search_nextc  usmart_str.o
    0x08004b9a   0x08004b9a   0x00000106   Code   RO         1595    i.usmart_str2num    usmart_str.o
    0x08004ca0   0x08004ca0   0x00000022   Code   RO         1596    i.usmart_strcmp     usmart_str.o
    0x08004cc2   0x08004cc2   0x00000016   Code   RO         1597    i.usmart_strcopy    usmart_str.o
    0x08004cd8   0x08004cd8   0x00000018   Code   RO         1598    i.usmart_strlen     usmart_str.o
    0x08004cf0   0x08004cf0   0x000006f4   Code   RO         1473    i.usmart_sys_cmd_exe  usmart.o
    0x080053e4   0x080053e4   0x00000004   Code   RO         1474    i.write_addr        usmart.o
    0x080053e8   0x080053e8   0x00000062   Code   RO         2193    x$fpl$d2f           fz_ws.l(d2f.o)
    0x0800544a   0x0800544a   0x00000002   PAD
    0x0800544c   0x0800544c   0x00000150   Code   RO         2195    x$fpl$dadd          fz_ws.l(daddsub_clz.o)
    0x0800559c   0x0800559c   0x00000010   Code   RO         2379    x$fpl$dcheck1       fz_ws.l(dcheck1.o)
    0x080055ac   0x080055ac   0x000002b0   Code   RO         2202    x$fpl$ddiv          fz_ws.l(ddiv.o)
    0x0800585c   0x0800585c   0x0000002e   Code   RO         2210    x$fpl$dflt          fz_ws.l(dflt_clz.o)
    0x0800588a   0x0800588a   0x00000002   PAD
    0x0800588c   0x0800588c   0x00000154   Code   RO         2215    x$fpl$dmul          fz_ws.l(dmul.o)
    0x080059e0   0x080059e0   0x0000009c   Code   RO         2297    x$fpl$dnaninf       fz_ws.l(dnaninf.o)
    0x08005a7c   0x08005a7c   0x0000000c   Code   RO         2299    x$fpl$dretinf       fz_ws.l(dretinf.o)
    0x08005a88   0x08005a88   0x00000016   Code   RO         2196    x$fpl$drsb          fz_ws.l(daddsub_clz.o)
    0x08005a9e   0x08005a9e   0x00000002   PAD
    0x08005aa0   0x08005aa0   0x000001cc   Code   RO         2383    x$fpl$dsqrt         fz_ws.l(dsqrt_noumaal.o)
    0x08005c6c   0x08005c6c   0x000001d4   Code   RO         2197    x$fpl$dsub          fz_ws.l(daddsub_clz.o)
    0x08005e40   0x08005e40   0x00000056   Code   RO         2219    x$fpl$f2d           fz_ws.l(f2d.o)
    0x08005e96   0x08005e96   0x00000002   PAD
    0x08005e98   0x08005e98   0x000000c4   Code   RO         2221    x$fpl$fadd          fz_ws.l(faddsub_clz.o)
    0x08005f5c   0x08005f5c   0x00000018   Code   RO         2301    x$fpl$fcmpinf       fz_ws.l(fcmpi.o)
    0x08005f74   0x08005f74   0x00000184   Code   RO         2228    x$fpl$fdiv          fz_ws.l(fdiv.o)
    0x080060f8   0x080060f8   0x00000068   Code   RO         2231    x$fpl$feqf          fz_ws.l(feqf.o)
    0x08006160   0x08006160   0x00000036   Code   RO         2233    x$fpl$ffix          fz_ws.l(ffix.o)
    0x08006196   0x08006196   0x00000002   PAD
    0x08006198   0x08006198   0x0000003e   Code   RO         2237    x$fpl$ffixu         fz_ws.l(ffixu.o)
    0x080061d6   0x080061d6   0x00000002   PAD
    0x080061d8   0x080061d8   0x00000030   Code   RO         2242    x$fpl$fflt          fz_ws.l(fflt_clz.o)
    0x08006208   0x08006208   0x00000026   Code   RO         2241    x$fpl$ffltu         fz_ws.l(fflt_clz.o)
    0x0800622e   0x0800622e   0x00000002   PAD
    0x08006230   0x08006230   0x00000068   Code   RO         2247    x$fpl$fleqf         fz_ws.l(fleqf.o)
    0x08006298   0x08006298   0x00000102   Code   RO         2249    x$fpl$fmul          fz_ws.l(fmul.o)
    0x0800639a   0x0800639a   0x0000008c   Code   RO         2303    x$fpl$fnaninf       fz_ws.l(fnaninf.o)
    0x08006426   0x08006426   0x0000000a   Code   RO         2305    x$fpl$fretinf       fz_ws.l(fretinf.o)
    0x08006430   0x08006430   0x00000062   Code   RO         2251    x$fpl$frleqf        fz_ws.l(frleqf.o)
    0x08006492   0x08006492   0x00000002   PAD
    0x08006494   0x08006494   0x000000ea   Code   RO         2223    x$fpl$fsub          fz_ws.l(faddsub_clz.o)
    0x0800657e   0x0800657e   0x00000064   Code   RO         2402    x$fpl$retnan        fz_ws.l(retnan.o)
    0x080065e2   0x080065e2   0x0000005c   Code   RO         2309    x$fpl$scalbn        fz_ws.l(scalbn.o)
    0x0800663e   0x0800663e   0x00000030   Code   RO         2455    x$fpl$trapveneer    fz_ws.l(trapv.o)
    0x0800666e   0x0800666e   0x00000000   Code   RO         2311    x$fpl$usenofp       fz_ws.l(usenofp.o)
    0x0800666e   0x0800666e   0x00000002   PAD
    0x08006670   0x08006670   0x00000050   Data   RO          750    .constdata          inv_mpu.o
    0x080066c0   0x080066c0   0x00000bf6   Data   RO         1077    .constdata          inv_mpu_dmp_motion_driver.o
    0x080072b6   0x080072b6   0x00000028   Data   RO         2138    .constdata          c_w.l(_printf_hex_int.o)
    0x080072de   0x080072de   0x00000011   Data   RO         2173    .constdata          c_w.l(__printf_flags_ss_wp.o)
    0x080072ef   0x080072ef   0x00000001   PAD
    0x080072f0   0x080072f0   0x00000050   Data   RO         2255    .constdata          m_ws.l(asin.o)
    0x08007340   0x08007340   0x00000098   Data   RO         2314    .constdata          m_ws.l(atan.o)
    0x080073d8   0x080073d8   0x00000008   Data   RO         2340    .constdata          m_ws.l(qnan.o)
    0x080073e0   0x080073e0   0x0000004d   Data   RO          751    .conststring        inv_mpu.o
    0x0800742d   0x0800742d   0x00000003   PAD
    0x08007430   0x08007430   0x00000028   Data   RO         1475    .conststring        usmart.o
    0x08007458   0x08007458   0x000000cb   Data   RO         1563    .conststring        usmart_config.o
    0x08007523   0x08007523   0x00000001   PAD
    0x08007524   0x08007524   0x00000020   Data   RO         2530    Region$$Table       anon$$obj.o


    Execution Region RW_IRAM1 (Exec base: 0x20000000, Load base: 0x08007544, Size: 0x00003538, Max: 0x00010000, ABSOLUTE, COMPRESSED[0x00000078])

    Exec Addr    Load Addr    Size         Type   Attr      Idx    E Section Name        Object

    0x20000000   COMPRESSED   0x00000024   Data   RW           19    .data               main.o
    0x20000024   COMPRESSED   0x00000035   Data   RW          752    .data               inv_mpu.o
    0x20000059   COMPRESSED   0x00000001   PAD
    0x2000005a   COMPRESSED   0x00000004   Data   RW         1276    .data               delay.o
    0x2000005e   COMPRESSED   0x00000002   PAD
    0x20000060   COMPRESSED   0x00000006   Data   RW         1416    .data               usart.o
    0x20000066   COMPRESSED   0x00000002   PAD
    0x20000068   COMPRESSED   0x0000001c   Data   RW         1476    .data               usmart.o
    0x20000084   COMPRESSED   0x0000012c   Data   RW         1564    .data               usmart_config.o
    0x200001b0        -       0x00003050   Zero   RW           17    .bss                main.o
    0x20003200        -       0x00000010   Zero   RW         1076    .bss                inv_mpu_dmp_motion_driver.o
    0x20003210        -       0x000000c8   Zero   RW         1415    .bss                usart.o
    0x200032d8        -       0x00000060   Zero   RW         2386    .bss                c_w.l(libspace.o)
    0x20003338        -       0x00000000   Zero   RW          220    HEAP                stm32f10x.o
    0x20003338        -       0x00000200   Zero   RW          219    STACK               stm32f10x.o


==============================================================================

Image component sizes


      Code (inc. data)   RO Data    RW Data    ZI Data      Debug   Object Name

       184         16          0          4          0       1719   delay.o
      6876        292        157         53          0      35935   inv_mpu.o
      3096        122       3062          0         16      20862   inv_mpu_dmp_motion_driver.o
       112         12          0          0          0        447   led.o
       320         54          0         36      12368     224859   main.o
       770         30          0          0          0       6945   mpu6050.o
       666        102          0          0          0       4766   mpuiic.o
        52         18        236          0        512        768   stm32f10x.o
       476         54          0          0          0       3359   sys.o
       166         18          0          6        200       3512   usart.o
      3170       1350         40         28          0       7534   usmart.o
         0          0        203        300          0       1664   usmart_config.o
      1400         20          0          0          0       8733   usmart_str.o

    ----------------------------------------------------------------------
     17302       2088       3734        432      13096     321103   Object Totals
         0          0         32          0          0          0   (incl. Generated)
        14          0          4          5          0          0   (incl. Padding)

    ----------------------------------------------------------------------

      Code (inc. data)   RO Data    RW Data    ZI Data      Debug   Library Member Name

        90          0          0          0          0          0   __dczerorl2.o
         8          0          0          0          0         68   __main.o
       392          4         17          0          0         92   __printf_flags_ss_wp.o
        14          0          0          0          0         68   __printf_wp.o
         0          0          0          0          0          0   __rtentry.o
        12          0          0          0          0          0   __rtentry2.o
         6          0          0          0          0          0   __rtentry4.o
        52          8          0          0          0          0   __scatter.o
        28          0          0          0          0          0   __scatter_zi.o
         6          0          0          0          0          0   _printf_c.o
        44          0          0          0          0        108   _printf_char.o
        48          6          0          0          0         96   _printf_char_common.o
        36          4          0          0          0         80   _printf_char_file.o
         6          0          0          0          0          0   _printf_d.o
       120         16          0          0          0         92   _printf_dec.o
        88          4         40          0          0         88   _printf_hex_int.o
       178          0          0          0          0         88   _printf_intcommon.o
        78          0          0          0          0        108   _printf_pad.o
         0          0          0          0          0          0   _printf_percent.o
         4          0          0          0          0          0   _printf_percent_end.o
         6          0          0          0          0          0   _printf_s.o
        82          0          0          0          0         80   _printf_str.o
         6          0          0          0          0          0   _printf_u.o
         6          0          0          0          0          0   _printf_x.o
        22          0          0          0          0        100   _rserrno.o
        16          0          0          0          0         68   aeabi_memset.o
        18          0          0          0          0         80   exit.o
         8          0          0          0          0         68   ferror.o
         6          0          0          0          0        152   heapauxi.o
         2          0          0          0          0          0   libinit.o
         2          0          0          0          0          0   libinit2.o
         2          0          0          0          0          0   libshutdown.o
         2          0          0          0          0          0   libshutdown2.o
         8          4          0          0         96         68   libspace.o
        72          0          0          0          0         76   llsdiv.o
       238          0          0          0          0        100   lludivv7m.o
        88          0          0          0          0         76   memcmp.o
        24          4          0          0          0         84   noretval__2printf.o
         8          4          0          0          0         68   rt_errno_addr_intlibspace.o
        68          0          0          0          0         68   rt_memclr.o
        78          0          0          0          0         80   rt_memclr_w.o
         2          0          0          0          0          0   rtexit.o
        10          0          0          0          0          0   rtexit2.o
        74          0          0          0          0         80   sys_stackheap_outer.o
         2          0          0          0          0         68   use_no_semi.o
         2          0          0          0          0         68   use_no_semi_2.o
        98          4          0          0          0         92   d2f.o
       826         16          0          0          0        348   daddsub_clz.o
        16          4          0          0          0         68   dcheck1.o
       688        140          0          0          0        208   ddiv.o
        46          0          0          0          0         68   dflt_clz.o
       340         12          0          0          0        104   dmul.o
       156          4          0          0          0         92   dnaninf.o
        12          0          0          0          0         68   dretinf.o
       460         56          0          0          0        120   dsqrt_noumaal.o
        86          4          0          0          0         84   f2d.o
       430          8          0          0          0        168   faddsub_clz.o
        24          0          0          0          0         68   fcmpi.o
       388         76          0          0          0         96   fdiv.o
       104          4          0          0          0         84   feqf.o
        54          4          0          0          0         84   ffix.o
        62          4          0          0          0         84   ffixu.o
        86          0          0          0          0        136   fflt_clz.o
       104          4          0          0          0         84   fleqf.o
       258          4          0          0          0         84   fmul.o
       140          4          0          0          0         84   fnaninf.o
        10          0          0          0          0         68   fretinf.o
        98          0          0          0          0         68   frleqf.o
       100          0          0          0          0         68   retnan.o
        92          0          0          0          0         68   scalbn.o
        48          0          0          0          0         68   trapv.o
         0          0          0          0          0          0   usenofp.o
       624         52         80          0          0        168   asin.o
       544         70        152          0          0        124   atan.o
       384         38          0          0          0        144   atan2.o
        38          6          0          0          0        272   dunder.o
        40          0          0          0          0         68   fpclassify.o
       170          0          0          0          0         96   poly.o
         0          0          8          0          0          0   qnan.o
        76          0          0          0          0         84   sqrt.o

    ----------------------------------------------------------------------
      8686        568        298          0         96       5792   Library Totals
        22          0          1          0          0          0   (incl. Padding)

    ----------------------------------------------------------------------

      Code (inc. data)   RO Data    RW Data    ZI Data      Debug   Library Name

      2062         54         57          0         96       2272   c_w.l
      4726        348          0          0          0       2564   fz_ws.l
      1876        166        240          0          0        956   m_ws.l

    ----------------------------------------------------------------------
      8686        568        298          0         96       5792   Library Totals

    ----------------------------------------------------------------------

==============================================================================


      Code (inc. data)   RO Data    RW Data    ZI Data      Debug   

     25988       2656       4032        432      13192     318103   Grand Totals
     25988       2656       4032        120      13192     318103   ELF Image Totals (compressed)
     25988       2656       4032        120          0          0   ROM Totals

==============================================================================

    Total RO  Size (Code + RO Data)                30020 (  29.32kB)
    Total RW  Size (RW Data + ZI Data)             13624 (  13.30kB)
    Total ROM Size (Code + RO Data + RW Data)      30140 (  29.43kB)

==============================================================================

