Component: ARM Compiler 5.06 update 6 (build 750) Tool: armlink [4d35ed]

==============================================================================

Section Cross References

    main.o(i.AngLocDes) refers to drleqf.o(x$fpl$drleqf) for __aeabi_cdrcmple
    main.o(i.AngLocDes) refers to dleqf.o(x$fpl$dleqf) for __aeabi_cdcmple
    main.o(i.EXTI0_IRQHandler) refers to delay.o(i.delay_ms) for delay_ms
    main.o(i.EXTI0_IRQHandler) refers to main.o(i.resp_rate_cal) for resp_rate_cal
    main.o(i.EXTI0_IRQHandler) refers to main.o(.bss) for indata
    main.o(i.EXTI0_IRQHandler) refers to main.o(.data) for breath_rate
    main.o(i.GetBreathFreq) refers to fleqf.o(x$fpl$fleqf) for __aeabi_cfcmple
    main.o(i.GetBreathFreq) refers to frleqf.o(x$fpl$frleqf) for __aeabi_cfrcmple
    main.o(i.GetBreathFreq) refers to f2d.o(x$fpl$f2d) for __aeabi_f2d
    main.o(i.GetBreathFreq) refers to dmul.o(x$fpl$dmul) for __aeabi_dmul
    main.o(i.GetBreathFreq) refers to daddsub_clz.o(x$fpl$dadd) for __aeabi_dadd
    main.o(i.GetBreathFreq) refers to d2f.o(x$fpl$d2f) for __aeabi_d2f
    main.o(i.GetVariane) refers to f2d.o(x$fpl$f2d) for __aeabi_f2d
    main.o(i.GetVariane) refers to daddsub_clz.o(x$fpl$dadd) for __aeabi_dadd
    main.o(i.GetVariane) refers to dflt_clz.o(x$fpl$dflt) for __aeabi_i2d
    main.o(i.GetVariane) refers to ddiv.o(x$fpl$ddiv) for __aeabi_ddiv
    main.o(i.GetVariane) refers to daddsub_clz.o(x$fpl$dsub) for __aeabi_dsub
    main.o(i.GetVariane) refers to dmul.o(x$fpl$dmul) for __aeabi_dmul
    main.o(i.arm_fft) refers to arm_cfft_f32.o(.text) for arm_cfft_f32
    main.o(i.arm_fft) refers to arm_cmplx_mag_f32.o(.text) for arm_cmplx_mag_f32
    main.o(i.arm_fft) refers to main.o(.data) for doBitReverse
    main.o(i.arm_fft) refers to arm_const_structs.o(.constdata) for arm_cfft_sR_f32_len1024
    main.o(i.detrend) refers to dflt_clz.o(x$fpl$dflt) for __aeabi_i2d
    main.o(i.detrend) refers to daddsub_clz.o(x$fpl$dadd) for __aeabi_dadd
    main.o(i.detrend) refers to f2d.o(x$fpl$f2d) for __aeabi_f2d
    main.o(i.detrend) refers to fflt_clz.o(x$fpl$fflt) for __aeabi_i2f
    main.o(i.detrend) refers to fmul.o(x$fpl$fmul) for __aeabi_fmul
    main.o(i.detrend) refers to dmul.o(x$fpl$dmul) for __aeabi_dmul
    main.o(i.detrend) refers to daddsub_clz.o(x$fpl$dsub) for __aeabi_dsub
    main.o(i.detrend) refers to ddiv.o(x$fpl$ddiv) for __aeabi_ddiv
    main.o(i.detrend) refers to daddsub_clz.o(x$fpl$drsb) for __aeabi_drsub
    main.o(i.detrend) refers to d2f.o(x$fpl$d2f) for __aeabi_d2f
    main.o(i.detrend) refers to faddsub_clz.o(x$fpl$frsb) for __aeabi_frsub
    main.o(i.fun_index2hz) refers to fflt_clz.o(x$fpl$fflt) for __aeabi_i2f
    main.o(i.fun_index2hz) refers to faddsub_clz.o(x$fpl$fsub) for __aeabi_fsub
    main.o(i.fun_index2hz) refers to fdiv.o(x$fpl$fdiv) for __aeabi_fdiv
    main.o(i.fun_index2hz) refers to fmul.o(x$fpl$fmul) for __aeabi_fmul
    main.o(i.fun_index2hz) refers to faddsub_clz.o(x$fpl$fadd) for __aeabi_fadd
    main.o(i.fun_index2hz) refers to f2d.o(x$fpl$f2d) for __aeabi_f2d
    main.o(i.fun_index2hz) refers to dmul.o(x$fpl$dmul) for __aeabi_dmul
    main.o(i.fun_index2hz) refers to d2f.o(x$fpl$d2f) for __aeabi_d2f
    main.o(i.fun_lpf) refers to arm_fir_init_f32.o(.text) for arm_fir_init_f32
    main.o(i.fun_lpf) refers to arm_fir_f32.o(.text) for arm_fir_f32
    main.o(i.fun_lpf) refers to main.o(.bss) for firStateF32
    main.o(i.fun_lpf) refers to main.o(.constdata) for firCoeffs32
    main.o(i.fun_map) refers to fflt_clz.o(x$fpl$fflt) for __aeabi_i2f
    main.o(i.fun_map) refers to fdiv.o(x$fpl$fdiv) for __aeabi_fdiv
    main.o(i.fun_map) refers to fmul.o(x$fpl$fmul) for __aeabi_fmul
    main.o(i.fun_map) refers to ffix.o(x$fpl$ffix) for __aeabi_f2iz
    main.o(i.main) refers to sys.o(i.Stm32_Clock_Init) for Stm32_Clock_Init
    main.o(i.main) refers to delay.o(i.delay_init) for delay_init
    main.o(i.main) refers to led.o(i.LED_Init) for LED_Init
    main.o(i.main) refers to mpu6050.o(i.MPU_Init) for MPU_Init
    main.o(i.main) refers to inv_mpu.o(i.mpu_dmp_init) for mpu_dmp_init
    main.o(i.main) refers to exti.o(i.EXTIX_Init) for EXTIX_Init
    main.o(i.main) refers to inv_mpu.o(i.mpu_dmp_get_data) for mpu_dmp_get_data
    main.o(i.main) refers to usmart_config.o(.data) for usmart_dev
    main.o(i.main) refers to main.o(.bss) for indata
    main.o(i.resp_rate_cal) refers to rt_memclr_w.o(.text) for __aeabi_memclr4
    main.o(i.resp_rate_cal) refers to main.o(i.GetVariane) for GetVariane
    main.o(i.resp_rate_cal) refers to main.o(i.AngLocDes) for AngLocDes
    main.o(i.resp_rate_cal) refers to main.o(i.fun_lpf) for fun_lpf
    main.o(i.resp_rate_cal) refers to main.o(i.detrend) for detrend
    main.o(i.resp_rate_cal) refers to main.o(i.arm_fft) for arm_fft
    main.o(i.resp_rate_cal) refers to main.o(i.fun_map) for fun_map
    main.o(i.resp_rate_cal) refers to main.o(i.sortindex) for sortindex
[...]
    i.usmart_str2num                         0x08006f6a   Section        0  usmart_str.o(i.usmart_str2num)
    i.usmart_strcmp                          0x08007070   Section        0  usmart_str.o(i.usmart_strcmp)
    i.usmart_strcopy                         0x08007092   Section        0  usmart_str.o(i.usmart_strcopy)
    i.usmart_strlen                          0x080070a8   Section        0  usmart_str.o(i.usmart_strlen)
    i.usmart_sys_cmd_exe                     0x080070c0   Section        0  usmart.o(i.usmart_sys_cmd_exe)
    i.write_addr                             0x080077b4   Section        0  usmart.o(i.write_addr)
    x$fpl$d2f                                0x080077b8   Section       98  d2f.o(x$fpl$d2f)
    x$fpl$dadd                               0x0800781c   Section      336  daddsub_clz.o(x$fpl$dadd)
    _dadd1                                   0x0800782d   Thumb Code     0  daddsub_clz.o(x$fpl$dadd)
    x$fpl$dcheck1                            0x0800796c   Section       16  dcheck1.o(x$fpl$dcheck1)
    x$fpl$dcmpinf                            0x0800797c   Section       24  dcmpi.o(x$fpl$dcmpinf)
    x$fpl$ddiv                               0x08007994   Section      688  ddiv.o(x$fpl$ddiv)
    ddiv_entry                               0x0800799b   Thumb Code     0  ddiv.o(x$fpl$ddiv)
    x$fpl$dflt                               0x08007c44   Section       46  dflt_clz.o(x$fpl$dflt)
    x$fpl$dleqf                              0x08007c74   Section      120  dleqf.o(x$fpl$dleqf)
    x$fpl$dmul                               0x08007cec   Section      340  dmul.o(x$fpl$dmul)
    x$fpl$dnaninf                            0x08007e40   Section      156  dnaninf.o(x$fpl$dnaninf)
    x$fpl$dretinf                            0x08007edc   Section       12  dretinf.o(x$fpl$dretinf)
    x$fpl$drleqf                             0x08007ee8   Section      108  drleqf.o(x$fpl$drleqf)
    x$fpl$drsb                               0x08007f54   Section       22  daddsub_clz.o(x$fpl$drsb)
    x$fpl$dsqrt                              0x08007f6c   Section      460  dsqrt_noumaal.o(x$fpl$dsqrt)
    x$fpl$dsub                               0x08008138   Section      468  daddsub_clz.o(x$fpl$dsub)
    _dsub1                                   0x08008149   Thumb Code     0  daddsub_clz.o(x$fpl$dsub)
    x$fpl$f2d                                0x0800830c   Section       86  f2d.o(x$fpl$f2d)
    x$fpl$fadd                               0x08008364   Section      196  faddsub_clz.o(x$fpl$fadd)
    _fadd1                                   0x08008373   Thumb Code     0  faddsub_clz.o(x$fpl$fadd)
    x$fpl$fcmpinf                            0x08008428   Section       24  fcmpi.o(x$fpl$fcmpinf)
    x$fpl$fdiv                               0x08008440   Section      388  fdiv.o(x$fpl$fdiv)
    _fdiv1                                   0x08008441   Thumb Code     0  fdiv.o(x$fpl$fdiv)
    x$fpl$feqf                               0x080085c4   Section      104  feqf.o(x$fpl$feqf)
    x$fpl$ffix                               0x0800862c   Section       54  ffix.o(x$fpl$ffix)
    x$fpl$ffixu                              0x08008664   Section       62  ffixu.o(x$fpl$ffixu)
    x$fpl$fflt                               0x080086a4   Section       48  fflt_clz.o(x$fpl$fflt)
    x$fpl$ffltu                              0x080086d4   Section       38  fflt_clz.o(x$fpl$ffltu)
    x$fpl$fleqf                              0x080086fc   Section      104  fleqf.o(x$fpl$fleqf)
    x$fpl$fmul                               0x08008764   Section      258  fmul.o(x$fpl$fmul)
    x$fpl$fnaninf                            0x08008866   Section      140  fnaninf.o(x$fpl$fnaninf)
    x$fpl$fretinf                            0x080088f2   Section       10  fretinf.o(x$fpl$fretinf)
    x$fpl$frleqf                             0x080088fc   Section       98  frleqf.o(x$fpl$frleqf)
    x$fpl$frsb                               0x0800895e   Section       20  faddsub_clz.o(x$fpl$frsb)
    x$fpl$fsqrt                              0x08008974   Section      272  fsqrt.o(x$fpl$fsqrt)
    x$fpl$fsub                               0x08008a84   Section      234  faddsub_clz.o(x$fpl$fsub)
    _fsub1                                   0x08008a93   Thumb Code     0  faddsub_clz.o(x$fpl$fsub)
    x$fpl$retnan                             0x08008b6e   Section      100  retnan.o(x$fpl$retnan)
    x$fpl$scalbn                             0x08008bd2   Section       92  scalbn.o(x$fpl$scalbn)
    x$fpl$trapveneer                         0x08008c2e   Section       48  trapv.o(x$fpl$trapveneer)
    x$fpl$usenofp                            0x08008c5e   Section        0  usenofp.o(x$fpl$usenofp)
    .constdata                               0x08008c60   Section       80  main.o(.constdata)
    .constdata                               0x08008cb0   Section       80  inv_mpu.o(.constdata)
    .constdata                               0x08008d00   Section     3062  inv_mpu_dmp_motion_driver.o(.constdata)
    dmp_memory                               0x08008d00   Data        3062  inv_mpu_dmp_motion_driver.o(.constdata)
    .constdata                               0x080098f8   Section       16  arm_const_structs.o(.constdata)
    .constdata                               0x08009908   Section     8192  arm_common_tables.o(.constdata)
    .constdata                               0x0800b908   Section     3600  arm_common_tables.o(.constdata)
    .constdata                               0x0800c718   Section       40  _printf_hex_int.o(.constdata)
    uc_hextab                                0x0800c718   Data          20  _printf_hex_int.o(.constdata)
    lc_hextab                                0x0800c72c   Data          20  _printf_hex_int.o(.constdata)
    .constdata                               0x0800c740   Section       17  __printf_flags_ss_wp.o(.constdata)
    maptable                                 0x0800c740   Data          17  __printf_flags_ss_wp.o(.constdata)
    .constdata                               0x0800c758   Section       80  asin.o(.constdata)
    pS                                       0x0800c758   Data          48  asin.o(.constdata)
    qS                                       0x0800c788   Data          32  asin.o(.constdata)
    .constdata                               0x0800c7a8   Section      152  atan.o(.constdata)
    atanhi                                   0x0800c7a8   Data          32  atan.o(.constdata)
    atanlo                                   0x0800c7c8   Data          32  atan.o(.constdata)
    aTodd                                    0x0800c7e8   Data          40  atan.o(.constdata)
    aTeven                                   0x0800c810   Data          48  atan.o(.constdata)
    .constdata                               0x0800c840   Section        8  qnan.o(.constdata)
    .conststring                             0x0800c848   Section       77  inv_mpu.o(.conststring)
    .conststring                             0x0800c898   Section       40  usmart.o(.conststring)
    .conststring                             0x0800c8c0   Section      203  usmart_config.o(.conststring)
    .data                                    0x20000000   Section       28  main.o(.data)
    testInput_fft                            0x20000000   Data           4  main.o(.data)
    testOutput_fft                           0x20000004   Data           4  main.o(.data)
    Nums_of_map                              0x20000014   Data           4  main.o(.data)
    .data                                    0x2000001c   Section       53  inv_mpu.o(.data)
    st                                       0x2000001c   Data          44  inv_mpu.o(.data)
    gyro_orientation                         0x20000048   Data           9  inv_mpu.o(.data)
    .data                                    0x20000052   Section        4  delay.o(.data)
    fac_us                                   0x20000052   Data           1  delay.o(.data)
    fac_ms                                   0x20000054   Data           2  delay.o(.data)
    .data                                    0x20000058   Section        6  usart.o(.data)
    .data                                    0x20000060   Section       28  usmart.o(.data)
    .data                                    0x2000007c   Section      300  usmart_config.o(.data)
    .bss                                     0x200001a8   Section    12368  main.o(.bss)
    firStateF32                              0x200001a8   Data          80  main.o(.bss)
    cell_2048                                0x200001f8   Data        4096  main.o(.bss)
    cell_1024                                0x200011f8   Data        2048  main.o(.bss)
    .bss                                     0x200031f8   Section       16  inv_mpu_dmp_motion_driver.o(.bss)
    dmp                                      0x200031f8   Data          16  inv_mpu_dmp_motion_driver.o(.bss)
    .bss                                     0x20003208   Section      200  usart.o(.bss)
    .bss                                     0x200032d0   Section       96  libspace.o(.bss)
    HEAP                                     0x20003330   Section        0  stm32f10x.o(HEAP)
    STACK                                    0x20003330   Section      512  stm32f10x.o(STACK)
    Heap_Mem                                 0x20003330   Data           0  stm32f10x.o(HEAP)
    Stack_Mem                                0x20003330   Data         512  stm32f10x.o(STACK)
    __initial_sp                             0x20003530   Data           0  stm32f10x.o(STACK)

    Global Symbols

    Symbol Name                              Value     Ov Type        Size  Object(Section)

    BuildAttributes$$THM_ISAv4$P$D$K$B$S$PE$A:L22UL41UL21$X:L11$S22US41US21$IEEE1$IW$USESV6$~STKCKD$USESV7$~SHL$OTIME$ROPI$IEEEX$EBA8$UX$STANDARDLIB$REQ8$PRES8$EABIv2 0x00000000   Number         0  anon$$obj.o ABSOLUTE
    __ARM_use_no_argv                        0x00000000   Number         0  main.o ABSOLUTE
    _printf_flags                            0x00000000   Number         0  printf_stubs.o ABSOLUTE
    _printf_return_value                     0x00000000   Number         0  printf_stubs.o ABSOLUTE
    _printf_sizespec                         0x00000000   Number         0  printf_stubs.o ABSOLUTE
    _printf_widthprec                        0x00000000   Number         0  printf_stubs.o ABSOLUTE
    __ARM_exceptions_init                     - Undefined Weak Reference
    __alloca_initialize                       - Undefined Weak Reference
    __arm_preinit_                            - Undefined Weak Reference
    __cpp_initialize__aeabi_                  - Undefined Weak Reference
    __cxa_finalize                            - Undefined Weak Reference
    __rt_locale                               - Undefined Weak Reference
    __sigvec_lookup                           - Undefined Weak Reference
    _atexit_init                              - Undefined Weak Reference
    _call_atexit_fns                          - Undefined Weak Reference
    _clock_init                               - Undefined Weak Reference
    _fp_trap_init                             - Undefined Weak Reference
    _fp_trap_shutdown                         - Undefined Weak Reference
    _get_lc_collate                           - Undefined Weak Reference
    _get_lc_ctype                             - Undefined Weak Reference
    _get_lc_monetary                          - Undefined Weak Reference
    _get_lc_numeric                           - Undefined Weak Reference
    _get_lc_time                              - Undefined Weak Reference
    _getenv_init                              - Undefined Weak Reference
    _handle_redirection                       - Undefined Weak Reference
    _init_alloc                               - Undefined Weak Reference
    _init_user_alloc                          - Undefined Weak Reference
    _initio                                   - Undefined Weak Reference
    _mutex_acquire                            - Undefined Weak Reference
    _mutex_release                            - Undefined Weak Reference
    _printf_mbtowc                            - Undefined Weak Reference
    _printf_truncate_signed                   - Undefined Weak Reference
    _printf_truncate_unsigned                 - Undefined Weak Reference
    _rand_init                                - Undefined Weak Reference
    _signal_finish                            - Undefined Weak Reference
    _signal_init                              - Undefined Weak Reference
    _terminate_alloc                          - Undefined Weak Reference
    _terminate_user_alloc                     - Undefined Weak Reference
    _terminateio                              - Undefined Weak Reference
    __Vectors                                0x08000000   Data           4  stm32f10x.o(RESET)
    __main                                   0x080000ed   Thumb Code     8  __main.o(!!!main)
    __scatterload                            0x080000f5   Thumb Code     0  __scatter.o(!!!scatter)
    __scatterload_rt2                        0x080000f5   Thumb Code    44  __scatter.o(!!!scatter)
    __scatterload_rt2_thumb_only             0x080000f5   Thumb Code     0  __scatter.o(!!!scatter)
    __scatterload_null                       0x08000103   Thumb Code     0  __scatter.o(!!!scatter)
    __decompress                             0x08000129   Thumb Code    90  __dczerorl2.o(!!dczerorl2)
    __decompress1                            0x08000129   Thumb Code     0  __dczerorl2.o(!!dczerorl2)
    __scatterload_zeroinit                   0x08000185   Thumb Code    28  __scatter_zi.o(!!handler_zi)
    arm_bitreversal_32                       0x080001a1   Thumb Code   106  arm_bitreversal2.o(. text)
    arm_bitreversal_16                       0x0800020b   Thumb Code    86  arm_bitreversal2.o(. text)
    _printf_d                                0x08000261   Thumb Code     0  _printf_d.o(.ARM.Collect$$_printf_percent$$00000009)
    _printf_percent                          0x08000261   Thumb Code     0  _printf_percent.o(.ARM.Collect$$_printf_percent$$00000000)
    _printf_u                                0x08000267   Thumb Code     0  _printf_u.o(.ARM.Collect$$_printf_percent$$0000000A)
    _printf_x                                0x0800026d   Thumb Code     0  _printf_x.o(.ARM.Collect$$_printf_percent$$0000000C)
    _printf_c                                0x08000273   Thumb Code     0  _printf_c.o(.ARM.Collect$$_printf_percent$$00000013)
    _printf_s                                0x08000279   Thumb Code     0  _printf_s.o(.ARM.Collect$$_printf_percent$$00000014)
    _printf_percent_end                      0x0800027f   Thumb Code     0  _printf_percent_end.o(.ARM.Collect$$_printf_percent$$00000017)
    __rt_lib_init                            0x08000283   Thumb Code     0  libinit.o(.ARM.Collect$$libinit$$00000000)
    __rt_lib_init_alloca_1                   0x08000285   Thumb Code     0  libinit2.o(.ARM.Collect$$libinit$$0000002E)
    __rt_lib_init_argv_1                     0x08000285   Thumb Code     0  libinit2.o(.ARM.Collect$$libinit$$0000002C)
    __rt_lib_init_atexit_1                   0x08000285   Thumb Code     0  libinit2.o(.ARM.Collect$$libinit$$0000001B)
    __rt_lib_init_clock_1                    0x08000285   Thumb Code     0  libinit2.o(.ARM.Collect$$libinit$$00000021)
    __rt_lib_init_cpp_1                      0x08000285   Thumb Code     0  libinit2.o(.ARM.Collect$$libinit$$00000032)
    __rt_lib_init_exceptions_1               0x08000285   Thumb Code     0  libinit2.o(.ARM.Collect$$libinit$$00000030)
    __rt_lib_init_fp_1                       0x08000285   Thumb Code     0  libinit2.o(.ARM.Collect$$libinit$$00000002)
    __rt_lib_init_fp_trap_1                  0x08000285   Thumb Code     0  libinit2.o(.ARM.Collect$$libinit$$0000001F)
    __rt_lib_init_getenv_1                   0x08000285   Thumb Code     0  libinit2.o(.ARM.Collect$$libinit$$00000023)
    __rt_lib_init_heap_1                     0x08000285   Thumb Code     0  libinit2.o(.ARM.Collect$$libinit$$0000000A)
    __rt_lib_init_lc_collate_1               0x08000285   Thumb Code     0  libinit2.o(.ARM.Collect$$libinit$$00000011)
    __rt_lib_init_lc_ctype_1                 0x08000285   Thumb Code     0  libinit2.o(.ARM.Collect$$libinit$$00000013)
    __rt_lib_init_lc_monetary_1              0x08000285   Thumb Code     0  libinit2.o(.ARM.Collect$$libinit$$00000015)
    __rt_lib_init_lc_numeric_1               0x08000285   Thumb Code     0  libinit2.o(.ARM.Collect$$libinit$$00000017)
    __rt_lib_init_lc_time_1                  0x08000285   Thumb Code     0  libinit2.o(.ARM.Collect$$libinit$$00000019)
    __rt_lib_init_preinit_1                  0x08000285   Thumb Code     0  libinit2.o(.ARM.Collect$$libinit$$00000004)
    __rt_lib_init_rand_1                     0x08000285   Thumb Code     0  libinit2.o(.ARM.Collect$$libinit$$0000000E)
    __rt_lib_init_return                     0x08000285   Thumb Code     0  libinit2.o(.ARM.Collect$$libinit$$00000033)
    __rt_lib_init_signal_1                   0x08000285   Thumb Code     0  libinit2.o(.ARM.Collect$$libinit$$0000001D)
    __rt_lib_init_stdio_1                    0x08000285   Thumb Code     0  libinit2.o(.ARM.Collect$$libinit$$00000025)
    __rt_lib_init_user_alloc_1               0x08000285   Thumb Code     0  libinit2.o(.ARM.Collect$$libinit$$0000000C)
    __rt_lib_shutdown                        0x08000287   Thumb Code     0  libshutdown.o(.ARM.Collect$$libshutdown$$00000000)
    __rt_lib_shutdown_cpp_1                  0x08000289   Thumb Code     0  libshutdown2.o(.ARM.Collect$$libshutdown$$00000002)
    __rt_lib_shutdown_fp_trap_1              0x08000289   Thumb Code     0  libshutdown2.o(.ARM.Collect$$libshutdown$$00000007)
    __rt_lib_shutdown_heap_1                 0x08000289   Thumb Code     0  libshutdown2.o(.ARM.Collect$$libshutdown$$0000000F)
    __rt_lib_shutdown_return                 0x08000289   Thumb Code     0  libshutdown2.o(.ARM.Collect$$libshutdown$$00000010)
    __rt_lib_shutdown_signal_1               0x08000289   Thumb Code     0  libshutdown2.o(.ARM.Collect$$libshutdown$$0000000A)
    __rt_lib_shutdown_stdio_1                0x08000289   Thumb Code     0  libshutdown2.o(.ARM.Collect$$libshutdown$$00000004)
    __rt_lib_shutdown_user_alloc_1           0x08000289   Thumb Code     0  libshutdown2.o(.ARM.Collect$$libshutdown$$0000000C)
    __rt_entry                               0x0800028b   Thumb Code     0  __rtentry.o(.ARM.Collect$$rtentry$$00000000)
    __rt_entry_presh_1                       0x0800028b   Thumb Code     0  __rtentry2.o(.ARM.Collect$$rtentry$$00000002)
    __rt_entry_sh                            0x0800028b   Thumb Code     0  __rtentry4.o(.ARM.Collect$$rtentry$$00000004)
    __rt_entry_li                            0x08000291   Thumb Code     0  __rtentry2.o(.ARM.Collect$$rtentry$$0000000A)
    __rt_entry_postsh_1                      0x08000291   Thumb Code     0  __rtentry2.o(.ARM.Collect$$rtentry$$00000009)
    __rt_entry_main                          0x08000295   Thumb Code     0  __rtentry2.o(.ARM.Collect$$rtentry$$0000000D)
    __rt_entry_postli_1                      0x08000295   Thumb Code     0  __rtentry2.o(.ARM.Collect$$rtentry$$0000000C)
    __rt_exit                                0x0800029d   Thumb Code     0  rtexit.o(.ARM.Collect$$rtexit$$00000000)
    __rt_exit_ls                             0x0800029f   Thumb Code     0  rtexit2.o(.ARM.Collect$$rtexit$$00000003)
    __rt_exit_prels_1                        0x0800029f   Thumb Code     0  rtexit2.o(.ARM.Collect$$rtexit$$00000002)
    __rt_exit_exit                           0x080002a3   Thumb Code     0  rtexit2.o(.ARM.Collect$$rtexit$$00000004)
    Reset_Handler                            0x080002a9   Thumb Code     4  stm32f10x.o(.text)
    NMI_Handler                              0x080002ad   Thumb Code     2  stm32f10x.o(.text)
    HardFault_Handler                        0x080002af   Thumb Code     2  stm32f10x.o(.text)
    MemManage_Handler                        0x080002b1   Thumb Code     2  stm32f10x.o(.text)
    BusFault_Handler                         0x080002b3   Thumb Code     2  stm32f10x.o(.text)
    UsageFault_Handler                       0x080002b5   Thumb Code     2  stm32f10x.o(.text)
    SVC_Handler                              0x080002b7   Thumb Code     2  stm32f10x.o(.text)
    DebugMon_Handler                         0x080002b9   Thumb Code     2  stm32f10x.o(.text)
    PendSV_Handler                           0x080002bb   Thumb Code     2  stm32f10x.o(.text)
    SysTick_Handler                          0x080002bd   Thumb Code     2  stm32f10x.o(.text)
    ADC_IRQHandler                           0x080002bf   Thumb Code     0  stm32f10x.o(.text)
    CAN_RX1_IRQHandler                       0x080002bf   Thumb Code     0  stm32f10x.o(.text)
    CAN_SCE_IRQHandler                       0x080002bf   Thumb Code     0  stm32f10x.o(.text)
    DMAChannel1_IRQHandler                   0x080002bf   Thumb Code     0  stm32f10x.o(.text)
    DMAChannel2_IRQHandler                   0x080002bf   Thumb Code     0  stm32f10x.o(.text)
    DMAChannel3_IRQHandler                   0x080002bf   Thumb Code     0  stm32f10x.o(.text)
    DMAChannel4_IRQHandler                   0x080002bf   Thumb Code     0  stm32f10x.o(.text)
    DMAChannel5_IRQHandler                   0x080002bf   Thumb Code     0  stm32f10x.o(.text)
    DMAChannel6_IRQHandler                   0x080002bf   Thumb Code     0  stm32f10x.o(.text)
    DMAChannel7_IRQHandler                   0x080002bf   Thumb Code     0  stm32f10x.o(.text)
    EXTI15_10_IRQHandler                     0x080002bf   Thumb Code     0  stm32f10x.o(.text)
    EXTI1_IRQHandler                         0x080002bf   Thumb Code     0  stm32f10x.o(.text)
    EXTI2_IRQHandler                         0x080002bf   Thumb Code     0  stm32f10x.o(.text)
    EXTI3_IRQHandler                         0x080002bf   Thumb Code     0  stm32f10x.o(.text)
    EXTI4_IRQHandler                         0x080002bf   Thumb Code     0  stm32f10x.o(.text)
    EXTI9_5_IRQHandler                       0x080002bf   Thumb Code     0  stm32f10x.o(.text)
    FLASH_IRQHandler                         0x080002bf   Thumb Code     0  stm32f10x.o(.text)
    I2C1_ER_IRQHandler                       0x080002bf   Thumb Code     0  stm32f10x.o(.text)
    I2C1_EV_IRQHandler                       0x080002bf   Thumb Code     0  stm32f10x.o(.text)
    I2C2_ER_IRQHandler                       0x080002bf   Thumb Code     0  stm32f10x.o(.text)
    I2C2_EV_IRQHandler                       0x080002bf   Thumb Code     0  stm32f10x.o(.text)
    PVD_IRQHandler                           0x080002bf   Thumb Code     0  stm32f10x.o(.text)
    RCC_IRQHandler                           0x080002bf   Thumb Code     0  stm32f10x.o(.text)
    RTCAlarm_IRQHandler                      0x080002bf   Thumb Code     0  stm32f10x.o(.text)
    RTC_IRQHandler                           0x080002bf   Thumb Code     0  stm32f10x.o(.text)
    SPI1_IRQHandler                          0x080002bf   Thumb Code     0  stm32f10x.o(.text)
    SPI2_IRQHandler                          0x080002bf   Thumb Code     0  stm32f10x.o(.text)
    TAMPER_IRQHandler                        0x080002bf   Thumb Code     0  stm32f10x.o(.text)
    TIM1_BRK_IRQHandler                      0x080002bf   Thumb Code     0  stm32f10x.o(.text)
    TIM1_CC_IRQHandler                       0x080002bf   Thumb Code     0  stm32f10x.o(.text)
    TIM1_TRG_COM_IRQHandler                  0x080002bf   Thumb Code     0  stm32f10x.o(.text)
    TIM1_UP_IRQHandler                       0x080002bf   Thumb Code     0  stm32f10x.o(.text)
    TIM2_IRQHandler                          0x080002bf   Thumb Code     0  stm32f10x.o(.text)
    TIM3_IRQHandler                          0x080002bf   Thumb Code     0  stm32f10x.o(.text)
    USART2_IRQHandler                        0x080002bf   Thumb Code     0  stm32f10x.o(.text)
    USART3_IRQHandler                        0x080002bf   Thumb Code     0  stm32f10x.o(.text)
    USBWakeUp_IRQHandler                     0x080002bf   Thumb Code     0  stm32f10x.o(.text)
    USB_HP_CAN_TX_IRQHandler                 0x080002bf   Thumb Code     0  stm32f10x.o(.text)
    USB_LP_CAN_RX0_IRQHandler                0x080002bf   Thumb Code     0  stm32f10x.o(.text)
    WWDG_IRQHandler                          0x080002bf   Thumb Code     0  stm32f10x.o(.text)
    __user_initial_stackheap                 0x080002c1   Thumb Code     0  stm32f10x.o(.text)
    arm_cmplx_mag_f32                        0x080002dd   Thumb Code    80  arm_cmplx_mag_f32.o(.text)
    arm_fir_f32                              0x0800032d   Thumb Code  2274  arm_fir_f32.o(.text)
    arm_fir_init_f32                         0x08000c0f   Thumb Code    28  arm_fir_init_f32.o(.text)
    arm_cfft_radix8by2_f32                   0x08000c2d   Thumb Code   600  arm_cfft_f32.o(.text)
    arm_cfft_radix8by4_f32                   0x08000e85   Thumb Code  1708  arm_cfft_f32.o(.text)
    arm_cfft_f32                             0x08001531   Thumb Code   302  arm_cfft_f32.o(.text)
    arm_radix8_butterfly_f32                 0x08001661   Thumb Code  2164  arm_cfft_radix8_f32.o(.text)
    __use_no_semihosting                     0x08001ed9   Thumb Code     2  use_no_semi_2.o(.text)
    __aeabi_ldivmod                          0x08001edb   Thumb Code     0  llsdiv.o(.text)
    _ll_sdiv                                 0x08001edb   Thumb Code    72  llsdiv.o(.text)
    __2printf                                0x08001f25   Thumb Code    20  noretval__2printf.o(.text)
    _printf_pre_padding                      0x08001f3d   Thumb Code    44  _printf_pad.o(.text)
    _printf_post_padding                     0x08001f69   Thumb Code    34  _printf_pad.o(.text)
    _printf_str                              0x08001f8b   Thumb Code    82  _printf_str.o(.text)
    _printf_int_dec                          0x08001fdd   Thumb Code   104  _printf_dec.o(.text)
    _printf_int_hex                          0x08002055   Thumb Code    84  _printf_hex_int.o(.text)
    _printf_longlong_hex                     0x08002055   Thumb Code     0  _printf_hex_int.o(.text)
    __printf                                 0x080020ad   Thumb Code   388  __printf_flags_ss_wp.o(.text)
    memcmp                                   0x08002235   Thumb Code    88  memcmp.o(.text)
    __aeabi_memset                           0x0800228d   Thumb Code    16  aeabi_memset.o(.text)
    __aeabi_memclr4                          0x0800229d   Thumb Code     0  rt_memclr_w.o(.text)
    __aeabi_memclr8                          0x0800229d   Thumb Code     0  rt_memclr_w.o(.text)
    __rt_memclr_w                            0x0800229d   Thumb Code    78  rt_memclr_w.o(.text)
    _memset_w                                0x080022a1   Thumb Code     0  rt_memclr_w.o(.text)
    __use_two_region_memory                  0x080022eb   Thumb Code     2  heapauxi.o(.text)
    __rt_heap_escrow$2region                 0x080022ed   Thumb Code     2  heapauxi.o(.text)
    __rt_heap_expand$2region                 0x080022ef   Thumb Code     2  heapauxi.o(.text)
    __I$use$semihosting                      0x080022f1   Thumb Code     0  use_no_semi.o(.text)
    __use_no_semihosting_swi                 0x080022f1   Thumb Code     2  use_no_semi.o(.text)
    __aeabi_uldivmod                         0x080022f3   Thumb Code     0  lludivv7m.o(.text)
    _ll_udiv                                 0x080022f3   Thumb Code   238  lludivv7m.o(.text)
    __read_errno                             0x080023e1   Thumb Code    10  _rserrno.o(.text)
    __set_errno                              0x080023eb   Thumb Code    12  _rserrno.o(.text)
    _printf_int_common                       0x080023f7   Thumb Code   178  _printf_intcommon.o(.text)
    _printf_cs_common                        0x080024a9   Thumb Code    20  _printf_char.o(.text)
    _printf_char                             0x080024bd   Thumb Code    16  _printf_char.o(.text)
    _printf_string                           0x080024cd   Thumb Code     8  _printf_char.o(.text)
    _printf_char_file                        0x080024d5   Thumb Code    32  _printf_char_file.o(.text)
    __aeabi_memclr                           0x080024f9   Thumb Code     0  rt_memclr.o(.text)
    __rt_memclr                              0x080024f9   Thumb Code    68  rt_memclr.o(.text)
    _memset                                  0x080024fd   Thumb Code     0  rt_memclr.o(.text)
    __aeabi_errno_addr                       0x0800253d   Thumb Code     8  rt_errno_addr_intlibspace.o(.text)
    __errno$intlibspace                      0x0800253d   Thumb Code     0  rt_errno_addr_intlibspace.o(.text)
    __rt_errno_addr$intlibspace              0x0800253d   Thumb Code     0  rt_errno_addr_intlibspace.o(.text)
    _printf_char_common                      0x0800254f   Thumb Code    32  _printf_char_common.o(.text)
    ferror                                   0x08002575   Thumb Code     8  ferror.o(.text)
    __user_libspace                          0x0800257d   Thumb Code     8  libspace.o(.text)
    __user_perproc_libspace                  0x0800257d   Thumb Code     0  libspace.o(.text)
    __user_perthread_libspace                0x0800257d   Thumb Code     0  libspace.o(.text)
    __user_setup_stackheap                   0x08002585   Thumb Code    74  sys_stackheap_outer.o(.text)
    exit                                     0x080025cf   Thumb Code    18  exit.o(.text)
    AngLocDes                                0x080025e1   Thumb Code   104  main.o(i.AngLocDes)
    EXTI0_IRQHandler                         0x08002649   Thumb Code    50  main.o(i.EXTI0_IRQHandler)
    EXTIX_Init                               0x08002691   Thumb Code    26  exti.o(i.EXTIX_Init)
    Ex_NVIC_Config                           0x080026ad   Thumb Code   146  sys.o(i.Ex_NVIC_Config)
    GetBreathFreq                            0x0800274d   Thumb Code   174  main.o(i.GetBreathFreq)
    GetVariane                               0x08002809   Thumb Code   204  main.o(i.GetVariane)
    JTAG_Set                                 0x080028d5   Thumb Code    38  sys.o(i.JTAG_Set)
    LED_Init                                 0x08002905   Thumb Code   100  led.o(i.LED_Init)
    MPU_Get_Temperature                      0x08002975   Thumb Code    86  mpu6050.o(i.MPU_Get_Temperature)
    MPU_IIC_Ack                              0x080029dd   Thumb Code    62  mpuiic.o(i.MPU_IIC_Ack)
    MPU_IIC_Delay                            0x08002a29   Thumb Code    10  mpuiic.o(i.MPU_IIC_Delay)
    MPU_IIC_Init                             0x08002a35   Thumb Code    52  mpuiic.o(i.MPU_IIC_Init)
    MPU_IIC_NAck                             0x08002a71   Thumb Code    62  mpuiic.o(i.MPU_IIC_NAck)
    MPU_IIC_Read_Byte                        0x08002abd   Thumb Code    94  mpuiic.o(i.MPU_IIC_Read_Byte)
    MPU_IIC_Send_Byte                        0x08002b29   Thumb Code    80  mpuiic.o(i.MPU_IIC_Send_Byte)
    MPU_IIC_Start                            0x08002b85   Thumb Code    60  mpuiic.o(i.MPU_IIC_Start)
    MPU_IIC_Stop                             0x08002bcd   Thumb Code    58  mpuiic.o(i.MPU_IIC_Stop)
    MPU_IIC_Wait_Ack                         0x08002c15   Thumb Code    86  mpuiic.o(i.MPU_IIC_Wait_Ack)
    MPU_Init                                 0x08002c79   Thumb Code   168  mpu6050.o(i.MPU_Init)
    MPU_Read_Byte                            0x08002d2d   Thumb Code    58  mpu6050.o(i.MPU_Read_Byte)
    MPU_Read_Len                             0x08002d67   Thumb Code   116  mpu6050.o(i.MPU_Read_Len)
    MPU_Set_Accel_Fsr                        0x08002ddb   Thumb Code    16  mpu6050.o(i.MPU_Set_Accel_Fsr)
    MPU_Set_Gyro_Fsr                         0x08002deb   Thumb Code    16  mpu6050.o(i.MPU_Set_Gyro_Fsr)
    MPU_Set_LPF                              0x08002dfb   Thumb Code    58  mpu6050.o(i.MPU_Set_LPF)
    MPU_Set_Rate                             0x08002e35   Thumb Code    58  mpu6050.o(i.MPU_Set_Rate)
    MPU_Write_Byte                           0x08002e6f   Thumb Code    68  mpu6050.o(i.MPU_Write_Byte)
    MPU_Write_Len                            0x08002eb3   Thumb Code    96  mpu6050.o(i.MPU_Write_Len)
    MYRCC_DeInit                             0x08002f15   Thumb Code    90  sys.o(i.MYRCC_DeInit)
    MY_NVIC_Init                             0x08002f7d   Thumb Code   116  sys.o(i.MY_NVIC_Init)
    MY_NVIC_PriorityGroupConfig              0x08002ff5   Thumb Code    32  sys.o(i.MY_NVIC_PriorityGroupConfig)
    MY_NVIC_SetVectorTable                   0x0800301d   Thumb Code    12  sys.o(i.MY_NVIC_SetVectorTable)
    Stm32_Clock_Init                         0x08003031   Thumb Code   134  sys.o(i.Stm32_Clock_Init)
    TIM4_IRQHandler                          0x080030c1   Thumb Code    50  usmart.o(i.TIM4_IRQHandler)
    Timer4_Init                              0x080030fd   Thumb Code    72  usmart.o(i.Timer4_Init)
    USART1_IRQHandler                        0x0800314d   Thumb Code   118  usart.o(i.USART1_IRQHandler)
    __ARM_fpclassify                         0x080031d1   Thumb Code    40  fpclassify.o(i.__ARM_fpclassify)
    __kernel_poly                            0x080031f9   Thumb Code   170  poly.o(i.__kernel_poly)
    __mathlib_dbl_infnan                     0x080032a3   Thumb Code     6  dunder.o(i.__mathlib_dbl_infnan)
    __mathlib_dbl_infnan2                    0x080032a9   Thumb Code     4  dunder.o(i.__mathlib_dbl_infnan2)
    __mathlib_dbl_invalid                    0x080032ad   Thumb Code    12  dunder.o(i.__mathlib_dbl_invalid)
    __mathlib_dbl_underflow                  0x080032b9   Thumb Code    10  dunder.o(i.__mathlib_dbl_underflow)
    _is_digit                                0x080032c9   Thumb Code    14  __printf_wp.o(i._is_digit)
    _sys_exit                                0x080032d7   Thumb Code     6  usart.o(i._sys_exit)
    arm_fft                                  0x08003389   Thumb Code    42  main.o(i.arm_fft)
    asin                                     0x080033cd   Thumb Code   572  asin.o(i.asin)
    atan                                     0x0800363d   Thumb Code   474  atan.o(i.atan)
    atan2                                    0x0800385d   Thumb Code   346  atan2.o(i.atan2)
    delay_init                               0x08003a41   Thumb Code    56  delay.o(i.delay_init)
    delay_ms                                 0x08003a81   Thumb Code    56  delay.o(i.delay_ms)
    delay_us                                 0x08003abd   Thumb Code    56  delay.o(i.delay_us)
    detrend                                  0x08003af9   Thumb Code   418  main.o(i.detrend)
    dmp_enable_6x_lp_quat                    0x08003c9b   Thumb Code    60  inv_mpu_dmp_motion_driver.o(i.dmp_enable_6x_lp_quat)
    dmp_enable_feature                       0x08003cd9   Thumb Code   530  inv_mpu_dmp_motion_driver.o(i.dmp_enable_feature)
    dmp_enable_gyro_cal                      0x08003ef5   Thumb Code    62  inv_mpu_dmp_motion_driver.o(i.dmp_enable_gyro_cal)
    dmp_enable_lp_quat                       0x08003f4d   Thumb Code    60  inv_mpu_dmp_motion_driver.o(i.dmp_enable_lp_quat)
    dmp_load_motion_driver_firmware          0x08003f89   Thumb Code    20  inv_mpu_dmp_motion_driver.o(i.dmp_load_motion_driver_firmware)
    dmp_read_fifo                            0x08003fa1   Thumb Code   456  inv_mpu_dmp_motion_driver.o(i.dmp_read_fifo)
    dmp_set_accel_bias                       0x0800416d   Thumb Code   300  inv_mpu_dmp_motion_driver.o(i.dmp_set_accel_bias)
    dmp_set_fifo_rate                        0x0800429d   Thumb Code    96  inv_mpu_dmp_motion_driver.o(i.dmp_set_fifo_rate)
    dmp_set_gyro_bias                        0x0800430d   Thumb Code   294  inv_mpu_dmp_motion_driver.o(i.dmp_set_gyro_bias)
    dmp_set_orientation                      0x0800443d   Thumb Code   290  inv_mpu_dmp_motion_driver.o(i.dmp_set_orientation)
    dmp_set_shake_reject_thresh              0x08004575   Thumb Code    56  inv_mpu_dmp_motion_driver.o(i.dmp_set_shake_reject_thresh)
    dmp_set_shake_reject_time                0x080045ad   Thumb Code    38  inv_mpu_dmp_motion_driver.o(i.dmp_set_shake_reject_time)
    dmp_set_shake_reject_timeout             0x080045d3   Thumb Code    38  inv_mpu_dmp_motion_driver.o(i.dmp_set_shake_reject_timeout)
    dmp_set_tap_axes                         0x080045f9   Thumb Code    70  inv_mpu_dmp_motion_driver.o(i.dmp_set_tap_axes)
    dmp_set_tap_count                        0x0800463f   Thumb Code    38  inv_mpu_dmp_motion_driver.o(i.dmp_set_tap_count)
    dmp_set_tap_thresh                       0x08004665   Thumb Code   396  inv_mpu_dmp_motion_driver.o(i.dmp_set_tap_thresh)
    dmp_set_tap_time                         0x08004805   Thumb Code    38  inv_mpu_dmp_motion_driver.o(i.dmp_set_tap_time)
    dmp_set_tap_time_multi                   0x0800482b   Thumb Code    38  inv_mpu_dmp_motion_driver.o(i.dmp_set_tap_time_multi)
    fputc                                    0x08004851   Thumb Code    24  usart.o(i.fputc)
    fun_index2hz                             0x0800486d   Thumb Code   116  main.o(i.fun_index2hz)
    fun_lpf                                  0x080048e5   Thumb Code    74  main.o(i.fun_lpf)
    fun_map                                  0x08004939   Thumb Code    78  main.o(i.fun_map)
    inv_orientation_matrix_to_scalar         0x08004fc5   Thumb Code    40  inv_mpu.o(i.inv_orientation_matrix_to_scalar)
    inv_row_2_scale                          0x08004fed   Thumb Code    78  inv_mpu.o(i.inv_row_2_scale)
    main                                     0x0800503d   Thumb Code   184  main.o(i.main)
    mget_ms                                  0x08005109   Thumb Code     2  inv_mpu.o(i.mget_ms)
    mpu_configure_fifo                       0x0800510d   Thumb Code   106  inv_mpu.o(i.mpu_configure_fifo)
    mpu_dmp_get_data                         0x0800517d   Thumb Code   544  inv_mpu.o(i.mpu_dmp_get_data)
    mpu_dmp_init                             0x080053a1   Thumb Code   154  inv_mpu.o(i.mpu_dmp_init)
    mpu_get_accel_fsr                        0x08005441   Thumb Code    72  inv_mpu.o(i.mpu_get_accel_fsr)
    mpu_get_accel_sens                       0x0800548d   Thumb Code    78  inv_mpu.o(i.mpu_get_accel_sens)
    mpu_get_fifo_config                      0x080054e1   Thumb Code    12  inv_mpu.o(i.mpu_get_fifo_config)
    mpu_get_gyro_fsr                         0x080054f1   Thumb Code    64  inv_mpu.o(i.mpu_get_gyro_fsr)
    mpu_get_gyro_sens                        0x08005535   Thumb Code    58  inv_mpu.o(i.mpu_get_gyro_sens)
    mpu_get_lpf                              0x08005585   Thumb Code    74  inv_mpu.o(i.mpu_get_lpf)
    mpu_get_sample_rate                      0x080055d5   Thumb Code    26  inv_mpu.o(i.mpu_get_sample_rate)
    mpu_init                                 0x080055f5   Thumb Code   416  inv_mpu.o(i.mpu_init)
    mpu_load_firmware                        0x080057e5   Thumb Code   180  inv_mpu.o(i.mpu_load_firmware)
    mpu_lp_accel_mode                        0x0800589d   Thumb Code   218  inv_mpu.o(i.mpu_lp_accel_mode)
    mpu_read_fifo_stream                     0x0800597d   Thumb Code   186  inv_mpu.o(i.mpu_read_fifo_stream)
    mpu_read_mem                             0x08005a3d   Thumb Code   122  inv_mpu.o(i.mpu_read_mem)
    mpu_reset_fifo                           0x08005abd   Thumb Code   450  inv_mpu.o(i.mpu_reset_fifo)
    mpu_run_self_test                        0x08005c85   Thumb Code   278  inv_mpu.o(i.mpu_run_self_test)
    mpu_set_accel_fsr                        0x08005da1   Thumb Code   126  inv_mpu.o(i.mpu_set_accel_fsr)
    mpu_set_bypass                           0x08005e25   Thumb Code   328  inv_mpu.o(i.mpu_set_bypass)
    mpu_set_dmp_state                        0x08005f71   Thumb Code   138  inv_mpu.o(i.mpu_set_dmp_state)
    mpu_set_gyro_fsr                         0x08006001   Thumb Code   132  inv_mpu.o(i.mpu_set_gyro_fsr)
    mpu_set_int_latched                      0x08006089   Thumb Code   102  inv_mpu.o(i.mpu_set_int_latched)
    mpu_set_lpf                              0x080060f5   Thumb Code   126  inv_mpu.o(i.mpu_set_lpf)
    mpu_set_sample_rate                      0x08006179   Thumb Code   152  inv_mpu.o(i.mpu_set_sample_rate)
    mpu_set_sensors                          0x08006215   Thumb Code   202  inv_mpu.o(i.mpu_set_sensors)
    mpu_write_mem                            0x080062e5   Thumb Code   122  inv_mpu.o(i.mpu_write_mem)
    read_addr                                0x08006365   Thumb Code     6  usmart.o(i.read_addr)
    resp_rate_cal                            0x0800636d   Thumb Code   216  main.o(i.resp_rate_cal)
    run_self_test                            0x08006465   Thumb Code   148  inv_mpu.o(i.run_self_test)
    sortindex                                0x08006589   Thumb Code   108  main.o(i.sortindex)
    sqrt                                     0x080065f5   Thumb Code    76  sqrt.o(i.sqrt)
    sqrtf                                    0x08006641   Thumb Code    44  sqrtf.o(i.sqrtf)
    usmart_cmd_rec                           0x0800666d   Thumb Code   170  usmart.o(i.usmart_cmd_rec)
    usmart_exe                               0x0800671d   Thumb Code   632  usmart.o(i.usmart_exe)
    usmart_get_aparm                         0x080069f1   Thumb Code   212  usmart_str.o(i.usmart_get_aparm)
    usmart_get_cmdname                       0x08006ac5   Thumb Code    54  usmart_str.o(i.usmart_get_cmdname)
    usmart_get_fname                         0x08006afd   Thumb Code   440  usmart_str.o(i.usmart_get_fname)
    usmart_get_fparam                        0x08006cbd   Thumb Code   262  usmart_str.o(i.usmart_get_fparam)
    usmart_get_parmpos                       0x08006dc9   Thumb Code    26  usmart_str.o(i.usmart_get_parmpos)
    usmart_get_runtime                       0x08006de9   Thumb Code    56  usmart.o(i.usmart_get_runtime)
    usmart_init                              0x08006e29   Thumb Code    36  usmart.o(i.usmart_init)
    usmart_pow                               0x08006e51   Thumb Code    22  usmart_str.o(i.usmart_pow)
    usmart_reset_runtime                     0x08006e69   Thumb Code    38  usmart.o(i.usmart_reset_runtime)
    usmart_scan                              0x08006e99   Thumb Code   120  usmart.o(i.usmart_scan)
    usmart_search_nextc                      0x08006f55   Thumb Code    22  usmart_str.o(i.usmart_search_nextc)
    usmart_str2num                           0x08006f6b   Thumb Code   262  usmart_str.o(i.usmart_str2num)
    usmart_strcmp                            0x08007071   Thumb Code    34  usmart_str.o(i.usmart_strcmp)
    usmart_strcopy                           0x08007093   Thumb Code    22  usmart_str.o(i.usmart_strcopy)
    usmart_strlen                            0x080070a9   Thumb Code    24  usmart_str.o(i.usmart_strlen)
    usmart_sys_cmd_exe                       0x080070c1   Thumb Code  1570  usmart.o(i.usmart_sys_cmd_exe)
    write_addr                               0x080077b5   Thumb Code     4  usmart.o(i.write_addr)
    __aeabi_d2f                              0x080077b9   Thumb Code     0  d2f.o(x$fpl$d2f)
    _d2f                                     0x080077b9   Thumb Code    98  d2f.o(x$fpl$d2f)
    __aeabi_dadd                             0x0800781d   Thumb Code     0  daddsub_clz.o(x$fpl$dadd)
    _dadd                                    0x0800781d   Thumb Code   332  daddsub_clz.o(x$fpl$dadd)
    __fpl_dcheck_NaN1                        0x0800796d   Thumb Code    10  dcheck1.o(x$fpl$dcheck1)
    __fpl_dcmp_Inf                           0x0800797d   Thumb Code    24  dcmpi.o(x$fpl$dcmpinf)
    __aeabi_ddiv                             0x08007995   Thumb Code     0  ddiv.o(x$fpl$ddiv)
    _ddiv                                    0x08007995   Thumb Code   552  ddiv.o(x$fpl$ddiv)
    __aeabi_i2d                              0x08007c45   Thumb Code     0  dflt_clz.o(x$fpl$dflt)
    _dflt                                    0x08007c45   Thumb Code    46  dflt_clz.o(x$fpl$dflt)
    __aeabi_cdcmple                          0x08007c75   Thumb Code     0  dleqf.o(x$fpl$dleqf)
    _dcmple                                  0x08007c75   Thumb Code   120  dleqf.o(x$fpl$dleqf)
    __fpl_dcmple_InfNaN                      0x08007cd7   Thumb Code     0  dleqf.o(x$fpl$dleqf)
    __aeabi_dmul                             0x08007ced   Thumb Code     0  dmul.o(x$fpl$dmul)
    _dmul                                    0x08007ced   Thumb Code   332  dmul.o(x$fpl$dmul)
    __fpl_dnaninf                            0x08007e41   Thumb Code   156  dnaninf.o(x$fpl$dnaninf)
    __fpl_dretinf                            0x08007edd   Thumb Code    12  dretinf.o(x$fpl$dretinf)
    __aeabi_cdrcmple                         0x08007ee9   Thumb Code     0  drleqf.o(x$fpl$drleqf)
    _drcmple                                 0x08007ee9   Thumb Code   108  drleqf.o(x$fpl$drleqf)
    __aeabi_drsub                            0x08007f55   Thumb Code     0  daddsub_clz.o(x$fpl$drsb)
    _drsb                                    0x08007f55   Thumb Code    22  daddsub_clz.o(x$fpl$drsb)
    _dsqrt                                   0x08007f6d   Thumb Code   456  dsqrt_noumaal.o(x$fpl$dsqrt)
    __aeabi_dsub                             0x08008139   Thumb Code     0  daddsub_clz.o(x$fpl$dsub)
    _dsub                                    0x08008139   Thumb Code   464  daddsub_clz.o(x$fpl$dsub)
    __aeabi_f2d                              0x0800830d   Thumb Code     0  f2d.o(x$fpl$f2d)
    _f2d                                     0x0800830d   Thumb Code    86  f2d.o(x$fpl$f2d)
    __aeabi_fadd                             0x08008365   Thumb Code     0  faddsub_clz.o(x$fpl$fadd)
    _fadd                                    0x08008365   Thumb Code   196  faddsub_clz.o(x$fpl$fadd)
    __fpl_fcmp_Inf                           0x08008429   Thumb Code    24  fcmpi.o(x$fpl$fcmpinf)
    __aeabi_fdiv                             0x08008441   Thumb Code     0  fdiv.o(x$fpl$fdiv)
    _fdiv                                    0x08008441   Thumb Code   384  fdiv.o(x$fpl$fdiv)
    __aeabi_cfcmpeq                          0x080085c5   Thumb Code     0  feqf.o(x$fpl$feqf)
    _fcmpeq                                  0x080085c5   Thumb Code   104  feqf.o(x$fpl$feqf)
    __aeabi_f2iz                             0x0800862d   Thumb Code     0  ffix.o(x$fpl$ffix)
    _ffix                                    0x0800862d   Thumb Code    54  ffix.o(x$fpl$ffix)
    __aeabi_f2uiz                            0x08008665   Thumb Code     0  ffixu.o(x$fpl$ffixu)
    _ffixu                                   0x08008665   Thumb Code    62  ffixu.o(x$fpl$ffixu)
    __aeabi_i2f                              0x080086a5   Thumb Code     0  fflt_clz.o(x$fpl$fflt)
    _fflt                                    0x080086a5   Thumb Code    48  fflt_clz.o(x$fpl$fflt)
    __aeabi_ui2f                             0x080086d5   Thumb Code     0  fflt_clz.o(x$fpl$ffltu)
    _ffltu                                   0x080086d5   Thumb Code    38  fflt_clz.o(x$fpl$ffltu)
    __aeabi_cfcmple                          0x080086fd   Thumb Code     0  fleqf.o(x$fpl$fleqf)
    _fcmple                                  0x080086fd   Thumb Code   104  fleqf.o(x$fpl$fleqf)
    __fpl_fcmple_InfNaN                      0x0800874f   Thumb Code     0  fleqf.o(x$fpl$fleqf)
    __aeabi_fmul                             0x08008765   Thumb Code     0  fmul.o(x$fpl$fmul)
    _fmul                                    0x08008765   Thumb Code   258  fmul.o(x$fpl$fmul)
    __fpl_fnaninf                            0x08008867   Thumb Code   140  fnaninf.o(x$fpl$fnaninf)
    __fpl_fretinf                            0x080088f3   Thumb Code    10  fretinf.o(x$fpl$fretinf)
    __aeabi_cfrcmple                         0x080088fd   Thumb Code     0  frleqf.o(x$fpl$frleqf)
    _frcmple                                 0x080088fd   Thumb Code    98  frleqf.o(x$fpl$frleqf)
    __aeabi_frsub                            0x0800895f   Thumb Code     0  faddsub_clz.o(x$fpl$frsb)
    _frsb                                    0x0800895f   Thumb Code    20  faddsub_clz.o(x$fpl$frsb)
    _fsqrt                                   0x08008975   Thumb Code   272  fsqrt.o(x$fpl$fsqrt)
    __aeabi_fsub                             0x08008a85   Thumb Code     0  faddsub_clz.o(x$fpl$fsub)
    _fsub                                    0x08008a85   Thumb Code   234  faddsub_clz.o(x$fpl$fsub)
    __fpl_return_NaN                         0x08008b6f   Thumb Code   100  retnan.o(x$fpl$retnan)
    __ARM_scalbn                             0x08008bd3   Thumb Code    92  scalbn.o(x$fpl$scalbn)
    __fpl_cmpreturn                          0x08008c2f   Thumb Code    48  trapv.o(x$fpl$trapveneer)
    __I$use$fp                               0x08008c5e   Number         0  usenofp.o(x$fpl$usenofp)
    firCoeffs32                              0x08008c60   Data          80  main.o(.constdata)
    reg                                      0x08008cb0   Data          27  inv_mpu.o(.constdata)
    hw                                       0x08008ccc   Data          12  inv_mpu.o(.constdata)
    test                                     0x08008cd8   Data          40  inv_mpu.o(.constdata)
    arm_cfft_sR_f32_len1024                  0x080098f8   Data          16  arm_const_structs.o(.constdata)
    twiddleCoef_1024                         0x08009908   Data        8192  arm_common_tables.o(.constdata)
    armBitRevIndexTable1024                  0x0800b908   Data        3600  arm_common_tables.o(.constdata)
    __mathlib_zero                           0x0800c840   Data           8  qnan.o(.constdata)
    Region$$Table$$Base                      0x0800c98c   Number         0  anon$$obj.o(Region$$Table)
    Region$$Table$$Limit                     0x0800c9ac   Number         0  anon$$obj.o(Region$$Table)
    fftSize                                  0x20000008   Data           4  main.o(.data)
    ifftFlag                                 0x2000000c   Data           4  main.o(.data)
    doBitReverse                             0x20000010   Data           4  main.o(.data)
    breath_rate                              0x20000018   Data           4  main.o(.data)
    __stdout                                 0x20000058   Data           4  usart.o(.data)
    USART_RX_STA                             0x2000005c   Data           2  usart.o(.data)
    sys_cmd_tab                              0x20000060   Data          28  usmart.o(.data)
    usmart_nametab                           0x2000007c   Data          56  usmart_config.o(.data)
    usmart_dev                               0x200000b4   Data         244  usmart_config.o(.data)
    indata                                   0x200019f8   Data        6144  main.o(.bss)
    USART_RX_BUF                             0x20003208   Data         200  usart.o(.bss)
    __libspace_start                         0x200032d0   Data          96  libspace.o(.bss)
    __temporary_stack_top$libspace           0x20003330   Data           0  libspace.o(.bss)



==============================================================================

Memory Map of the image

  Image Entry point : 0x080000ed

  Load Region LR_IROM1 (Base: 0x08000000, Size: 0x0000cb54, Max: 0x00080000, ABSOLUTE, COMPRESSED[0x0000ca2c])

    Execution Region ER_IROM1 (Exec base: 0x08000000, Load base: 0x08000000, Size: 0x0000c9ac, Max: 0x00080000, ABSOLUTE)

    Exec Addr    Load Addr    Size         Type   Attr      Idx    E Section Name        Object

    0x08000000   0x08000000   0x000000ec   Data   RO          218    RESET               stm32f10x.o
    0x080000ec   0x080000ec   0x00000008   Code   RO         2188  * !!!main             c_w.l(__main.o)
    0x080000f4   0x080000f4   0x00000034   Code   RO         2531    !!!scatter          c_w.l(__scatter.o)
    0x08000128   0x08000128   0x0000005a   Code   RO         2529    !!dczerorl2         c_w.l(__dczerorl2.o)
    0x08000182   0x08000182   0x00000002   PAD
    0x08000184   0x08000184   0x0000001c   Code   RO         2533    !!handler_zi        c_w.l(__scatter_zi.o)
    0x080001a0   0x080001a0   0x000000c0   Code   RO         2027    . text              arm_cortexM3l_math.lib(arm_bitreversal2.o)
    0x08000260   0x08000260   0x00000000   Code   RO         2177    .ARM.Collect$$_printf_percent$$00000000  c_w.l(_printf_percent.o)
    0x08000260   0x08000260   0x00000006   Code   RO         2175    .ARM.Collect$$_printf_percent$$00000009  c_w.l(_printf_d.o)
    0x08000266   0x08000266   0x00000006   Code   RO         2176    .ARM.Collect$$_printf_percent$$0000000A  c_w.l(_printf_u.o)
    0x0800026c   0x0800026c   0x00000006   Code   RO         2174    .ARM.Collect$$_printf_percent$$0000000C  c_w.l(_printf_x.o)
    0x08000272   0x08000272   0x00000006   Code   RO         2172    .ARM.Collect$$_printf_percent$$00000013  c_w.l(_printf_c.o)
    0x08000278   0x08000278   0x00000006   Code   RO         2173    .ARM.Collect$$_printf_percent$$00000014  c_w.l(_printf_s.o)
    0x0800027e   0x0800027e   0x00000004   Code   RO         2291    .ARM.Collect$$_printf_percent$$00000017  c_w.l(_printf_percent_end.o)
    0x08000282   0x08000282   0x00000002   Code   RO         2398    .ARM.Collect$$libinit$$00000000  c_w.l(libinit.o)
    0x08000284   0x08000284   0x00000000   Code   RO         2408    .ARM.Collect$$libinit$$00000002  c_w.l(libinit2.o)
    0x08000284   0x08000284   0x00000000   Code   RO         2410    .ARM.Collect$$libinit$$00000004  c_w.l(libinit2.o)
    0x08000284   0x08000284   0x00000000   Code   RO         2413    .ARM.Collect$$libinit$$0000000A  c_w.l(libinit2.o)
    0x08000284   0x08000284   0x00000000   Code   RO         2415    .ARM.Collect$$libinit$$0000000C  c_w.l(libinit2.o)
    0x08000284   0x08000284   0x00000000   Code   RO         2417    .ARM.Collect$$libinit$$0000000E  c_w.l(libinit2.o)
    0x08000284   0x08000284   0x00000000   Code   RO         2420    .ARM.Collect$$libinit$$00000011  c_w.l(libinit2.o)
    0x08000284   0x08000284   0x00000000   Code   RO         2422    .ARM.Collect$$libinit$$00000013  c_w.l(libinit2.o)
    0x08000284   0x08000284   0x00000000   Code   RO         2424    .ARM.Collect$$libinit$$00000015  c_w.l(libinit2.o)
    0x08000284   0x08000284   0x00000000   Code   RO         2426    .ARM.Collect$$libinit$$00000017  c_w.l(libinit2.o)
    0x08000284   0x08000284   0x00000000   Code   RO         2428    .ARM.Collect$$libinit$$00000019  c_w.l(libinit2.o)
    0x08000284   0x08000284   0x00000000   Code   RO         2430    .ARM.Collect$$libinit$$0000001B  c_w.l(libinit2.o)
    0x08000284   0x08000284   0x00000000   Code   RO         2432    .ARM.Collect$$libinit$$0000001D  c_w.l(libinit2.o)
    0x08000284   0x08000284   0x00000000   Code   RO         2434    .ARM.Collect$$libinit$$0000001F  c_w.l(libinit2.o)
    0x08000284   0x08000284   0x00000000   Code   RO         2436    .ARM.Collect$$libinit$$00000021  c_w.l(libinit2.o)
    0x08000284   0x08000284   0x00000000   Code   RO         2438    .ARM.Collect$$libinit$$00000023  c_w.l(libinit2.o)
    0x08000284   0x08000284   0x00000000   Code   RO         2440    .ARM.Collect$$libinit$$00000025  c_w.l(libinit2.o)
    0x08000284   0x08000284   0x00000000   Code   RO         2444    .ARM.Collect$$libinit$$0000002C  c_w.l(libinit2.o)
    0x08000284   0x08000284   0x00000000   Code   RO         2446    .ARM.Collect$$libinit$$0000002E  c_w.l(libinit2.o)
    0x08000284   0x08000284   0x00000000   Code   RO         2448    .ARM.Collect$$libinit$$00000030  c_w.l(libinit2.o)
    0x08000284   0x08000284   0x00000000   Code   RO         2450    .ARM.Collect$$libinit$$00000032  c_w.l(libinit2.o)
    0x08000284   0x08000284   0x00000002   Code   RO         2451    .ARM.Collect$$libinit$$00000033  c_w.l(libinit2.o)
    0x08000286   0x08000286   0x00000002   Code   RO         2481    .ARM.Collect$$libshutdown$$00000000  c_w.l(libshutdown.o)
    0x08000288   0x08000288   0x00000000   Code   RO         2495    .ARM.Collect$$libshutdown$$00000002  c_w.l(libshutdown2.o)
    0x08000288   0x08000288   0x00000000   Code   RO         2497    .ARM.Collect$$libshutdown$$00000004  c_w.l(libshutdown2.o)
    0x08000288   0x08000288   0x00000000   Code   RO         2500    .ARM.Collect$$libshutdown$$00000007  c_w.l(libshutdown2.o)
    0x08000288   0x08000288   0x00000000   Code   RO         2503    .ARM.Collect$$libshutdown$$0000000A  c_w.l(libshutdown2.o)
    0x08000288   0x08000288   0x00000000   Code   RO         2505    .ARM.Collect$$libshutdown$$0000000C  c_w.l(libshutdown2.o)
    0x08000288   0x08000288   0x00000000   Code   RO         2508    .ARM.Collect$$libshutdown$$0000000F  c_w.l(libshutdown2.o)
    0x08000288   0x08000288   0x00000002   Code   RO         2509    .ARM.Collect$$libshutdown$$00000010  c_w.l(libshutdown2.o)
    0x0800028a   0x0800028a   0x00000000   Code   RO         2280    .ARM.Collect$$rtentry$$00000000  c_w.l(__rtentry.o)
    0x0800028a   0x0800028a   0x00000000   Code   RO         2349    .ARM.Collect$$rtentry$$00000002  c_w.l(__rtentry2.o)
    0x0800028a   0x0800028a   0x00000006   Code   RO         2361    .ARM.Collect$$rtentry$$00000004  c_w.l(__rtentry4.o)
    0x08000290   0x08000290   0x00000000   Code   RO         2351    .ARM.Collect$$rtentry$$00000009  c_w.l(__rtentry2.o)
    0x08000290   0x08000290   0x00000004   Code   RO         2352    .ARM.Collect$$rtentry$$0000000A  c_w.l(__rtentry2.o)
    0x08000294   0x08000294   0x00000000   Code   RO         2354    .ARM.Collect$$rtentry$$0000000C  c_w.l(__rtentry2.o)
    0x08000294   0x08000294   0x00000008   Code   RO         2355    .ARM.Collect$$rtentry$$0000000D  c_w.l(__rtentry2.o)
    0x0800029c   0x0800029c   0x00000002   Code   RO         2401    .ARM.Collect$$rtexit$$00000000  c_w.l(rtexit.o)
    0x0800029e   0x0800029e   0x00000000   Code   RO         2455    .ARM.Collect$$rtexit$$00000002  c_w.l(rtexit2.o)
    0x0800029e   0x0800029e   0x00000004   Code   RO         2456    .ARM.Collect$$rtexit$$00000003  c_w.l(rtexit2.o)
    0x080002a2   0x080002a2   0x00000006   Code   RO         2457    .ARM.Collect$$rtexit$$00000004  c_w.l(rtexit2.o)
    0x080002a8   0x080002a8   0x00000034   Code   RO          219    .text               stm32f10x.o
    0x080002dc   0x080002dc   0x00000050   Code   RO         1746    .text               arm_cortexM3l_math.lib(arm_cmplx_mag_f32.o)
    0x0800032c   0x0800032c   0x000008e2   Code   RO         1792    .text               arm_cortexM3l_math.lib(arm_fir_f32.o)
    0x08000c0e   0x08000c0e   0x0000001c   Code   RO         1819    .text               arm_cortexM3l_math.lib(arm_fir_init_f32.o)
    0x08000c2a   0x08000c2a   0x00000002   PAD
    0x08000c2c   0x08000c2c   0x00000a32   Code   RO         1843    .text               arm_cortexM3l_math.lib(arm_cfft_f32.o)
    0x0800165e   0x0800165e   0x00000002   PAD
    0x08001660   0x08001660   0x00000878   Code   RO         2006    .text               arm_cortexM3l_math.lib(arm_cfft_radix8_f32.o)
    0x08001ed8   0x08001ed8   0x00000002   Code   RO         2115    .text               c_w.l(use_no_semi_2.o)
    0x08001eda   0x08001eda   0x00000048   Code   RO         2117    .text               c_w.l(llsdiv.o)
    0x08001f22   0x08001f22   0x00000002   PAD
    0x08001f24   0x08001f24   0x00000018   Code   RO         2121    .text               c_w.l(noretval__2printf.o)
    0x08001f3c   0x08001f3c   0x0000004e   Code   RO         2125    .text               c_w.l(_printf_pad.o)
    0x08001f8a   0x08001f8a   0x00000052   Code   RO         2127    .text               c_w.l(_printf_str.o)
    0x08001fdc   0x08001fdc   0x00000078   Code   RO         2129    .text               c_w.l(_printf_dec.o)
    0x08002054   0x08002054   0x00000058   Code   RO         2134    .text               c_w.l(_printf_hex_int.o)
    0x080020ac   0x080020ac   0x00000188   Code   RO         2169    .text               c_w.l(__printf_flags_ss_wp.o)
    0x08002234   0x08002234   0x00000058   Code   RO         2178    .text               c_w.l(memcmp.o)
    0x0800228c   0x0800228c   0x00000010   Code   RO         2180    .text               c_w.l(aeabi_memset.o)
    0x0800229c   0x0800229c   0x0000004e   Code   RO         2182    .text               c_w.l(rt_memclr_w.o)
    0x080022ea   0x080022ea   0x00000006   Code   RO         2186    .text               c_w.l(heapauxi.o)
    0x080022f0   0x080022f0   0x00000002   Code   RO         2278    .text               c_w.l(use_no_semi.o)
    0x080022f2   0x080022f2   0x000000ee   Code   RO         2281    .text               c_w.l(lludivv7m.o)
    0x080023e0   0x080023e0   0x00000016   Code   RO         2283    .text               c_w.l(_rserrno.o)
    0x080023f6   0x080023f6   0x000000b2   Code   RO         2285    .text               c_w.l(_printf_intcommon.o)
    0x080024a8   0x080024a8   0x0000002c   Code   RO         2287    .text               c_w.l(_printf_char.o)
    0x080024d4   0x080024d4   0x00000024   Code   RO         2289    .text               c_w.l(_printf_char_file.o)
    0x080024f8   0x080024f8   0x00000044   Code   RO         2292    .text               c_w.l(rt_memclr.o)
    0x0800253c   0x0800253c   0x00000008   Code   RO         2370    .text               c_w.l(rt_errno_addr_intlibspace.o)
    0x08002544   0x08002544   0x00000030   Code   RO         2372    .text               c_w.l(_printf_char_common.o)
    0x08002574   0x08002574   0x00000008   Code   RO         2374    .text               c_w.l(ferror.o)
    0x0800257c   0x0800257c   0x00000008   Code   RO         2382    .text               c_w.l(libspace.o)
    0x08002584   0x08002584   0x0000004a   Code   RO         2385    .text               c_w.l(sys_stackheap_outer.o)
    0x080025ce   0x080025ce   0x00000012   Code   RO         2391    .text               c_w.l(exit.o)
    0x080025e0   0x080025e0   0x00000068   Code   RO            4    i.AngLocDes         main.o
    0x08002648   0x08002648   0x00000048   Code   RO            5    i.EXTI0_IRQHandler  main.o
    0x08002690   0x08002690   0x0000001a   Code   RO         1243    i.EXTIX_Init        exti.o
    0x080026aa   0x080026aa   0x00000002   PAD
    0x080026ac   0x080026ac   0x000000a0   Code   RO         1312    i.Ex_NVIC_Config    sys.o
    0x0800274c   0x0800274c   0x000000bc   Code   RO            6    i.GetBreathFreq     main.o
    0x08002808   0x08002808   0x000000cc   Code   RO            7    i.GetVariane        main.o
    0x080028d4   0x080028d4   0x00000030   Code   RO         1315    i.JTAG_Set          sys.o
    0x08002904   0x08002904   0x00000070   Code   RO          226    i.LED_Init          led.o
    0x08002974   0x08002974   0x00000068   Code   RO          597    i.MPU_Get_Temperature  mpu6050.o
    0x080029dc   0x080029dc   0x0000004c   Code   RO          520    i.MPU_IIC_Ack       mpuiic.o
    0x08002a28   0x08002a28   0x0000000a   Code   RO          521    i.MPU_IIC_Delay     mpuiic.o
    0x08002a32   0x08002a32   0x00000002   PAD
    0x08002a34   0x08002a34   0x0000003c   Code   RO          522    i.MPU_IIC_Init      mpuiic.o
    0x08002a70   0x08002a70   0x0000004c   Code   RO          523    i.MPU_IIC_NAck      mpuiic.o
    0x08002abc   0x08002abc   0x0000006c   Code   RO          524    i.MPU_IIC_Read_Byte  mpuiic.o
    0x08002b28   0x08002b28   0x0000005c   Code   RO          525    i.MPU_IIC_Send_Byte  mpuiic.o
    0x08002b84   0x08002b84   0x00000048   Code   RO          526    i.MPU_IIC_Start     mpuiic.o
    0x08002bcc   0x08002bcc   0x00000048   Code   RO          527    i.MPU_IIC_Stop      mpuiic.o
    0x08002c14   0x08002c14   0x00000064   Code   RO          528    i.MPU_IIC_Wait_Ack  mpuiic.o
    0x08002c78   0x08002c78   0x000000b4   Code   RO          598    i.MPU_Init          mpu6050.o
    0x08002d2c   0x08002d2c   0x0000003a   Code   RO          599    i.MPU_Read_Byte     mpu6050.o
    0x08002d66   0x08002d66   0x00000074   Code   RO          600    i.MPU_Read_Len      mpu6050.o
    0x08002dda   0x08002dda   0x00000010   Code   RO          601    i.MPU_Set_Accel_Fsr  mpu6050.o
    0x08002dea   0x08002dea   0x00000010   Code   RO          602    i.MPU_Set_Gyro_Fsr  mpu6050.o
    0x08002dfa   0x08002dfa   0x0000003a   Code   RO          603    i.MPU_Set_LPF       mpu6050.o
    0x08002e34   0x08002e34   0x0000003a   Code   RO          604    i.MPU_Set_Rate      mpu6050.o
    0x08002e6e   0x08002e6e   0x00000044   Code   RO          605    i.MPU_Write_Byte    mpu6050.o
    0x08002eb2   0x08002eb2   0x00000060   Code   RO          606    i.MPU_Write_Len     mpu6050.o
    0x08002f12   0x08002f12   0x00000002   PAD
    0x08002f14   0x08002f14   0x00000068   Code   RO         1316    i.MYRCC_DeInit      sys.o
    0x08002f7c   0x08002f7c   0x00000078   Code   RO         1317    i.MY_NVIC_Init      sys.o
    0x08002ff4   0x08002ff4   0x00000028   Code   RO         1318    i.MY_NVIC_PriorityGroupConfig  sys.o
    0x0800301c   0x0800301c   0x00000014   Code   RO         1319    i.MY_NVIC_SetVectorTable  sys.o
    0x08003030   0x08003030   0x00000090   Code   RO         1320    i.Stm32_Clock_Init  sys.o
    0x080030c0   0x080030c0   0x0000003c   Code   RO         1461    i.TIM4_IRQHandler   usmart.o
    0x080030fc   0x080030fc   0x00000050   Code   RO         1462    i.Timer4_Init       usmart.o
    0x0800314c   0x0800314c   0x00000084   Code   RO         1408    i.USART1_IRQHandler  usart.o
    0x080031d0   0x080031d0   0x00000028   Code   RO         2335    i.__ARM_fpclassify  m_ws.l(fpclassify.o)
    0x080031f8   0x080031f8   0x000000aa   Code   RO         2337    i.__kernel_poly     m_ws.l(poly.o)
    0x080032a2   0x080032a2   0x00000006   Code   RO         2322    i.__mathlib_dbl_infnan  m_ws.l(dunder.o)
    0x080032a8   0x080032a8   0x00000004   Code   RO         2323    i.__mathlib_dbl_infnan2  m_ws.l(dunder.o)
    0x080032ac   0x080032ac   0x0000000c   Code   RO         2324    i.__mathlib_dbl_invalid  m_ws.l(dunder.o)
    0x080032b8   0x080032b8   0x00000010   Code   RO         2327    i.__mathlib_dbl_underflow  m_ws.l(dunder.o)
    0x080032c8   0x080032c8   0x0000000e   Code   RO         2162    i._is_digit         c_w.l(__printf_wp.o)
    0x080032d6   0x080032d6   0x00000006   Code   RO         1409    i._sys_exit         usart.o
    0x080032dc   0x080032dc   0x000000ac   Code   RO          695    i.accel_self_test   inv_mpu.o
    0x08003388   0x08003388   0x00000044   Code   RO            8    i.arm_fft           main.o
    0x080033cc   0x080033cc   0x00000270   Code   RO         2253    i.asin              m_ws.l(asin.o)
    0x0800363c   0x0800363c   0x00000220   Code   RO         2312    i.atan              m_ws.l(atan.o)
    0x0800385c   0x0800385c   0x00000180   Code   RO         2263    i.atan2             m_ws.l(atan2.o)
    0x080039dc   0x080039dc   0x00000064   Code   RO         1045    i.decode_gesture    inv_mpu_dmp_motion_driver.o
    0x08003a40   0x08003a40   0x00000040   Code   RO         1270    i.delay_init        delay.o
    0x08003a80   0x08003a80   0x0000003c   Code   RO         1271    i.delay_ms          delay.o
    0x08003abc   0x08003abc   0x0000003c   Code   RO         1272    i.delay_us          delay.o
    0x08003af8   0x08003af8   0x000001a2   Code   RO            9    i.detrend           main.o
    0x08003c9a   0x08003c9a   0x0000003c   Code   RO         1046    i.dmp_enable_6x_lp_quat  inv_mpu_dmp_motion_driver.o
    0x08003cd6   0x08003cd6   0x00000002   PAD
    0x08003cd8   0x08003cd8   0x0000021c   Code   RO         1047    i.dmp_enable_feature  inv_mpu_dmp_motion_driver.o
    0x08003ef4   0x08003ef4   0x00000058   Code   RO         1048    i.dmp_enable_gyro_cal  inv_mpu_dmp_motion_driver.o
    0x08003f4c   0x08003f4c   0x0000003c   Code   RO         1049    i.dmp_enable_lp_quat  inv_mpu_dmp_motion_driver.o
    0x08003f88   0x08003f88   0x00000018   Code   RO         1054    i.dmp_load_motion_driver_firmware  inv_mpu_dmp_motion_driver.o
    0x08003fa0   0x08003fa0   0x000001cc   Code   RO         1055    i.dmp_read_fifo     inv_mpu_dmp_motion_driver.o
    0x0800416c   0x0800416c   0x00000130   Code   RO         1058    i.dmp_set_accel_bias  inv_mpu_dmp_motion_driver.o
    0x0800429c   0x0800429c   0x00000070   Code   RO         1059    i.dmp_set_fifo_rate  inv_mpu_dmp_motion_driver.o
    0x0800430c   0x0800430c   0x00000130   Code   RO         1060    i.dmp_set_gyro_bias  inv_mpu_dmp_motion_driver.o
    0x0800443c   0x0800443c   0x00000138   Code   RO         1062    i.dmp_set_orientation  inv_mpu_dmp_motion_driver.o
    0x08004574   0x08004574   0x00000038   Code   RO         1065    i.dmp_set_shake_reject_thresh  inv_mpu_dmp_motion_driver.o
    0x080045ac   0x080045ac   0x00000026   Code   RO         1066    i.dmp_set_shake_reject_time  inv_mpu_dmp_motion_driver.o
    0x080045d2   0x080045d2   0x00000026   Code   RO         1067    i.dmp_set_shake_reject_timeout  inv_mpu_dmp_motion_driver.o
    0x080045f8   0x080045f8   0x00000046   Code   RO         1068    i.dmp_set_tap_axes  inv_mpu_dmp_motion_driver.o
    0x0800463e   0x0800463e   0x00000026   Code   RO         1069    i.dmp_set_tap_count  inv_mpu_dmp_motion_driver.o
    0x08004664   0x08004664   0x000001a0   Code   RO         1070    i.dmp_set_tap_thresh  inv_mpu_dmp_motion_driver.o
    0x08004804   0x08004804   0x00000026   Code   RO         1071    i.dmp_set_tap_time  inv_mpu_dmp_motion_driver.o
    0x0800482a   0x0800482a   0x00000026   Code   RO         1072    i.dmp_set_tap_time_multi  inv_mpu_dmp_motion_driver.o
    0x08004850   0x08004850   0x0000001c   Code   RO         1410    i.fputc             usart.o
    0x0800486c   0x0800486c   0x00000078   Code   RO           10    i.fun_index2hz      main.o
    0x080048e4   0x080048e4   0x00000054   Code   RO           11    i.fun_lpf           main.o
    0x08004938   0x08004938   0x0000004e   Code   RO           12    i.fun_map           main.o
    0x08004986   0x08004986   0x00000002   PAD
    0x08004988   0x08004988   0x000000b4   Code   RO          696    i.get_accel_prod_shift  inv_mpu.o
    0x08004a3c   0x08004a3c   0x00000470   Code   RO          697    i.get_st_biases     inv_mpu.o
    0x08004eac   0x08004eac   0x00000118   Code   RO          698    i.gyro_self_test    inv_mpu.o
    0x08004fc4   0x08004fc4   0x00000028   Code   RO          699    i.inv_orientation_matrix_to_scalar  inv_mpu.o
    0x08004fec   0x08004fec   0x0000004e   Code   RO          700    i.inv_row_2_scale   inv_mpu.o
    0x0800503a   0x0800503a   0x00000002   PAD
    0x0800503c   0x0800503c   0x000000cc   Code   RO           13    i.main              main.o
    0x08005108   0x08005108   0x00000002   Code   RO          701    i.mget_ms           inv_mpu.o
    0x0800510a   0x0800510a   0x00000002   PAD
    0x0800510c   0x0800510c   0x00000070   Code   RO          702    i.mpu_configure_fifo  inv_mpu.o
    0x0800517c   0x0800517c   0x00000224   Code   RO          703    i.mpu_dmp_get_data  inv_mpu.o
    0x080053a0   0x080053a0   0x000000a0   Code   RO          704    i.mpu_dmp_init      inv_mpu.o
    0x08005440   0x08005440   0x0000004c   Code   RO          705    i.mpu_get_accel_fsr  inv_mpu.o
    0x0800548c   0x0800548c   0x00000054   Code   RO          707    i.mpu_get_accel_sens  inv_mpu.o
    0x080054e0   0x080054e0   0x00000010   Code   RO          712    i.mpu_get_fifo_config  inv_mpu.o
    0x080054f0   0x080054f0   0x00000044   Code   RO          713    i.mpu_get_gyro_fsr  inv_mpu.o
    0x08005534   0x08005534   0x00000050   Code   RO          715    i.mpu_get_gyro_sens  inv_mpu.o
    0x08005584   0x08005584   0x00000050   Code   RO          717    i.mpu_get_lpf       inv_mpu.o
    0x080055d4   0x080055d4   0x00000020   Code   RO          719    i.mpu_get_sample_rate  inv_mpu.o
    0x080055f4   0x080055f4   0x000001f0   Code   RO          721    i.mpu_init          inv_mpu.o
    0x080057e4   0x080057e4   0x000000b8   Code   RO          722    i.mpu_load_firmware  inv_mpu.o
    0x0800589c   0x0800589c   0x000000e0   Code   RO          723    i.mpu_lp_accel_mode  inv_mpu.o
    0x0800597c   0x0800597c   0x000000c0   Code   RO          726    i.mpu_read_fifo_stream  inv_mpu.o
    0x08005a3c   0x08005a3c   0x00000080   Code   RO          727    i.mpu_read_mem      inv_mpu.o
    0x08005abc   0x08005abc   0x000001c8   Code   RO          730    i.mpu_reset_fifo    inv_mpu.o
    0x08005c84   0x08005c84   0x0000011c   Code   RO          731    i.mpu_run_self_test  inv_mpu.o
    0x08005da0   0x08005da0   0x00000084   Code   RO          733    i.mpu_set_accel_fsr  inv_mpu.o
    0x08005e24   0x08005e24   0x0000014c   Code   RO          734    i.mpu_set_bypass    inv_mpu.o
    0x08005f70   0x08005f70   0x00000090   Code   RO          736    i.mpu_set_dmp_state  inv_mpu.o
    0x08006000   0x08006000   0x00000088   Code   RO          737    i.mpu_set_gyro_fsr  inv_mpu.o
    0x08006088   0x08006088   0x0000006c   Code   RO          738    i.mpu_set_int_latched  inv_mpu.o
    0x080060f4   0x080060f4   0x00000084   Code   RO          740    i.mpu_set_lpf       inv_mpu.o
    0x08006178   0x08006178   0x0000009c   Code   RO          741    i.mpu_set_sample_rate  inv_mpu.o
    0x08006214   0x08006214   0x000000d0   Code   RO          742    i.mpu_set_sensors   inv_mpu.o
    0x080062e4   0x080062e4   0x00000080   Code   RO          743    i.mpu_write_mem     inv_mpu.o
    0x08006364   0x08006364   0x00000006   Code   RO         1463    i.read_addr         usmart.o
    0x0800636a   0x0800636a   0x00000002   PAD
    0x0800636c   0x0800636c   0x000000f8   Code   RO           15    i.resp_rate_cal     main.o
    0x08006464   0x08006464   0x00000094   Code   RO          744    i.run_self_test     inv_mpu.o
    0x080064f8   0x080064f8   0x00000090   Code   RO          745    i.set_int_enable    inv_mpu.o
    0x08006588   0x08006588   0x0000006c   Code   RO           16    i.sortindex         main.o
    0x080065f4   0x080065f4   0x0000004c   Code   RO         2341    i.sqrt              m_ws.l(sqrt.o)
    0x08006640   0x08006640   0x0000002c   Code   RO         2271    i.sqrtf             m_ws.l(sqrtf.o)
    0x0800666c   0x0800666c   0x000000b0   Code   RO         1464    i.usmart_cmd_rec    usmart.o
    0x0800671c   0x0800671c   0x000002d4   Code   RO         1465    i.usmart_exe        usmart.o
    0x080069f0   0x080069f0   0x000000d4   Code   RO         1585    i.usmart_get_aparm  usmart_str.o
    0x08006ac4   0x08006ac4   0x00000036   Code   RO         1586    i.usmart_get_cmdname  usmart_str.o
    0x08006afa   0x08006afa   0x00000002   PAD
    0x08006afc   0x08006afc   0x000001c0   Code   RO         1587    i.usmart_get_fname  usmart_str.o
    0x08006cbc   0x08006cbc   0x0000010c   Code   RO         1588    i.usmart_get_fparam  usmart_str.o
    0x08006dc8   0x08006dc8   0x00000020   Code   RO         1589    i.usmart_get_parmpos  usmart_str.o
    0x08006de8   0x08006de8   0x00000040   Code   RO         1466    i.usmart_get_runtime  usmart.o
    0x08006e28   0x08006e28   0x00000028   Code   RO         1467    i.usmart_init       usmart.o
    0x08006e50   0x08006e50   0x00000016   Code   RO         1590    i.usmart_pow        usmart_str.o
    0x08006e66   0x08006e66   0x00000002   PAD
    0x08006e68   0x08006e68   0x00000030   Code   RO         1468    i.usmart_reset_runtime  usmart.o
    0x08006e98   0x08006e98   0x000000bc   Code   RO         1469    i.usmart_scan       usmart.o
    0x08006f54   0x08006f54   0x00000016   Code   RO         1591    i.usmart_search_nextc  usmart_str.o
    0x08006f6a   0x08006f6a   0x00000106   Code   RO         1592    i.usmart_str2num    usmart_str.o
    0x08007070   0x08007070   0x00000022   Code   RO         1593    i.usmart_strcmp     usmart_str.o
    0x08007092   0x08007092   0x00000016   Code   RO         1594    i.usmart_strcopy    usmart_str.o
    0x080070a8   0x080070a8   0x00000018   Code   RO         1595    i.usmart_strlen     usmart_str.o
    0x080070c0   0x080070c0   0x000006f4   Code   RO         1470    i.usmart_sys_cmd_exe  usmart.o
    0x080077b4   0x080077b4   0x00000004   Code   RO         1471    i.write_addr        usmart.o
    0x080077b8   0x080077b8   0x00000062   Code   RO         2190    x$fpl$d2f           fz_ws.l(d2f.o)
    0x0800781a   0x0800781a   0x00000002   PAD
    0x0800781c   0x0800781c   0x00000150   Code   RO         2192    x$fpl$dadd          fz_ws.l(daddsub_clz.o)
    0x0800796c   0x0800796c   0x00000010   Code   RO         2378    x$fpl$dcheck1       fz_ws.l(dcheck1.o)
    0x0800797c   0x0800797c   0x00000018   Code   RO         2294    x$fpl$dcmpinf       fz_ws.l(dcmpi.o)
    0x08007994   0x08007994   0x000002b0   Code   RO         2199    x$fpl$ddiv          fz_ws.l(ddiv.o)
    0x08007c44   0x08007c44   0x0000002e   Code   RO         2207    x$fpl$dflt          fz_ws.l(dflt_clz.o)
    0x08007c72   0x08007c72   0x00000002   PAD
    0x08007c74   0x08007c74   0x00000078   Code   RO         2212    x$fpl$dleqf         fz_ws.l(dleqf.o)
    0x08007cec   0x08007cec   0x00000154   Code   RO         2214    x$fpl$dmul          fz_ws.l(dmul.o)
    0x08007e40   0x08007e40   0x0000009c   Code   RO         2296    x$fpl$dnaninf       fz_ws.l(dnaninf.o)
    0x08007edc   0x08007edc   0x0000000c   Code   RO         2298    x$fpl$dretinf       fz_ws.l(dretinf.o)
    0x08007ee8   0x08007ee8   0x0000006c   Code   RO         2216    x$fpl$drleqf        fz_ws.l(drleqf.o)
    0x08007f54   0x08007f54   0x00000016   Code   RO         2193    x$fpl$drsb          fz_ws.l(daddsub_clz.o)
    0x08007f6a   0x08007f6a   0x00000002   PAD
    0x08007f6c   0x08007f6c   0x000001cc   Code   RO         2380    x$fpl$dsqrt         fz_ws.l(dsqrt_noumaal.o)
    0x08008138   0x08008138   0x000001d4   Code   RO         2194    x$fpl$dsub          fz_ws.l(daddsub_clz.o)
    0x0800830c   0x0800830c   0x00000056   Code   RO         2218    x$fpl$f2d           fz_ws.l(f2d.o)
    0x08008362   0x08008362   0x00000002   PAD
    0x08008364   0x08008364   0x000000c4   Code   RO         2220    x$fpl$fadd          fz_ws.l(faddsub_clz.o)
    0x08008428   0x08008428   0x00000018   Code   RO         2300    x$fpl$fcmpinf       fz_ws.l(fcmpi.o)
    0x08008440   0x08008440   0x00000184   Code   RO         2227    x$fpl$fdiv          fz_ws.l(fdiv.o)
    0x080085c4   0x080085c4   0x00000068   Code   RO         2230    x$fpl$feqf          fz_ws.l(feqf.o)
    0x0800862c   0x0800862c   0x00000036   Code   RO         2232    x$fpl$ffix          fz_ws.l(ffix.o)
    0x08008662   0x08008662   0x00000002   PAD
    0x08008664   0x08008664   0x0000003e   Code   RO         2236    x$fpl$ffixu         fz_ws.l(ffixu.o)
    0x080086a2   0x080086a2   0x00000002   PAD
    0x080086a4   0x080086a4   0x00000030   Code   RO         2241    x$fpl$fflt          fz_ws.l(fflt_clz.o)
    0x080086d4   0x080086d4   0x00000026   Code   RO         2240    x$fpl$ffltu         fz_ws.l(fflt_clz.o)
    0x080086fa   0x080086fa   0x00000002   PAD
    0x080086fc   0x080086fc   0x00000068   Code   RO         2246    x$fpl$fleqf         fz_ws.l(fleqf.o)
    0x08008764   0x08008764   0x00000102   Code   RO         2248    x$fpl$fmul          fz_ws.l(fmul.o)
    0x08008866   0x08008866   0x0000008c   Code   RO         2302    x$fpl$fnaninf       fz_ws.l(fnaninf.o)
    0x080088f2   0x080088f2   0x0000000a   Code   RO         2304    x$fpl$fretinf       fz_ws.l(fretinf.o)
    0x080088fc   0x080088fc   0x00000062   Code   RO         2250    x$fpl$frleqf        fz_ws.l(frleqf.o)
    0x0800895e   0x0800895e   0x00000014   Code   RO         2221    x$fpl$frsb          fz_ws.l(faddsub_clz.o)
    0x08008972   0x08008972   0x00000002   PAD
    0x08008974   0x08008974   0x00000110   Code   RO         2306    x$fpl$fsqrt         fz_ws.l(fsqrt.o)
    0x08008a84   0x08008a84   0x000000ea   Code   RO         2222    x$fpl$fsub          fz_ws.l(faddsub_clz.o)
    0x08008b6e   0x08008b6e   0x00000064   Code   RO         2399    x$fpl$retnan        fz_ws.l(retnan.o)
    0x08008bd2   0x08008bd2   0x0000005c   Code   RO         2308    x$fpl$scalbn        fz_ws.l(scalbn.o)
    0x08008c2e   0x08008c2e   0x00000030   Code   RO         2452    x$fpl$trapveneer    fz_ws.l(trapv.o)
    0x08008c5e   0x08008c5e   0x00000000   Code   RO         2310    x$fpl$usenofp       fz_ws.l(usenofp.o)
    0x08008c5e   0x08008c5e   0x00000002   PAD
    0x08008c60   0x08008c60   0x00000050   Data   RO           18    .constdata          main.o
    0x08008cb0   0x08008cb0   0x00000050   Data   RO          747    .constdata          inv_mpu.o
    0x08008d00   0x08008d00   0x00000bf6   Data   RO         1074    .constdata          inv_mpu_dmp_motion_driver.o
    0x080098f6   0x080098f6   0x00000002   PAD
    0x080098f8   0x080098f8   0x00000010   Data   RO         1877    .constdata          arm_cortexM3l_math.lib(arm_const_structs.o)
    0x08009908   0x08009908   0x00002000   Data   RO         2041    .constdata          arm_cortexM3l_math.lib(arm_common_tables.o)
    0x0800b908   0x0800b908   0x00000e10   Data   RO         2070    .constdata          arm_cortexM3l_math.lib(arm_common_tables.o)
    0x0800c718   0x0800c718   0x00000028   Data   RO         2135    .constdata          c_w.l(_printf_hex_int.o)
    0x0800c740   0x0800c740   0x00000011   Data   RO         2170    .constdata          c_w.l(__printf_flags_ss_wp.o)
    0x0800c751   0x0800c751   0x00000007   PAD
    0x0800c758   0x0800c758   0x00000050   Data   RO         2254    .constdata          m_ws.l(asin.o)
    0x0800c7a8   0x0800c7a8   0x00000098   Data   RO         2313    .constdata          m_ws.l(atan.o)
    0x0800c840   0x0800c840   0x00000008   Data   RO         2339    .constdata          m_ws.l(qnan.o)
    0x0800c848   0x0800c848   0x0000004d   Data   RO          748    .conststring        inv_mpu.o
    0x0800c895   0x0800c895   0x00000003   PAD
    0x0800c898   0x0800c898   0x00000028   Data   RO         1472    .conststring        usmart.o
    0x0800c8c0   0x0800c8c0   0x000000cb   Data   RO         1560    .conststring        usmart_config.o
    0x0800c98b   0x0800c98b   0x00000001   PAD
    0x0800c98c   0x0800c98c   0x00000020   Data   RO         2527    Region$$Table       anon$$obj.o


    Execution Region RW_IRAM1 (Exec base: 0x20000000, Load base: 0x0800c9ac, Size: 0x00003530, Max: 0x00010000, ABSOLUTE, COMPRESSED[0x00000080])

    Exec Addr    Load Addr    Size         Type   Attr      Idx    E Section Name        Object

    0x20000000   COMPRESSED   0x0000001c   Data   RW           19    .data               main.o
    0x2000001c   COMPRESSED   0x00000035   Data   RW          749    .data               inv_mpu.o
    0x20000051   COMPRESSED   0x00000001   PAD
    0x20000052   COMPRESSED   0x00000004   Data   RW         1273    .data               delay.o
    0x20000056   COMPRESSED   0x00000002   PAD
    0x20000058   COMPRESSED   0x00000006   Data   RW         1413    .data               usart.o
    0x2000005e   COMPRESSED   0x00000002   PAD
    0x20000060   COMPRESSED   0x0000001c   Data   RW         1473    .data               usmart.o
    0x2000007c   COMPRESSED   0x0000012c   Data   RW         1561    .data               usmart_config.o
    0x200001a8        -       0x00003050   Zero   RW           17    .bss                main.o
    0x200031f8        -       0x00000010   Zero   RW         1073    .bss                inv_mpu_dmp_motion_driver.o
    0x20003208        -       0x000000c8   Zero   RW         1412    .bss                usart.o
    0x200032d0        -       0x00000060   Zero   RW         2383    .bss                c_w.l(libspace.o)
    0x20003330        -       0x00000000   Zero   RW          217    HEAP                stm32f10x.o
    0x20003330        -       0x00000200   Zero   RW          216    STACK               stm32f10x.o


==============================================================================

Image component sizes


      Code (inc. data)   RO Data    RW Data    ZI Data      Debug   Object Name

       184         16          0          4          0       1719   delay.o
        26          0          0          0          0        449   exti.o
      6876        292        157         53          0      35935   inv_mpu.o
      3096        122       3062          0         16      20862   inv_mpu_dmp_motion_driver.o
       112         12          0          0          0        447   led.o
      1896        128         80         28      12368     231929   main.o
       770         30          0          0          0       6945   mpu6050.o
       666        102          0          0          0       4766   mpuiic.o
        52         18        236          0        512        768   stm32f10x.o
       636         68          0          0          0       4052   sys.o
       166         18          0          6        200       3512   usart.o
      3170       1350         40         28          0       7534   usmart.o
         0          0        203        300          0       1664   usmart_config.o
      1400         20          0          0          0       8733   usmart_str.o

    ----------------------------------------------------------------------
     19070       2176       3816        424      13096     329315   Object Totals
         0          0         32          0          0          0   (incl. Generated)
        20          0          6          5          0          0   (incl. Padding)

    ----------------------------------------------------------------------

      Code (inc. data)   RO Data    RW Data    ZI Data      Debug   Library Member Name

       192          0          0          0          0        524   arm_bitreversal2.o
      2610          0          0          0          0       3577   arm_cfft_f32.o
      2168         10          0          0          0       2519   arm_cfft_radix8_f32.o
        80          0          0          0          0      18908   arm_cmplx_mag_f32.o
         0          0      11792          0          0       4704   arm_common_tables.o
         0          0         16          0          0       4212   arm_const_structs.o
      2274          0          0          0          0      18442   arm_fir_f32.o
        28          0          0          0          0       1059   arm_fir_init_f32.o
        90          0          0          0          0          0   __dczerorl2.o
         8          0          0          0          0         68   __main.o
       392          4         17          0          0         92   __printf_flags_ss_wp.o
        14          0          0          0          0         68   __printf_wp.o
         0          0          0          0          0          0   __rtentry.o
        12          0          0          0          0          0   __rtentry2.o
         6          0          0          0          0          0   __rtentry4.o
        52          8          0          0          0          0   __scatter.o
        28          0          0          0          0          0   __scatter_zi.o
         6          0          0          0          0          0   _printf_c.o
        44          0          0          0          0        108   _printf_char.o
        48          6          0          0          0         96   _printf_char_common.o
        36          4          0          0          0         80   _printf_char_file.o
         6          0          0          0          0          0   _printf_d.o
       120         16          0          0          0         92   _printf_dec.o
        88          4         40          0          0         88   _printf_hex_int.o
       178          0          0          0          0         88   _printf_intcommon.o
        78          0          0          0          0        108   _printf_pad.o
         0          0          0          0          0          0   _printf_percent.o
         4          0          0          0          0          0   _printf_percent_end.o
         6          0          0          0          0          0   _printf_s.o
        82          0          0          0          0         80   _printf_str.o
         6          0          0          0          0          0   _printf_u.o
         6          0          0          0          0          0   _printf_x.o
        22          0          0          0          0        100   _rserrno.o
        16          0          0          0          0         68   aeabi_memset.o
        18          0          0          0          0         80   exit.o
         8          0          0          0          0         68   ferror.o
         6          0          0          0          0        152   heapauxi.o
         2          0          0          0          0          0   libinit.o
         2          0          0          0          0          0   libinit2.o
         2          0          0          0          0          0   libshutdown.o
         2          0          0          0          0          0   libshutdown2.o
         8          4          0          0         96         68   libspace.o
        72          0          0          0          0         76   llsdiv.o
       238          0          0          0          0        100   lludivv7m.o
        88          0          0          0          0         76   memcmp.o
        24          4          0          0          0         84   noretval__2printf.o
         8          4          0          0          0         68   rt_errno_addr_intlibspace.o
        68          0          0          0          0         68   rt_memclr.o
        78          0          0          0          0         80   rt_memclr_w.o
         2          0          0          0          0          0   rtexit.o
        10          0          0          0          0          0   rtexit2.o
        74          0          0          0          0         80   sys_stackheap_outer.o
         2          0          0          0          0         68   use_no_semi.o
         2          0          0          0          0         68   use_no_semi_2.o
        98          4          0          0          0         92   d2f.o
       826         16          0          0          0        348   daddsub_clz.o
        16          4          0          0          0         68   dcheck1.o
        24          0          0          0          0         68   dcmpi.o
       688        140          0          0          0        208   ddiv.o
        46          0          0          0          0         68   dflt_clz.o
       120          4          0          0          0         92   dleqf.o
       340         12          0          0          0        104   dmul.o
       156          4          0          0          0         92   dnaninf.o
        12          0          0          0          0         68   dretinf.o
       108          0          0          0          0         80   drleqf.o
       460         56          0          0          0        120   dsqrt_noumaal.o
        86          4          0          0          0         84   f2d.o
       450          8          0          0          0        236   faddsub_clz.o
        24          0          0          0          0         68   fcmpi.o
       388         76          0          0          0         96   fdiv.o
       104          4          0          0          0         84   feqf.o
        54          4          0          0          0         84   ffix.o
        62          4          0          0          0         84   ffixu.o
        86          0          0          0          0        136   fflt_clz.o
       104          4          0          0          0         84   fleqf.o
       258          4          0          0          0         84   fmul.o
       140          4          0          0          0         84   fnaninf.o
        10          0          0          0          0         68   fretinf.o
        98          0          0          0          0         68   frleqf.o
       272        100          0          0          0         88   fsqrt.o
       100          0          0          0          0         68   retnan.o
        92          0          0          0          0         68   scalbn.o
        48          0          0          0          0         68   trapv.o
         0          0          0          0          0          0   usenofp.o
       624         52         80          0          0        168   asin.o
       544         70        152          0          0        124   atan.o
       384         38          0          0          0        144   atan2.o
        38          6          0          0          0        272   dunder.o
        40          0          0          0          0         68   fpclassify.o
       170          0          0          0          0         96   poly.o
         0          0          8          0          0          0   qnan.o
        76          0          0          0          0         84   sqrt.o
        44          0          0          0          0         80   sqrtf.o

    ----------------------------------------------------------------------
     16630        682      12112          0         96      60213   Library Totals
        26          0          7          0          0          0   (incl. Padding)

    ----------------------------------------------------------------------

      Code (inc. data)   RO Data    RW Data    ZI Data      Debug   Library Name

      7352         10      11808          0          0      53945   arm_cortexM3l_math.lib
      2062         54         57          0         96       2272   c_w.l
      5270        452          0          0          0       2960   fz_ws.l
      1920        166        240          0          0       1036   m_ws.l

    ----------------------------------------------------------------------
     16630        682      12112          0         96      60213   Library Totals

    ----------------------------------------------------------------------

==============================================================================


      Code (inc. data)   RO Data    RW Data    ZI Data      Debug   

     35700       2858      15928        424      13192     379540   Grand Totals
     35700       2858      15928        128      13192     379540   ELF Image Totals (compressed)
     35700       2858      15928        128          0          0   ROM Totals

==============================================================================

    Total RO  Size (Code + RO Data)                51628 (  50.42kB)
    Total RW  Size (RW Data + ZI Data)             13616 (  13.30kB)
    Total ROM Size (Code + RO Data + RW Data)      51756 (  50.54kB)

==============================================================================

